Component: ARM Compiler 5.06 update 4 (build 422) Tool: armlink [4d35d2]

==============================================================================

Section Cross References

    main.o(.text) refers to clock.o(.text) for Clock_Init
    main.o(.text) refers to misc.o(.text) for NVIC_PriorityGroupConfig
    main.o(.text) refers to usart.o(.text) for USART1_Init
    main.o(.text) refers to systick.o(.text) for Delay_ms
    main.o(.text) refers to iic.o(.text) for IIC_Init
    main.o(.text) refers to log.o(.text) for DebugLog
    main.o(.text) refers to led.o(.text) for Led_Init
    main.o(.text) refers to adc.o(.text) for Adc_Init
    main.o(.text) refers to pwm.o(.text) for PWM_Init
    main.o(.text) refers to mpu6050.o(.text) for MPU6050_Init
    main.o(.text) refers to ms5611.o(.text) for MS5611_Init
    main.o(.text) refers to qmc5883.o(.text) for MAG_Init
    main.o(.text) refers to flash.o(.text) for Flash_Read_Sensor_Data
    main.o(.text) refers to nrf24l01.o(.text) for NRF24L01_Init
    main.o(.text) refers to stm32f10x_gpio.o(.text) for GPIO_ResetBits
    main.o(.text) refers to exti.o(.text) for EXTI12_Init
    main.o(.text) refers to position_control_gps.o(.text) for GPS_Position_PID_Para_Init
    main.o(.text) refers to timer.o(.text) for TIMER4_Init
    main.o(.text) refers to ms5611.o(.bss) for MS5611
    main.o(.text) refers to qmc5883.o(.bss) for MAG_Data
    main.o(.text) refers to mpu6050.o(.bss) for IMU_Data
    main.o(.text) refers to rc.o(.bss) for RC_flag
    main.o(.text) refers to pid.o(.data) for PID_STA
    led.o(.text) refers to system_stm32f10x.o(.text) for SystemInit
    led.o(.text) refers to stm32f10x_rcc.o(.text) for RCC_APB2PeriphClockCmd
    led.o(.text) refers to stm32f10x_gpio.o(.text) for GPIO_PinRemapConfig
    led.o(.text) refers to systick.o(.text) for Delay_ms
    clock.o(.text) refers to stm32f10x_rcc.o(.text) for RCC_DeInit
    clock.o(.text) refers to stm32f10x_flash.o(.text) for FLASH_SetLatency
    ms5611.o(.text) refers to iic.o(.text) for Api_IIC_Write_CMD
    ms5611.o(.text) refers to systick.o(.text) for Delay_ms
    ms5611.o(.text) refers to ffltui.o(.text) for __aeabi_ui2f
    ms5611.o(.text) refers to stm32f10x_gpio.o(.text) for GPIO_ResetBits
    ms5611.o(.text) refers to fdiv.o(.text) for __aeabi_fdiv
    ms5611.o(.text) refers to height.o(.text) for Press_To_Height
    ms5611.o(.text) refers to ffixi.o(.text) for __aeabi_f2iz
    ms5611.o(.text) refers to flash.o(.text) for FlashErase
    ms5611.o(.text) refers to fadd.o(.text) for __aeabi_fadd
    ms5611.o(.text) refers to ms5611.o(.bss) for MS5611
    ms5611.o(.text) refers to ms5611.o(.data) for cnt
    ms5611.o(.text) refers to height.o(.data) for real_height
    ms5611.o(.text) refers to rc.o(.bss) for RC_flag
    control.o(.text) refers to pwm.o(.text) for PWM_Set
    control.o(.text) refers to pid.o(.text) for PID_Reset_All
    control.o(.text) refers to f2d.o(.text) for __aeabi_f2d
    control.o(.text) refers to cdcmple.o(.text) for __aeabi_cdcmple
    control.o(.text) refers to cdrcmple.o(.text) for __aeabi_cdrcmple
    control.o(.text) refers to ffltui.o(.text) for __aeabi_ui2f
    control.o(.text) refers to fadd.o(.text) for __aeabi_fadd
    control.o(.text) refers to ffixui.o(.text) for __aeabi_f2uiz
    control.o(.text) refers to control.o(.data) for Fly_sta
    control.o(.text) refers to mpu6050.o(.bss) for IMU_Data
    control.o(.text) refers to qmc5883.o(.bss) for MAG_Data
    control.o(.text) refers to ms5611.o(.bss) for MS5611
    control.o(.text) refers to pid.o(.data) for PID_STA
    control.o(.text) refers to gps.o(.bss) for gps_data
    control.o(.text) refers to pwm.o(.data) for MOTOR
    control.o(.text) refers to imu.o(.data) for IMU
    control.o(.text) refers to rc.o(.bss) for RC_ctrl
    control.o(.text) refers to pid.o(.bss) for Pitch_rate_PID
    nrf24l01.o(.text) refers to stm32f10x_rcc.o(.text) for RCC_APB2PeriphClockCmd
    nrf24l01.o(.text) refers to stm32f10x_gpio.o(.text) for GPIO_Init
    nrf24l01.o(.text) refers to spi.o(.text) for SPI2_Init
    nrf24l01.o(.text) refers to systick.o(.text) for Delay_ms
    nrf24l01.o(.text) refers to nrf24l01.o(.constdata) for RX_ADDRESS_P0
    rc.o(.text) refers to nrf24l01.o(.text) for NRF_W_ACK_PAYLOAD
    rc.o(.text) refers to fmul.o(.text) for __aeabi_fmul
    rc.o(.text) refers to ffixui.o(.text) for __aeabi_f2uiz
    rc.o(.text) refers to dmul.o(.text) for __aeabi_dmul
    rc.o(.text) refers to dfixui.o(.text) for __aeabi_d2uiz
    rc.o(.text) refers to ffixi.o(.text) for __aeabi_f2iz
    rc.o(.text) refers to rc.o(.bss) for data_buff
    rc.o(.text) refers to memcpya.o(.text) for __aeabi_memcpy4
    rc.o(.text) refers to fflti.o(.text) for __aeabi_i2f
    rc.o(.text) refers to mpu6050.o(.bss) for IMU_Data
    rc.o(.text) refers to control.o(.data) for Fly_sta
    rc.o(.text) refers to height.o(.data) for real_speed_height
    rc.o(.text) refers to imu.o(.data) for IMU
[...]
    _printf_longlong_oct                     0x00000000   Number         0  stubs.o ABSOLUTE
    _printf_ls                               0x00000000   Number         0  stubs.o ABSOLUTE
    _printf_mbtowc                           0x00000000   Number         0  stubs.o ABSOLUTE
    _printf_n                                0x00000000   Number         0  stubs.o ABSOLUTE
    _printf_o                                0x00000000   Number         0  stubs.o ABSOLUTE
    _printf_p                                0x00000000   Number         0  stubs.o ABSOLUTE
    _printf_percent                          0x00000000   Number         0  stubs.o ABSOLUTE
    _printf_pre_padding                      0x00000000   Number         0  stubs.o ABSOLUTE
    _printf_return_value                     0x00000000   Number         0  stubs.o ABSOLUTE
    _printf_s                                0x00000000   Number         0  stubs.o ABSOLUTE
    _printf_sizespec                         0x00000000   Number         0  stubs.o ABSOLUTE
    _printf_str                              0x00000000   Number         0  stubs.o ABSOLUTE
    _printf_truncate_signed                  0x00000000   Number         0  stubs.o ABSOLUTE
    _printf_truncate_unsigned                0x00000000   Number         0  stubs.o ABSOLUTE
    _printf_u                                0x00000000   Number         0  stubs.o ABSOLUTE
    _printf_wc                               0x00000000   Number         0  stubs.o ABSOLUTE
    _printf_wctomb                           0x00000000   Number         0  stubs.o ABSOLUTE
    _printf_widthprec                        0x00000000   Number         0  stubs.o ABSOLUTE
    _printf_x                                0x00000000   Number         0  stubs.o ABSOLUTE
    __cpp_initialize__aeabi_                  - Undefined Weak Reference
    __cxa_finalize                            - Undefined Weak Reference
    _clock_init                               - Undefined Weak Reference
    _microlib_exit                            - Undefined Weak Reference
    __Vectors_Size                           0x000000ec   Number         0  startup_stm32f10x_md.o ABSOLUTE
    __Vectors                                0x08000000   Data           4  startup_stm32f10x_md.o(RESET)
    __Vectors_End                            0x080000ec   Data           0  startup_stm32f10x_md.o(RESET)
    __main                                   0x080000ed   Thumb Code     0  entry.o(.ARM.Collect$$$$00000000)
    _main_stk                                0x080000ed   Thumb Code     0  entry2.o(.ARM.Collect$$$$00000001)
    _main_scatterload                        0x080000f1   Thumb Code     0  entry5.o(.ARM.Collect$$$$00000004)
    __main_after_scatterload                 0x080000f5   Thumb Code     0  entry5.o(.ARM.Collect$$$$00000004)
    _main_clock                              0x080000f5   Thumb Code     0  entry7b.o(.ARM.Collect$$$$00000008)
    _main_cpp_init                           0x080000f5   Thumb Code     0  entry8b.o(.ARM.Collect$$$$0000000A)
    _main_init                               0x080000f5   Thumb Code     0  entry9a.o(.ARM.Collect$$$$0000000B)
    __rt_final_cpp                           0x080000fd   Thumb Code     0  entry10a.o(.ARM.Collect$$$$0000000D)
    __rt_final_exit                          0x080000fd   Thumb Code     0  entry11a.o(.ARM.Collect$$$$0000000F)
    main                                     0x08000101   Thumb Code   228  main.o(.text)
    NMI_Handler                              0x0800026d   Thumb Code     2  stm32f10x_it.o(.text)
    HardFault_Handler                        0x0800026f   Thumb Code     4  stm32f10x_it.o(.text)
    MemManage_Handler                        0x08000273   Thumb Code     4  stm32f10x_it.o(.text)
    BusFault_Handler                         0x08000277   Thumb Code     4  stm32f10x_it.o(.text)
    UsageFault_Handler                       0x0800027b   Thumb Code     4  stm32f10x_it.o(.text)
    SVC_Handler                              0x0800027f   Thumb Code     2  stm32f10x_it.o(.text)
    DebugMon_Handler                         0x08000281   Thumb Code     2  stm32f10x_it.o(.text)
    PendSV_Handler                           0x08000283   Thumb Code     2  stm32f10x_it.o(.text)
    SysTick_Handler                          0x08000285   Thumb Code     2  stm32f10x_it.o(.text)
    Led_Init                                 0x08000289   Thumb Code    70  led.o(.text)
    LedStart_Show                            0x080002cf   Thumb Code   108  led.o(.text)
    Delay_ms                                 0x08000345   Thumb Code    56  systick.o(.text)
    Delay_us                                 0x0800037d   Thumb Code    54  systick.o(.text)
    Clock_Init                               0x080003b3   Thumb Code   120  clock.o(.text)
    MS5611_Init                              0x080004f1   Thumb Code    88  ms5611.o(.text)
    MS5611_start_up                          0x0800056d   Thumb Code    12  ms5611.o(.text)
    MS5611_Data_Pros                         0x08000579   Thumb Code   450  ms5611.o(.text)
    MS5611_Get_Reff_P                        0x0800073b   Thumb Code   260  ms5611.o(.text)
    MS5611_Data_Update                       0x0800083f   Thumb Code   102  ms5611.o(.text)
    Control                                  0x080008d5   Thumb Code   562  control.o(.text)
    High_Handle                              0x08000b07   Thumb Code     2  control.o(.text)
    NRF24L01_RX_Data_Pros                    0x08000b55   Thumb Code     2  nrf24l01.o(.text)
    NRF24L01_Init                            0x08000b57   Thumb Code   102  nrf24l01.o(.text)
    NRF24L01_Read_Buf                        0x08000bbd   Thumb Code    66  nrf24l01.o(.text)
    NRF24L01_Write_Buf                       0x08000bff   Thumb Code    64  nrf24l01.o(.text)
    NRF24L01_Check                           0x08000c3f   Thumb Code    72  nrf24l01.o(.text)
    NRF24L01_Write_Reg                       0x08000c87   Thumb Code    44  nrf24l01.o(.text)
    NRF24L01_Read_Reg                        0x08000cb3   Thumb Code    42  nrf24l01.o(.text)
    NRF24L01_RX_Mode                         0x08000cdd   Thumb Code   104  nrf24l01.o(.text)
    NRF24L01_TX_Mode                         0x08000d45   Thumb Code    98  nrf24l01.o(.text)
    NRF_Flush_TX_FIFO                        0x08000da7   Thumb Code    22  nrf24l01.o(.text)
    NRF_R_FIFO_STA                           0x08000dbd   Thumb Code    24  nrf24l01.o(.text)
    NRF24L01_Send_Data                       0x08000dd5   Thumb Code    56  nrf24l01.o(.text)
    NRF_Flush_RX_FIFO                        0x08000e0d   Thumb Code    22  nrf24l01.o(.text)
    NRF_R_STATUS                             0x08000e23   Thumb Code    34  nrf24l01.o(.text)
    NRF_W_ACK_PAYLOAD                        0x08000e45   Thumb Code    34  nrf24l01.o(.text)
    NRF_R_RX_PL_WID                          0x08000e67   Thumb Code    10  nrf24l01.o(.text)
    NRF24L01_ReceiveData                     0x08000e71   Thumb Code    40  nrf24l01.o(.text)
    RC_Send_Power                            0x08000ebf   Thumb Code   174  rc.o(.text)
    RC_Send_GPS                              0x08000f6d   Thumb Code   498  rc.o(.text)
    RC_Send_Sensor                           0x0800115f   Thumb Code   392  rc.o(.text)
    RC_Send_STATUS                           0x080012e7   Thumb Code   376  rc.o(.text)
    RC_Send_CHECK                            0x0800145f   Thumb Code    66  rc.o(.text)
    RC_Send_PID                              0x080014a1   Thumb Code   520  rc.o(.text)
    RC_Send_MSG                              0x080016a9   Thumb Code    66  rc.o(.text)
    RC_Payload                               0x080016eb   Thumb Code   838  rc.o(.text)
    RC_Anl_PID                               0x08001a31   Thumb Code  1706  rc.o(.text)
    RC_Anl_CTRL                              0x080020db   Thumb Code    64  rc.o(.text)
    RC_Anl_CMD2                              0x0800211b   Thumb Code    32  rc.o(.text)
    RC_Anl_CMD1                              0x0800213b   Thumb Code   128  rc.o(.text)
    RC_Anl_BUFF                              0x080021bb   Thumb Code   170  rc.o(.text)
    NMEA_Pow                                 0x08002299   Thumb Code    22  gps.o(.text)
    NMEA_Str2num                             0x080022af   Thumb Code   234  gps.o(.text)
    NMEA_Comma_Pos                           0x08002399   Thumb Code    50  gps.o(.text)
    NMEA_GPVTG_Analysis                      0x080023cb   Thumb Code   168  gps.o(.text)
    NMEA_GPRMC_Analysis                      0x08002473   Thumb Code   682  gps.o(.text)
    NMEA_GPGSA_Analysis                      0x0800271d   Thumb Code   200  gps.o(.text)
    NMEA_GPGGA_Analysis                      0x080027e5   Thumb Code   114  gps.o(.text)
    NMEA_GPGSV_Analysis                      0x08002857   Thumb Code   290  gps.o(.text)
    GPS_Analysis                             0x08002979   Thumb Code   398  gps.o(.text)
    GPS_Show                                 0x08002b07   Thumb Code   420  gps.o(.text)
    Ublox_CheckSum                           0x08002cab   Thumb Code    40  gps.o(.text)
    Ublox_Cfg_Ack_Check                      0x08002cd3   Thumb Code   106  gps.o(.text)
    Ublox_Cfg_Cfg_Save                       0x08002d3d   Thumb Code   110  gps.o(.text)
    Ublox_Cfg_Msg                            0x08002dab   Thumb Code    82  gps.o(.text)
    Ublox_Cfg_Prt                            0x08002dfd   Thumb Code   106  gps.o(.text)
    Ublox_Cfg_Tp                             0x08002e67   Thumb Code   102  gps.o(.text)
    Ublox_Cfg_Rate                           0x08002ecd   Thumb Code    80  gps.o(.text)
    FlashErase                               0x08002f3d   Thumb Code    62  flash.o(.text)
    FlashWrite                               0x08002f7b   Thumb Code    66  flash.o(.text)
    FLASH_ReadHalfWord                       0x08002fbd   Thumb Code     6  flash.o(.text)
    FlashRead                                0x08002fc3   Thumb Code    36  flash.o(.text)
    FLASH_ReadMoreData                       0x08002fe7   Thumb Code    34  flash.o(.text)
    Flash_Read_Sensor_Data                   0x08003009   Thumb Code   304  flash.o(.text)
    Flash_Read_PID                           0x08003139   Thumb Code   674  flash.o(.text)
    MoveAvarageFilter                        0x08003415   Thumb Code   114  filter.o(.text)
    To_180_degrees                           0x08003489   Thumb Code    74  imu.o(.text)
    invSqrt                                  0x080034d3   Thumb Code    72  imu.o(.text)
    LIMIT                                    0x0800351b   Thumb Code    38  imu.o(.text)
    IMU_Update                               0x08003541   Thumb Code  1758  imu.o(.text)
    Press_To_Height                          0x08003c2d   Thumb Code   116  height.o(.text)
    Height_Control_Update                    0x08003ca1   Thumb Code   276  height.o(.text)
    GPS_Position_PID_Para_Init               0x08003e1d   Thumb Code    58  position_control_gps.o(.text)
    my_deathzoom_int32                       0x08003e57   Thumb Code    26  position_control_gps.o(.text)
    Position_Control_Update                  0x08003e71   Thumb Code   494  position_control_gps.o(.text)
    GPS_Positon_exchange_AHRS_Control        0x0800405f   Thumb Code    84  position_control_gps.o(.text)
    GPS_Control_Update                       0x080040b3   Thumb Code    32  position_control_gps.o(.text)
    MAG_Init                                 0x0800416f   Thumb Code    64  qmc5883.o(.text)
    MAG_Data_Update                          0x08004405   Thumb Code   846  qmc5883.o(.text)
    MAG_Error_Det                            0x08004753   Thumb Code   150  qmc5883.o(.text)
    MPU6050_Init                             0x08004843   Thumb Code   130  mpu6050.o(.text)
    IMU_Data_Update                          0x08004b0b   Thumb Code   574  mpu6050.o(.text)
    DebugLog                                 0x08004d59   Thumb Code    40  log.o(.text)
    PWM_Set                                  0x08004d85   Thumb Code   406  pwm.o(.text)
    PWM_Init                                 0x08004f1b   Thumb Code   244  pwm.o(.text)
    TIMER2_Init                              0x08005025   Thumb Code    98  timer.o(.text)
    TIMER4_Init                              0x08005087   Thumb Code   100  timer.o(.text)
    TIM2_IRQHandler                          0x080050eb   Thumb Code   170  timer.o(.text)
    TIM4_IRQHandler                          0x08005195   Thumb Code   230  timer.o(.text)
    PID_Yaw_Cal                              0x080052a9   Thumb Code   148  pid.o(.text)
    PID_Position_Cal                         0x0800533d   Thumb Code   140  pid.o(.text)
    PID_Reset_Integ                          0x080053c9   Thumb Code     6  pid.o(.text)
    PID_Cal_Update                           0x080053cf   Thumb Code   382  pid.o(.text)
    PID_Reset                                0x0800554d   Thumb Code    14  pid.o(.text)
    PID_Reset_All                            0x0800555b   Thumb Code    52  pid.o(.text)
    SPI2_Init                                0x080055fd   Thumb Code   130  spi.o(.text)
    SPI2_ReadWriteByte                       0x0800567f   Thumb Code    78  spi.o(.text)
    SPI2_SetSpeed                            0x080056cd   Thumb Code    36  spi.o(.text)
    EXTI12_Init                              0x080056f9   Thumb Code   114  exti.o(.text)
    EXTI15_10_IRQHandler                     0x0800576b   Thumb Code   110  exti.o(.text)
    USART1_SendData                          0x080057e5   Thumb Code    68  usart.o(.text)
    USART1_Init                              0x08005829   Thumb Code   194  usart.o(.text)
    USART1_IRQHandler                        0x080058eb   Thumb Code   152  usart.o(.text)
    USART2_SendData                          0x08005983   Thumb Code    78  usart.o(.text)
    USART2_Init                              0x080059d1   Thumb Code   192  usart.o(.text)
    USART2_IRQHandler                        0x08005a91   Thumb Code   144  usart.o(.text)
    USART1_DMA_Init                          0x08005b41   Thumb Code   170  dma.o(.text)
    DMA1_Channel4_IRQHandler                 0x08005beb   Thumb Code    46  dma.o(.text)
    USART2_DMA_Init                          0x08005c19   Thumb Code   166  dma.o(.text)
    DMA1_Channel7_IRQHandler                 0x08005cbf   Thumb Code    46  dma.o(.text)
    Adc_Init                                 0x08005d11   Thumb Code   152  adc.o(.text)
    Get_Battery_Inf                          0x08005da9   Thumb Code    98  adc.o(.text)
    Kalman_Height                            0x08005e25   Thumb Code  2526  kalman.o(.text)
    KalmanFilter_V                           0x08006803   Thumb Code   196  kalman.o(.text)
    IIC_Init                                 0x080068e9   Thumb Code    60  iic.o(.text)
    Api_IIC_Write_CMD                        0x08006b61   Thumb Code    36  iic.o(.text)
    Api_IIC_WriteBytes                       0x08006b85   Thumb Code   102  iic.o(.text)
    Api_IIC_ReadBytes                        0x08006beb   Thumb Code   124  iic.o(.text)
    Reset_Handler                            0x08006c6d   Thumb Code     8  startup_stm32f10x_md.o(.text)
    ADC1_2_IRQHandler                        0x08006c87   Thumb Code     0  startup_stm32f10x_md.o(.text)
    CAN1_RX1_IRQHandler                      0x08006c87   Thumb Code     0  startup_stm32f10x_md.o(.text)
    CAN1_SCE_IRQHandler                      0x08006c87   Thumb Code     0  startup_stm32f10x_md.o(.text)
    DMA1_Channel1_IRQHandler                 0x08006c87   Thumb Code     0  startup_stm32f10x_md.o(.text)
    DMA1_Channel2_IRQHandler                 0x08006c87   Thumb Code     0  startup_stm32f10x_md.o(.text)
    DMA1_Channel3_IRQHandler                 0x08006c87   Thumb Code     0  startup_stm32f10x_md.o(.text)
    DMA1_Channel5_IRQHandler                 0x08006c87   Thumb Code     0  startup_stm32f10x_md.o(.text)
    DMA1_Channel6_IRQHandler                 0x08006c87   Thumb Code     0  startup_stm32f10x_md.o(.text)
    EXTI0_IRQHandler                         0x08006c87   Thumb Code     0  startup_stm32f10x_md.o(.text)
    EXTI1_IRQHandler                         0x08006c87   Thumb Code     0  startup_stm32f10x_md.o(.text)
    EXTI2_IRQHandler                         0x08006c87   Thumb Code     0  startup_stm32f10x_md.o(.text)
    EXTI3_IRQHandler                         0x08006c87   Thumb Code     0  startup_stm32f10x_md.o(.text)
    EXTI4_IRQHandler                         0x08006c87   Thumb Code     0  startup_stm32f10x_md.o(.text)
    EXTI9_5_IRQHandler                       0x08006c87   Thumb Code     0  startup_stm32f10x_md.o(.text)
    FLASH_IRQHandler                         0x08006c87   Thumb Code     0  startup_stm32f10x_md.o(.text)
    I2C1_ER_IRQHandler                       0x08006c87   Thumb Code     0  startup_stm32f10x_md.o(.text)
    I2C1_EV_IRQHandler                       0x08006c87   Thumb Code     0  startup_stm32f10x_md.o(.text)
    I2C2_ER_IRQHandler                       0x08006c87   Thumb Code     0  startup_stm32f10x_md.o(.text)
    I2C2_EV_IRQHandler                       0x08006c87   Thumb Code     0  startup_stm32f10x_md.o(.text)
    PVD_IRQHandler                           0x08006c87   Thumb Code     0  startup_stm32f10x_md.o(.text)
    RCC_IRQHandler                           0x08006c87   Thumb Code     0  startup_stm32f10x_md.o(.text)
    RTCAlarm_IRQHandler                      0x08006c87   Thumb Code     0  startup_stm32f10x_md.o(.text)
    RTC_IRQHandler                           0x08006c87   Thumb Code     0  startup_stm32f10x_md.o(.text)
    SPI1_IRQHandler                          0x08006c87   Thumb Code     0  startup_stm32f10x_md.o(.text)
    SPI2_IRQHandler                          0x08006c87   Thumb Code     0  startup_stm32f10x_md.o(.text)
    TAMPER_IRQHandler                        0x08006c87   Thumb Code     0  startup_stm32f10x_md.o(.text)
    TIM1_BRK_IRQHandler                      0x08006c87   Thumb Code     0  startup_stm32f10x_md.o(.text)
    TIM1_CC_IRQHandler                       0x08006c87   Thumb Code     0  startup_stm32f10x_md.o(.text)
    TIM1_TRG_COM_IRQHandler                  0x08006c87   Thumb Code     0  startup_stm32f10x_md.o(.text)
    TIM1_UP_IRQHandler                       0x08006c87   Thumb Code     0  startup_stm32f10x_md.o(.text)
    TIM3_IRQHandler                          0x08006c87   Thumb Code     0  startup_stm32f10x_md.o(.text)
    USART3_IRQHandler                        0x08006c87   Thumb Code     0  startup_stm32f10x_md.o(.text)
    USBWakeUp_IRQHandler                     0x08006c87   Thumb Code     0  startup_stm32f10x_md.o(.text)
    USB_HP_CAN1_TX_IRQHandler                0x08006c87   Thumb Code     0  startup_stm32f10x_md.o(.text)
    USB_LP_CAN1_RX0_IRQHandler               0x08006c87   Thumb Code     0  startup_stm32f10x_md.o(.text)
    WWDG_IRQHandler                          0x08006c87   Thumb Code     0  startup_stm32f10x_md.o(.text)
    GPIO_DeInit                              0x08006c91   Thumb Code   172  stm32f10x_gpio.o(.text)
    GPIO_AFIODeInit                          0x08006d3d   Thumb Code    20  stm32f10x_gpio.o(.text)
    GPIO_Init                                0x08006d51   Thumb Code   278  stm32f10x_gpio.o(.text)
    GPIO_StructInit                          0x08006e67   Thumb Code    16  stm32f10x_gpio.o(.text)
    GPIO_ReadInputDataBit                    0x08006e77   Thumb Code    18  stm32f10x_gpio.o(.text)
    GPIO_ReadInputData                       0x08006e89   Thumb Code     8  stm32f10x_gpio.o(.text)
    GPIO_ReadOutputDataBit                   0x08006e91   Thumb Code    18  stm32f10x_gpio.o(.text)
    GPIO_ReadOutputData                      0x08006ea3   Thumb Code     8  stm32f10x_gpio.o(.text)
    GPIO_SetBits                             0x08006eab   Thumb Code     4  stm32f10x_gpio.o(.text)
    GPIO_ResetBits                           0x08006eaf   Thumb Code     4  stm32f10x_gpio.o(.text)
    GPIO_WriteBit                            0x08006eb3   Thumb Code    10  stm32f10x_gpio.o(.text)
    GPIO_Write                               0x08006ebd   Thumb Code     4  stm32f10x_gpio.o(.text)
    GPIO_PinLockConfig                       0x08006ec1   Thumb Code    18  stm32f10x_gpio.o(.text)
    GPIO_EventOutputConfig                   0x08006ed3   Thumb Code    26  stm32f10x_gpio.o(.text)
    GPIO_EventOutputCmd                      0x08006eed   Thumb Code     6  stm32f10x_gpio.o(.text)
    GPIO_PinRemapConfig                      0x08006ef3   Thumb Code   138  stm32f10x_gpio.o(.text)
    GPIO_EXTILineConfig                      0x08006f7d   Thumb Code    66  stm32f10x_gpio.o(.text)
    GPIO_ETH_MediaInterfaceConfig            0x08006fbf   Thumb Code     8  stm32f10x_gpio.o(.text)
    RCC_DeInit                               0x08006fed   Thumb Code    64  stm32f10x_rcc.o(.text)
    RCC_HSEConfig                            0x0800702d   Thumb Code    70  stm32f10x_rcc.o(.text)
    RCC_GetFlagStatus                        0x08007073   Thumb Code    56  stm32f10x_rcc.o(.text)
    RCC_WaitForHSEStartUp                    0x080070ab   Thumb Code    56  stm32f10x_rcc.o(.text)
    RCC_AdjustHSICalibrationValue            0x080070e3   Thumb Code    20  stm32f10x_rcc.o(.text)
    RCC_HSICmd                               0x080070f7   Thumb Code     6  stm32f10x_rcc.o(.text)
    RCC_PLLConfig                            0x080070fd   Thumb Code    24  stm32f10x_rcc.o(.text)
    RCC_PLLCmd                               0x08007115   Thumb Code     6  stm32f10x_rcc.o(.text)
    RCC_SYSCLKConfig                         0x0800711b   Thumb Code    18  stm32f10x_rcc.o(.text)
    RCC_GetSYSCLKSource                      0x0800712d   Thumb Code    10  stm32f10x_rcc.o(.text)
    RCC_HCLKConfig                           0x08007137   Thumb Code    18  stm32f10x_rcc.o(.text)
    RCC_PCLK1Config                          0x08007149   Thumb Code    18  stm32f10x_rcc.o(.text)
    RCC_PCLK2Config                          0x0800715b   Thumb Code    20  stm32f10x_rcc.o(.text)
    RCC_ITConfig                             0x0800716f   Thumb Code    26  stm32f10x_rcc.o(.text)
    RCC_USBCLKConfig                         0x08007189   Thumb Code     8  stm32f10x_rcc.o(.text)
    RCC_ADCCLKConfig                         0x08007191   Thumb Code    18  stm32f10x_rcc.o(.text)
    RCC_LSEConfig                            0x080071a3   Thumb Code    50  stm32f10x_rcc.o(.text)
    RCC_LSICmd                               0x080071d5   Thumb Code     6  stm32f10x_rcc.o(.text)
    RCC_RTCCLKConfig                         0x080071db   Thumb Code    12  stm32f10x_rcc.o(.text)
    RCC_RTCCLKCmd                            0x080071e7   Thumb Code     8  stm32f10x_rcc.o(.text)
    RCC_GetClocksFreq                        0x080071ef   Thumb Code   192  stm32f10x_rcc.o(.text)
    RCC_AHBPeriphClockCmd                    0x080072af   Thumb Code    26  stm32f10x_rcc.o(.text)
    RCC_APB2PeriphClockCmd                   0x080072c9   Thumb Code    26  stm32f10x_rcc.o(.text)
    RCC_APB1PeriphClockCmd                   0x080072e3   Thumb Code    26  stm32f10x_rcc.o(.text)
    RCC_APB2PeriphResetCmd                   0x080072fd   Thumb Code    26  stm32f10x_rcc.o(.text)
    RCC_APB1PeriphResetCmd                   0x08007317   Thumb Code    26  stm32f10x_rcc.o(.text)
    RCC_BackupResetCmd                       0x08007331   Thumb Code     8  stm32f10x_rcc.o(.text)
    RCC_ClockSecuritySystemCmd               0x08007339   Thumb Code     6  stm32f10x_rcc.o(.text)
    RCC_MCOConfig                            0x0800733f   Thumb Code     6  stm32f10x_rcc.o(.text)
    RCC_ClearFlag                            0x08007345   Thumb Code    14  stm32f10x_rcc.o(.text)
    RCC_GetITStatus                          0x08007353   Thumb Code    20  stm32f10x_rcc.o(.text)
    RCC_ClearITPendingBit                    0x08007367   Thumb Code     6  stm32f10x_rcc.o(.text)
    USART_DeInit                             0x08007391   Thumb Code   134  stm32f10x_usart.o(.text)
    USART_Init                               0x08007417   Thumb Code   210  stm32f10x_usart.o(.text)
    USART_StructInit                         0x080074e9   Thumb Code    24  stm32f10x_usart.o(.text)
    USART_ClockInit                          0x08007501   Thumb Code    34  stm32f10x_usart.o(.text)
    USART_ClockStructInit                    0x08007523   Thumb Code    12  stm32f10x_usart.o(.text)
    USART_Cmd                                0x0800752f   Thumb Code    24  stm32f10x_usart.o(.text)
    USART_ITConfig                           0x08007547   Thumb Code    74  stm32f10x_usart.o(.text)
    USART_DMACmd                             0x08007591   Thumb Code    18  stm32f10x_usart.o(.text)
    USART_SetAddress                         0x080075a3   Thumb Code    18  stm32f10x_usart.o(.text)
    USART_WakeUpConfig                       0x080075b5   Thumb Code    18  stm32f10x_usart.o(.text)
    USART_ReceiverWakeUpCmd                  0x080075c7   Thumb Code    24  stm32f10x_usart.o(.text)
    USART_LINBreakDetectLengthConfig         0x080075df   Thumb Code    18  stm32f10x_usart.o(.text)
    USART_LINCmd                             0x080075f1   Thumb Code    24  stm32f10x_usart.o(.text)
    USART_SendData                           0x08007609   Thumb Code     8  stm32f10x_usart.o(.text)
    USART_ReceiveData                        0x08007611   Thumb Code    10  stm32f10x_usart.o(.text)
    USART_SendBreak                          0x0800761b   Thumb Code    10  stm32f10x_usart.o(.text)
    USART_SetGuardTime                       0x08007625   Thumb Code    16  stm32f10x_usart.o(.text)
    USART_SetPrescaler                       0x08007635   Thumb Code    16  stm32f10x_usart.o(.text)
    USART_SmartCardCmd                       0x08007645   Thumb Code    24  stm32f10x_usart.o(.text)
    USART_SmartCardNACKCmd                   0x0800765d   Thumb Code    24  stm32f10x_usart.o(.text)
    USART_HalfDuplexCmd                      0x08007675   Thumb Code    24  stm32f10x_usart.o(.text)
    USART_OverSampling8Cmd                   0x0800768d   Thumb Code    22  stm32f10x_usart.o(.text)
    USART_OneBitMethodCmd                    0x080076a3   Thumb Code    24  stm32f10x_usart.o(.text)
    USART_IrDAConfig                         0x080076bb   Thumb Code    18  stm32f10x_usart.o(.text)
    USART_IrDACmd                            0x080076cd   Thumb Code    24  stm32f10x_usart.o(.text)
    USART_GetFlagStatus                      0x080076e5   Thumb Code    26  stm32f10x_usart.o(.text)
    USART_ClearFlag                          0x080076ff   Thumb Code    18  stm32f10x_usart.o(.text)
    USART_GetITStatus                        0x08007711   Thumb Code    84  stm32f10x_usart.o(.text)
    USART_ClearITPendingBit                  0x08007765   Thumb Code    52  stm32f10x_usart.o(.text)
    NVIC_PriorityGroupConfig                 0x08007799   Thumb Code    10  misc.o(.text)
    NVIC_Init                                0x080077a3   Thumb Code   100  misc.o(.text)
    NVIC_SetVectorTable                      0x08007807   Thumb Code    14  misc.o(.text)
    NVIC_SystemLPConfig                      0x08007815   Thumb Code    34  misc.o(.text)
    SysTick_CLKSourceConfig                  0x08007837   Thumb Code    40  misc.o(.text)
    FLASH_SetLatency                         0x08007875   Thumb Code    18  stm32f10x_flash.o(.text)
    FLASH_HalfCycleAccessCmd                 0x08007887   Thumb Code    22  stm32f10x_flash.o(.text)
    FLASH_PrefetchBufferCmd                  0x0800789d   Thumb Code    22  stm32f10x_flash.o(.text)
    FLASH_Unlock                             0x080078b3   Thumb Code    12  stm32f10x_flash.o(.text)
    FLASH_UnlockBank1                        0x080078bf   Thumb Code    12  stm32f10x_flash.o(.text)
    FLASH_Lock                               0x080078cb   Thumb Code    14  stm32f10x_flash.o(.text)
    FLASH_LockBank1                          0x080078d9   Thumb Code    14  stm32f10x_flash.o(.text)
    FLASH_GetBank1Status                     0x080078e7   Thumb Code    48  stm32f10x_flash.o(.text)
    FLASH_WaitForLastOperation               0x08007917   Thumb Code    38  stm32f10x_flash.o(.text)
    FLASH_ErasePage                          0x0800793d   Thumb Code    72  stm32f10x_flash.o(.text)
    FLASH_EraseAllPages                      0x08007985   Thumb Code    68  stm32f10x_flash.o(.text)
    FLASH_WaitForLastBank1Operation          0x080079c9   Thumb Code    38  stm32f10x_flash.o(.text)
    FLASH_EraseAllBank1Pages                 0x080079ef   Thumb Code    68  stm32f10x_flash.o(.text)
    FLASH_GetReadOutProtectionStatus         0x08007a33   Thumb Code    20  stm32f10x_flash.o(.text)
    FLASH_EraseOptionBytes                   0x08007a47   Thumb Code   150  stm32f10x_flash.o(.text)
    FLASH_ProgramWord                        0x08007add   Thumb Code   102  stm32f10x_flash.o(.text)
    FLASH_ProgramHalfWord                    0x08007b43   Thumb Code    60  stm32f10x_flash.o(.text)
    FLASH_ProgramOptionByteData              0x08007b7f   Thumb Code    72  stm32f10x_flash.o(.text)
    FLASH_EnableWriteProtection              0x08007bc7   Thumb Code   200  stm32f10x_flash.o(.text)
    FLASH_ReadOutProtection                  0x08007c8f   Thumb Code   156  stm32f10x_flash.o(.text)
    FLASH_UserOptionByteConfig               0x08007d2b   Thumb Code    88  stm32f10x_flash.o(.text)
    FLASH_GetUserOptionByte                  0x08007d83   Thumb Code     8  stm32f10x_flash.o(.text)
    FLASH_GetWriteProtectionOptionByte       0x08007d8b   Thumb Code     6  stm32f10x_flash.o(.text)
    FLASH_GetPrefetchBufferStatus            0x08007d91   Thumb Code    20  stm32f10x_flash.o(.text)
    FLASH_ITConfig                           0x08007da5   Thumb Code    26  stm32f10x_flash.o(.text)
    FLASH_GetFlagStatus                      0x08007dbf   Thumb Code    42  stm32f10x_flash.o(.text)
    FLASH_ClearFlag                          0x08007de9   Thumb Code     6  stm32f10x_flash.o(.text)
    FLASH_GetStatus                          0x08007def   Thumb Code    48  stm32f10x_flash.o(.text)
    TIM_DeInit                               0x08007e31   Thumb Code   424  stm32f10x_tim.o(.text)
    TIM_TimeBaseInit                         0x08007fd9   Thumb Code   122  stm32f10x_tim.o(.text)
    TIM_OC1Init                              0x08008053   Thumb Code   132  stm32f10x_tim.o(.text)
    TIM_OC2Init                              0x080080d7   Thumb Code   154  stm32f10x_tim.o(.text)
    TIM_OC3Init                              0x08008171   Thumb Code   150  stm32f10x_tim.o(.text)
    TIM_OC4Init                              0x08008207   Thumb Code   182  stm32f10x_tim.o(.text)
    TIM_SetIC4Prescaler                      0x080082bd   Thumb Code    26  stm32f10x_tim.o(.text)
    TIM_SetIC3Prescaler                      0x08008359   Thumb Code    18  stm32f10x_tim.o(.text)
    TIM_SetIC2Prescaler                      0x080083e5   Thumb Code    26  stm32f10x_tim.o(.text)
    TIM_SetIC1Prescaler                      0x08008481   Thumb Code    18  stm32f10x_tim.o(.text)
    TIM_ICInit                               0x080084ff   Thumb Code   150  stm32f10x_tim.o(.text)
    TIM_PWMIConfig                           0x08008595   Thumb Code   124  stm32f10x_tim.o(.text)
    TIM_BDTRConfig                           0x08008611   Thumb Code    32  stm32f10x_tim.o(.text)
    TIM_TimeBaseStructInit                   0x08008631   Thumb Code    18  stm32f10x_tim.o(.text)
    TIM_OCStructInit                         0x08008643   Thumb Code    20  stm32f10x_tim.o(.text)
    TIM_ICStructInit                         0x08008657   Thumb Code    18  stm32f10x_tim.o(.text)
    TIM_BDTRStructInit                       0x08008669   Thumb Code    40  stm32f10x_tim.o(.text)
    TIM_Cmd                                  0x08008691   Thumb Code    24  stm32f10x_tim.o(.text)
    TIM_CtrlPWMOutputs                       0x080086a9   Thumb Code    30  stm32f10x_tim.o(.text)
    TIM_ITConfig                             0x080086c7   Thumb Code    18  stm32f10x_tim.o(.text)
    TIM_GenerateEvent                        0x080086d9   Thumb Code     4  stm32f10x_tim.o(.text)
    TIM_DMAConfig                            0x080086dd   Thumb Code    10  stm32f10x_tim.o(.text)
    TIM_DMACmd                               0x080086e7   Thumb Code    18  stm32f10x_tim.o(.text)
    TIM_InternalClockConfig                  0x080086f9   Thumb Code    12  stm32f10x_tim.o(.text)
    TIM_SelectInputTrigger                   0x08008705   Thumb Code    18  stm32f10x_tim.o(.text)
    TIM_ITRxExternalClockConfig              0x08008717   Thumb Code    24  stm32f10x_tim.o(.text)
    TIM_TIxExternalClockConfig               0x0800872f   Thumb Code    62  stm32f10x_tim.o(.text)
    TIM_ETRConfig                            0x0800876d   Thumb Code    28  stm32f10x_tim.o(.text)
    TIM_ETRClockMode1Config                  0x08008789   Thumb Code    54  stm32f10x_tim.o(.text)
    TIM_ETRClockMode2Config                  0x080087bf   Thumb Code    32  stm32f10x_tim.o(.text)
    TIM_PrescalerConfig                      0x080087df   Thumb Code     6  stm32f10x_tim.o(.text)
    TIM_CounterModeConfig                    0x080087e5   Thumb Code    18  stm32f10x_tim.o(.text)
    TIM_EncoderInterfaceConfig               0x080087f7   Thumb Code    66  stm32f10x_tim.o(.text)
    TIM_ForcedOC1Config                      0x08008839   Thumb Code    18  stm32f10x_tim.o(.text)
    TIM_ForcedOC2Config                      0x0800884b   Thumb Code    26  stm32f10x_tim.o(.text)
    TIM_ForcedOC3Config                      0x08008865   Thumb Code    18  stm32f10x_tim.o(.text)
    TIM_ForcedOC4Config                      0x08008877   Thumb Code    26  stm32f10x_tim.o(.text)
    TIM_ARRPreloadConfig                     0x08008891   Thumb Code    24  stm32f10x_tim.o(.text)
    TIM_SelectCOM                            0x080088a9   Thumb Code    24  stm32f10x_tim.o(.text)
    TIM_SelectCCDMA                          0x080088c1   Thumb Code    24  stm32f10x_tim.o(.text)
    TIM_CCPreloadControl                     0x080088d9   Thumb Code    24  stm32f10x_tim.o(.text)
    TIM_OC1PreloadConfig                     0x080088f1   Thumb Code    18  stm32f10x_tim.o(.text)
    TIM_OC2PreloadConfig                     0x08008903   Thumb Code    26  stm32f10x_tim.o(.text)
    TIM_OC3PreloadConfig                     0x0800891d   Thumb Code    18  stm32f10x_tim.o(.text)
    TIM_OC4PreloadConfig                     0x0800892f   Thumb Code    26  stm32f10x_tim.o(.text)
    TIM_OC1FastConfig                        0x08008949   Thumb Code    18  stm32f10x_tim.o(.text)
    TIM_OC2FastConfig                        0x0800895b   Thumb Code    26  stm32f10x_tim.o(.text)
    TIM_OC3FastConfig                        0x08008975   Thumb Code    18  stm32f10x_tim.o(.text)
    TIM_OC4FastConfig                        0x08008987   Thumb Code    26  stm32f10x_tim.o(.text)
    TIM_ClearOC1Ref                          0x080089a1   Thumb Code    18  stm32f10x_tim.o(.text)
    TIM_ClearOC2Ref                          0x080089b3   Thumb Code    24  stm32f10x_tim.o(.text)
    TIM_ClearOC3Ref                          0x080089cb   Thumb Code    18  stm32f10x_tim.o(.text)
    TIM_ClearOC4Ref                          0x080089dd   Thumb Code    24  stm32f10x_tim.o(.text)
    TIM_OC1PolarityConfig                    0x080089f5   Thumb Code    18  stm32f10x_tim.o(.text)
    TIM_OC1NPolarityConfig                   0x08008a07   Thumb Code    18  stm32f10x_tim.o(.text)
    TIM_OC2PolarityConfig                    0x08008a19   Thumb Code    26  stm32f10x_tim.o(.text)
    TIM_OC2NPolarityConfig                   0x08008a33   Thumb Code    26  stm32f10x_tim.o(.text)
    TIM_OC3PolarityConfig                    0x08008a4d   Thumb Code    26  stm32f10x_tim.o(.text)
    TIM_OC3NPolarityConfig                   0x08008a67   Thumb Code    26  stm32f10x_tim.o(.text)
    TIM_OC4PolarityConfig                    0x08008a81   Thumb Code    26  stm32f10x_tim.o(.text)
    TIM_CCxCmd                               0x08008a9b   Thumb Code    30  stm32f10x_tim.o(.text)
    TIM_CCxNCmd                              0x08008ab9   Thumb Code    30  stm32f10x_tim.o(.text)
    TIM_SelectOCxM                           0x08008ad7   Thumb Code    82  stm32f10x_tim.o(.text)
    TIM_UpdateDisableConfig                  0x08008b29   Thumb Code    24  stm32f10x_tim.o(.text)
    TIM_UpdateRequestConfig                  0x08008b41   Thumb Code    24  stm32f10x_tim.o(.text)
    TIM_SelectHallSensor                     0x08008b59   Thumb Code    24  stm32f10x_tim.o(.text)
    TIM_SelectOnePulseMode                   0x08008b71   Thumb Code    18  stm32f10x_tim.o(.text)
    TIM_SelectOutputTrigger                  0x08008b83   Thumb Code    18  stm32f10x_tim.o(.text)
    TIM_SelectSlaveMode                      0x08008b95   Thumb Code    18  stm32f10x_tim.o(.text)
    TIM_SelectMasterSlaveMode                0x08008ba7   Thumb Code    18  stm32f10x_tim.o(.text)
    TIM_SetCounter                           0x08008bb9   Thumb Code     4  stm32f10x_tim.o(.text)
    TIM_SetAutoreload                        0x08008bbd   Thumb Code     4  stm32f10x_tim.o(.text)
    TIM_SetCompare1                          0x08008bc1   Thumb Code     4  stm32f10x_tim.o(.text)
    TIM_SetCompare2                          0x08008bc5   Thumb Code     4  stm32f10x_tim.o(.text)
    TIM_SetCompare3                          0x08008bc9   Thumb Code     4  stm32f10x_tim.o(.text)
    TIM_SetCompare4                          0x08008bcd   Thumb Code     6  stm32f10x_tim.o(.text)
    TIM_SetClockDivision                     0x08008bd3   Thumb Code    18  stm32f10x_tim.o(.text)
    TIM_GetCapture1                          0x08008be5   Thumb Code     6  stm32f10x_tim.o(.text)
    TIM_GetCapture2                          0x08008beb   Thumb Code     6  stm32f10x_tim.o(.text)
    TIM_GetCapture3                          0x08008bf1   Thumb Code     6  stm32f10x_tim.o(.text)
    TIM_GetCapture4                          0x08008bf7   Thumb Code     8  stm32f10x_tim.o(.text)
    TIM_GetCounter                           0x08008bff   Thumb Code     6  stm32f10x_tim.o(.text)
    TIM_GetPrescaler                         0x08008c05   Thumb Code     6  stm32f10x_tim.o(.text)
    TIM_GetFlagStatus                        0x08008c0b   Thumb Code    18  stm32f10x_tim.o(.text)
    TIM_ClearFlag                            0x08008c1d   Thumb Code     6  stm32f10x_tim.o(.text)
    TIM_GetITStatus                          0x08008c23   Thumb Code    34  stm32f10x_tim.o(.text)
    TIM_ClearITPendingBit                    0x08008c45   Thumb Code     6  stm32f10x_tim.o(.text)
    SPI_I2S_DeInit                           0x08008c4d   Thumb Code    76  stm32f10x_spi.o(.text)
    SPI_Init                                 0x08008c99   Thumb Code    60  stm32f10x_spi.o(.text)
    I2S_Init                                 0x08008cd5   Thumb Code   226  stm32f10x_spi.o(.text)
    SPI_StructInit                           0x08008db7   Thumb Code    24  stm32f10x_spi.o(.text)
    I2S_StructInit                           0x08008dcf   Thumb Code    20  stm32f10x_spi.o(.text)
    SPI_Cmd                                  0x08008de3   Thumb Code    24  stm32f10x_spi.o(.text)
    I2S_Cmd                                  0x08008dfb   Thumb Code    24  stm32f10x_spi.o(.text)
    SPI_I2S_ITConfig                         0x08008e13   Thumb Code    32  stm32f10x_spi.o(.text)
    SPI_I2S_DMACmd                           0x08008e33   Thumb Code    18  stm32f10x_spi.o(.text)
    SPI_I2S_SendData                         0x08008e45   Thumb Code     4  stm32f10x_spi.o(.text)
    SPI_I2S_ReceiveData                      0x08008e49   Thumb Code     6  stm32f10x_spi.o(.text)
    SPI_NSSInternalSoftwareConfig            0x08008e4f   Thumb Code    30  stm32f10x_spi.o(.text)
    SPI_SSOutputCmd                          0x08008e6d   Thumb Code    24  stm32f10x_spi.o(.text)
    SPI_DataSizeConfig                       0x08008e85   Thumb Code    18  stm32f10x_spi.o(.text)
    SPI_TransmitCRC                          0x08008e97   Thumb Code    10  stm32f10x_spi.o(.text)
    SPI_CalculateCRC                         0x08008ea1   Thumb Code    24  stm32f10x_spi.o(.text)
    SPI_GetCRC                               0x08008eb9   Thumb Code    16  stm32f10x_spi.o(.text)
    SPI_GetCRCPolynomial                     0x08008ec9   Thumb Code     6  stm32f10x_spi.o(.text)
    SPI_BiDirectionalLineConfig              0x08008ecf   Thumb Code    28  stm32f10x_spi.o(.text)
    SPI_I2S_GetFlagStatus                    0x08008eeb   Thumb Code    18  stm32f10x_spi.o(.text)
    SPI_I2S_ClearFlag                        0x08008efd   Thumb Code     6  stm32f10x_spi.o(.text)
    SPI_I2S_GetITStatus                      0x08008f03   Thumb Code    52  stm32f10x_spi.o(.text)
    SPI_I2S_ClearITPendingBit                0x08008f37   Thumb Code    20  stm32f10x_spi.o(.text)
    EXTI_DeInit                              0x08008f59   Thumb Code    28  stm32f10x_exti.o(.text)
    EXTI_Init                                0x08008f75   Thumb Code   142  stm32f10x_exti.o(.text)
    EXTI_StructInit                          0x08009003   Thumb Code    16  stm32f10x_exti.o(.text)
    EXTI_GenerateSWInterrupt                 0x08009013   Thumb Code    16  stm32f10x_exti.o(.text)
    EXTI_GetFlagStatus                       0x08009023   Thumb Code    22  stm32f10x_exti.o(.text)
    EXTI_ClearFlag                           0x08009039   Thumb Code     8  stm32f10x_exti.o(.text)
    EXTI_GetITStatus                         0x08009041   Thumb Code    34  stm32f10x_exti.o(.text)
    EXTI_ClearITPendingBit                   0x08009063   Thumb Code     8  stm32f10x_exti.o(.text)
    DMA_DeInit                               0x08009075   Thumb Code   324  stm32f10x_dma.o(.text)
    DMA_Init                                 0x080091b9   Thumb Code    60  stm32f10x_dma.o(.text)
    DMA_StructInit                           0x080091f5   Thumb Code    26  stm32f10x_dma.o(.text)
    DMA_Cmd                                  0x0800920f   Thumb Code    24  stm32f10x_dma.o(.text)
    DMA_ITConfig                             0x08009227   Thumb Code    18  stm32f10x_dma.o(.text)
    DMA_SetCurrDataCounter                   0x08009239   Thumb Code     4  stm32f10x_dma.o(.text)
    DMA_GetCurrDataCounter                   0x0800923d   Thumb Code     8  stm32f10x_dma.o(.text)
    DMA_GetFlagStatus                        0x08009245   Thumb Code    40  stm32f10x_dma.o(.text)
    DMA_ClearFlag                            0x0800926d   Thumb Code    22  stm32f10x_dma.o(.text)
    DMA_GetITStatus                          0x08009283   Thumb Code    40  stm32f10x_dma.o(.text)
    DMA_ClearITPendingBit                    0x080092ab   Thumb Code    22  stm32f10x_dma.o(.text)
    ADC_DeInit                               0x080092c9   Thumb Code    78  stm32f10x_adc.o(.text)
    ADC_Init                                 0x08009317   Thumb Code    70  stm32f10x_adc.o(.text)
    ADC_StructInit                           0x0800935d   Thumb Code    18  stm32f10x_adc.o(.text)
    ADC_Cmd                                  0x0800936f   Thumb Code    22  stm32f10x_adc.o(.text)
    ADC_DMACmd                               0x08009385   Thumb Code    22  stm32f10x_adc.o(.text)
    ADC_ITConfig                             0x0800939b   Thumb Code    24  stm32f10x_adc.o(.text)
    ADC_ResetCalibration                     0x080093b3   Thumb Code    10  stm32f10x_adc.o(.text)
    ADC_GetResetCalibrationStatus            0x080093bd   Thumb Code    20  stm32f10x_adc.o(.text)
    ADC_StartCalibration                     0x080093d1   Thumb Code    10  stm32f10x_adc.o(.text)
    ADC_GetCalibrationStatus                 0x080093db   Thumb Code    20  stm32f10x_adc.o(.text)
    ADC_SoftwareStartConvCmd                 0x080093ef   Thumb Code    22  stm32f10x_adc.o(.text)
    ADC_GetSoftwareStartConvStatus           0x08009405   Thumb Code    20  stm32f10x_adc.o(.text)
    ADC_DiscModeChannelCountConfig           0x08009419   Thumb Code    24  stm32f10x_adc.o(.text)
    ADC_DiscModeCmd                          0x08009431   Thumb Code    22  stm32f10x_adc.o(.text)
    ADC_RegularChannelConfig                 0x08009447   Thumb Code   184  stm32f10x_adc.o(.text)
    ADC_ExternalTrigConvCmd                  0x080094ff   Thumb Code    22  stm32f10x_adc.o(.text)
    ADC_GetConversionValue                   0x08009515   Thumb Code     8  stm32f10x_adc.o(.text)
    ADC_GetDualModeConversionValue           0x0800951d   Thumb Code     8  stm32f10x_adc.o(.text)
    ADC_AutoInjectedConvCmd                  0x08009525   Thumb Code    22  stm32f10x_adc.o(.text)
    ADC_InjectedDiscModeCmd                  0x0800953b   Thumb Code    22  stm32f10x_adc.o(.text)
    ADC_ExternalTrigInjectedConvConfig       0x08009551   Thumb Code    16  stm32f10x_adc.o(.text)
    ADC_ExternalTrigInjectedConvCmd          0x08009561   Thumb Code    22  stm32f10x_adc.o(.text)
    ADC_SoftwareStartInjectedConvCmd         0x08009577   Thumb Code    22  stm32f10x_adc.o(.text)
    ADC_GetSoftwareStartInjectedConvCmdStatus 0x0800958d   Thumb Code    20  stm32f10x_adc.o(.text)
    ADC_InjectedChannelConfig                0x080095a1   Thumb Code   130  stm32f10x_adc.o(.text)
    ADC_InjectedSequencerLengthConfig        0x08009623   Thumb Code    24  stm32f10x_adc.o(.text)
    ADC_SetInjectedOffset                    0x0800963b   Thumb Code    20  stm32f10x_adc.o(.text)
    ADC_GetInjectedConversionValue           0x0800964f   Thumb Code    28  stm32f10x_adc.o(.text)
    ADC_AnalogWatchdogCmd                    0x0800966b   Thumb Code    16  stm32f10x_adc.o(.text)
    ADC_AnalogWatchdogThresholdsConfig       0x0800967b   Thumb Code     6  stm32f10x_adc.o(.text)
    ADC_AnalogWatchdogSingleChannelConfig    0x08009681   Thumb Code    16  stm32f10x_adc.o(.text)
    ADC_TempSensorVrefintCmd                 0x08009691   Thumb Code    64  stm32f10x_adc.o(.text)
    ADC_GetFlagStatus                        0x080096d1   Thumb Code    18  stm32f10x_adc.o(.text)
    ADC_ClearFlag                            0x080096e3   Thumb Code     6  stm32f10x_adc.o(.text)
    ADC_GetITStatus                          0x080096e9   Thumb Code    36  stm32f10x_adc.o(.text)
    ADC_ClearITPendingBit                    0x0800970d   Thumb Code    10  stm32f10x_adc.o(.text)
    SystemInit                               0x080097f7   Thumb Code    78  system_stm32f10x.o(.text)
    SystemCoreClockUpdate                    0x08009845   Thumb Code   142  system_stm32f10x.o(.text)
    __aeabi_memcpy                           0x080098f9   Thumb Code    36  memcpya.o(.text)
    __aeabi_memcpy4                          0x080098f9   Thumb Code     0  memcpya.o(.text)
    __aeabi_memcpy8                          0x080098f9   Thumb Code     0  memcpya.o(.text)
    __aeabi_memset                           0x0800991d   Thumb Code    14  memseta.o(.text)
    __aeabi_memset4                          0x0800991d   Thumb Code     0  memseta.o(.text)
    __aeabi_memset8                          0x0800991d   Thumb Code     0  memseta.o(.text)
    __aeabi_memclr                           0x0800992b   Thumb Code     4  memseta.o(.text)
    __aeabi_memclr4                          0x0800992b   Thumb Code     0  memseta.o(.text)
    __aeabi_memclr8                          0x0800992b   Thumb Code     0  memseta.o(.text)
    _memset$wrapper                          0x0800992f   Thumb Code    18  memseta.o(.text)
    strstr                                   0x08009941   Thumb Code    36  strstr.o(.text)
    __aeabi_fadd                             0x08009965   Thumb Code   164  fadd.o(.text)
    __aeabi_fsub                             0x08009a09   Thumb Code     6  fadd.o(.text)
    __aeabi_frsub                            0x08009a0f   Thumb Code     6  fadd.o(.text)
    __aeabi_fmul                             0x08009a15   Thumb Code   100  fmul.o(.text)
    __aeabi_fdiv                             0x08009a79   Thumb Code   124  fdiv.o(.text)
    __aeabi_dadd                             0x08009af5   Thumb Code   322  dadd.o(.text)
    __aeabi_dsub                             0x08009c37   Thumb Code     6  dadd.o(.text)
    __aeabi_drsub                            0x08009c3d   Thumb Code     6  dadd.o(.text)
    __aeabi_dmul                             0x08009c43   Thumb Code   228  dmul.o(.text)
    __aeabi_ddiv                             0x08009d27   Thumb Code   222  ddiv.o(.text)
    __aeabi_i2f                              0x08009e05   Thumb Code    18  fflti.o(.text)
    __aeabi_ui2f                             0x08009e17   Thumb Code    10  ffltui.o(.text)
    __aeabi_i2d                              0x08009e21   Thumb Code    34  dflti.o(.text)
    __aeabi_ui2d                             0x08009e43   Thumb Code    26  dfltui.o(.text)
    __aeabi_f2iz                             0x08009e5d   Thumb Code    50  ffixi.o(.text)
    __aeabi_f2uiz                            0x08009e8f   Thumb Code    40  ffixui.o(.text)
    __aeabi_d2iz                             0x08009eb7   Thumb Code    62  dfixi.o(.text)
    __aeabi_d2uiz                            0x08009ef5   Thumb Code    50  dfixui.o(.text)
    __aeabi_f2d                              0x08009f27   Thumb Code    38  f2d.o(.text)
    __aeabi_cdcmpeq                          0x08009f4d   Thumb Code     0  cdcmple.o(.text)
    __aeabi_cdcmple                          0x08009f4d   Thumb Code    48  cdcmple.o(.text)
    __aeabi_cdrcmple                         0x08009f7d   Thumb Code    48  cdrcmple.o(.text)
    __aeabi_d2f                              0x08009fad   Thumb Code    56  d2f.o(.text)
    __aeabi_cfcmpeq                          0x08009fe5   Thumb Code     0  cfcmple.o(.text)
    __aeabi_cfcmple                          0x08009fe5   Thumb Code    20  cfcmple.o(.text)
    __aeabi_cfrcmple                         0x08009ff9   Thumb Code    20  cfrcmple.o(.text)
    __aeabi_uidiv                            0x0800a00d   Thumb Code     0  uidiv.o(.text)
    __aeabi_uidivmod                         0x0800a00d   Thumb Code    44  uidiv.o(.text)
    __aeabi_uldivmod                         0x0800a039   Thumb Code    98  uldiv.o(.text)
    __aeabi_llsl                             0x0800a09b   Thumb Code    30  llshl.o(.text)
    _ll_shift_l                              0x0800a09b   Thumb Code     0  llshl.o(.text)
    __aeabi_llsr                             0x0800a0b9   Thumb Code    32  llushr.o(.text)
    _ll_ushift_r                             0x0800a0b9   Thumb Code     0  llushr.o(.text)
    __aeabi_lasr                             0x0800a0d9   Thumb Code    36  llsshr.o(.text)
    _ll_sshift_r                             0x0800a0d9   Thumb Code     0  llsshr.o(.text)
    __I$use$fp                               0x0800a0fd   Thumb Code     0  iusefp.o(.text)
    _float_round                             0x0800a0fd   Thumb Code    18  fepilogue.o(.text)
    _float_epilogue                          0x0800a10f   Thumb Code    92  fepilogue.o(.text)
    __ARM_scalbnf                            0x0800a16b   Thumb Code    24  fscalb.o(.text)
    scalbnf                                  0x0800a16b   Thumb Code     0  fscalb.o(.text)
    _fsqrt                                   0x0800a183   Thumb Code    94  fsqrt.o(.text)
    _frnd                                    0x0800a1e1   Thumb Code    60  frnd.o(.text)
    _double_round                            0x0800a21d   Thumb Code    30  depilogue.o(.text)
    _double_epilogue                         0x0800a23b   Thumb Code   156  depilogue.o(.text)
    __ARM_scalbn                             0x0800a2d7   Thumb Code    46  dscalb.o(.text)
    scalbn                                   0x0800a2d7   Thumb Code     0  dscalb.o(.text)
    _dsqrt                                   0x0800a305   Thumb Code   162  dsqrt.o(.text)
    __aeabi_d2ulz                            0x0800a3a7   Thumb Code    48  dfixul.o(.text)
    __scatterload                            0x0800a3d9   Thumb Code    28  init.o(.text)
    __scatterload_rt2                        0x0800a3d9   Thumb Code     0  init.o(.text)
    __I$use$semihosting$fputc                0x0800a3fd   Thumb Code     0  iusesemip.o(.text)
    __decompress                             0x0800a3fd   Thumb Code     0  __dczerorl2.o(.text)
    __decompress1                            0x0800a3fd   Thumb Code    86  __dczerorl2.o(.text)
    __semihosting_library_function           0x0800a3fd   Thumb Code     0  semi.o(.text)
    __0printf                                0x0800a455   Thumb Code    22  printfa.o(i.__0printf)
    __1printf                                0x0800a455   Thumb Code     0  printfa.o(i.__0printf)
    __2printf                                0x0800a455   Thumb Code     0  printfa.o(i.__0printf)
    __c89printf                              0x0800a455   Thumb Code     0  printfa.o(i.__0printf)
    printf                                   0x0800a455   Thumb Code     0  printfa.o(i.__0printf)
    __0vsnprintf                             0x0800a475   Thumb Code    40  printfa.o(i.__0vsnprintf)
    __1vsnprintf                             0x0800a475   Thumb Code     0  printfa.o(i.__0vsnprintf)
    __2vsnprintf                             0x0800a475   Thumb Code     0  printfa.o(i.__0vsnprintf)
    __c89vsnprintf                           0x0800a475   Thumb Code     0  printfa.o(i.__0vsnprintf)
    vsnprintf                                0x0800a475   Thumb Code     0  printfa.o(i.__0vsnprintf)
    __ARM_fpclassify                         0x0800a4a1   Thumb Code    40  fpclassify.o(i.__ARM_fpclassify)
    __ARM_fpclassifyf                        0x0800a4c9   Thumb Code    38  fpclassifyf.o(i.__ARM_fpclassifyf)
    __ieee754_rem_pio2                       0x0800a4f1   Thumb Code   828  rred.o(i.__ieee754_rem_pio2)
    __kernel_cos                             0x0800a879   Thumb Code   230  cos_i.o(i.__kernel_cos)
    __kernel_poly                            0x0800a975   Thumb Code   170  poly.o(i.__kernel_poly)
    __kernel_sin                             0x0800aa21   Thumb Code   224  sin_i.o(i.__kernel_sin)
    __mathlib_dbl_divzero                    0x0800ab0d   Thumb Code    12  dunder.o(i.__mathlib_dbl_divzero)
    __mathlib_dbl_infnan                     0x0800ab1d   Thumb Code     6  dunder.o(i.__mathlib_dbl_infnan)
    __mathlib_dbl_infnan2                    0x0800ab23   Thumb Code     4  dunder.o(i.__mathlib_dbl_infnan2)
    __mathlib_dbl_invalid                    0x0800ab27   Thumb Code    12  dunder.o(i.__mathlib_dbl_invalid)
    __mathlib_dbl_overflow                   0x0800ab33   Thumb Code    14  dunder.o(i.__mathlib_dbl_overflow)
    __mathlib_dbl_underflow                  0x0800ab41   Thumb Code    10  dunder.o(i.__mathlib_dbl_underflow)
    __mathlib_flt_infnan                     0x0800ab51   Thumb Code     6  funder.o(i.__mathlib_flt_infnan)
    __mathlib_flt_infnan2                    0x0800ab57   Thumb Code     4  funder.o(i.__mathlib_flt_infnan2)
    __mathlib_flt_invalid                    0x0800ab5b   Thumb Code     8  funder.o(i.__mathlib_flt_invalid)
    __mathlib_flt_underflow                  0x0800ab63   Thumb Code    10  funder.o(i.__mathlib_flt_underflow)
    __mathlib_rredf2                         0x0800ab6d   Thumb Code   344  rredf.o(i.__mathlib_rredf2)
    __scatterload_copy                       0x0800acd5   Thumb Code    14  handlers.o(i.__scatterload_copy)
    __scatterload_null                       0x0800ace3   Thumb Code     2  handlers.o(i.__scatterload_null)
    __scatterload_zeroinit                   0x0800ace5   Thumb Code    14  handlers.o(i.__scatterload_zeroinit)
    __set_errno                              0x0800acf5   Thumb Code     6  errno.o(i.__set_errno)
    asinf                                    0x0800b5c9   Thumb Code   254  asinf.o(i.asinf)
    atan                                     0x0800b6ed   Thumb Code   474  atan.o(i.atan)
    atan2                                    0x0800b90d   Thumb Code   346  atan2.o(i.atan2)
    atan2f                                   0x0800ba8d   Thumb Code   528  atan2f.o(i.atan2f)
    cos                                      0x0800bce9   Thumb Code   148  cos.o(i.cos)
    cosf                                     0x0800bd85   Thumb Code   328  cosf.o(i.cosf)
    fputc                                    0x0800bf01   Thumb Code    18  fputc.o(i.fputc)
    pow                                      0x0800bf15   Thumb Code  2512  pow.o(i.pow)
    sinf                                     0x0800c8ed   Thumb Code   338  sinf.o(i.sinf)
    sqrt                                     0x0800ca75   Thumb Code    76  sqrt.o(i.sqrt)
    sqrtf                                    0x0800cac1   Thumb Code    44  sqrtf.o(i.sqrtf)
    TX_ADDRESS_P0                            0x0800caec   Data           5  nrf24l01.o(.constdata)
    RX_ADDRESS_P0                            0x0800caf1   Data           5  nrf24l01.o(.constdata)
    __mathlib_zero                           0x0800cc48   Data           8  qnan.o(.constdata)
    Region$$Table$$Base                      0x0800cd60   Number         0  anon$$obj.o(Region$$Table)
    Region$$Table$$Limit                     0x0800cd80   Number         0  anon$$obj.o(Region$$Table)
    Fly_sta                                  0x2000000c   Data           1  control.o(.data)
    FlyMode                                  0x2000000d   Data           1  control.o(.data)
    flag_angle_err_cnt                       0x20000010   Data           2  control.o(.data)
    HighLock                                 0x20000014   Data           4  control.o(.data)
    fly_thro_min                             0x20000018   Data           2  control.o(.data)
    sum_pid                                  0x2000001c   Data           3  rc.o(.data)
    s_Ctrl2Quat_msg                          0x20000020   Data           6  rc.o(.data)
    IMU                                      0x2000004c   Data          72  imu.o(.data)
    Filter_pressure                          0x20000094   Data          44  height.o(.data)
    Filter_Acc_Vertical                      0x200000c0   Data          44  height.o(.data)
    Filter_bar_height                        0x200000ec   Data          44  height.o(.data)
    exp_height_speed                         0x20000118   Data           4  height.o(.data)
    exp_height_speed_Throttle                0x2000011c   Data           4  height.o(.data)
    m_TH_Height_Max                          0x20000120   Data           4  height.o(.data)
    exp_height                               0x20000124   Data           4  height.o(.data)
    exp_height_auto                          0x20000128   Data           4  height.o(.data)
    flag_exp_height_auto                     0x2000012c   Data           1  height.o(.data)
    exp_height_speed_fly_compent             0x20000130   Data           4  height.o(.data)
    Cnt_exp_height_speed_fly_compent         0x20000134   Data           2  height.o(.data)
    m_exp_height_speed_Limit                 0x20000138   Data           4  height.o(.data)
    real_height                              0x2000013c   Data           4  height.o(.data)
    last_real_height                         0x20000140   Data           4  height.o(.data)
    real_speed_height                        0x20000144   Data           4  height.o(.data)
    m_height_Altitude_real                   0x20000148   Data           4  height.o(.data)
    Cos_Yaw                                  0x2000014c   Data           4  position_control_gps.o(.data)
    Sin_Yaw                                  0x20000150   Data           4  position_control_gps.o(.data)
    Target_Roll                              0x20000154   Data           4  position_control_gps.o(.data)
    Target_Pitch                             0x20000158   Data           4  position_control_gps.o(.data)
    Target_Lon                               0x2000015c   Data           4  position_control_gps.o(.data)
    Target_Lat                               0x20000160   Data           4  position_control_gps.o(.data)
    Err_Lon                                  0x20000164   Data           4  position_control_gps.o(.data)
    Err_Lat                                  0x20000168   Data           4  position_control_gps.o(.data)
    Speed_Flight                             0x2000016c   Data           4  position_control_gps.o(.data)
    Speed_North                              0x20000170   Data           4  position_control_gps.o(.data)
    Speed_East                               0x20000174   Data           4  position_control_gps.o(.data)
    Target_North                             0x20000178   Data           4  position_control_gps.o(.data)
    Target_East                              0x2000017c   Data           4  position_control_gps.o(.data)
    Target_North_fade                        0x20000180   Data           4  position_control_gps.o(.data)
    Target_East_fade                         0x20000184   Data           4  position_control_gps.o(.data)
    Filter_mag_yaw                           0x2000018c   Data          44  qmc5883.o(.data)
    cnt_mag_err                              0x200001b8   Data           2  qmc5883.o(.data)
    Filter_Acc_X                             0x200001bc   Data          44  mpu6050.o(.data)
    Filter_Acc_Y                             0x200001e8   Data          44  mpu6050.o(.data)
    Filter_Acc_Z                             0x20000214   Data          44  mpu6050.o(.data)
    Filter_Gyro_X                            0x20000240   Data          44  mpu6050.o(.data)
    Filter_Gyro_Y                            0x2000026c   Data          44  mpu6050.o(.data)
    Filter_Gyro_Z                            0x20000298   Data          44  mpu6050.o(.data)
    Pitch                                    0x200002c4   Data           4  mpu6050.o(.data)
    Roll                                     0x200002c8   Data           4  mpu6050.o(.data)
    Yaw                                      0x200002cc   Data           4  mpu6050.o(.data)
    temp                                     0x200002d0   Data           1  mpu6050.o(.data)
    MOTOR                                    0x200002d6   Data           8  pwm.o(.data)
    UpdatePID                                0x200002e4   Data           1  pid.o(.data)
    PID_STA                                  0x200002e5   Data           1  pid.o(.data)
    YawLockState                             0x200002e6   Data           1  pid.o(.data)
    Target_Yaw                               0x200002e8   Data           4  pid.o(.data)
    Filter_VBAT                              0x200002ec   Data          44  adc.o(.data)
    Pk_last                                  0x20000318   Data          36  kalman.o(.data)
    SystemCoreClock                          0x20000370   Data           4  system_stm32f10x.o(.data)
    AHBPrescTable                            0x20000374   Data          16  system_stm32f10x.o(.data)
    __stdout                                 0x20000384   Data           4  stdout.o(.data)
    MS5611                                   0x2000038c   Data          56  ms5611.o(.bss)
    NRF                                      0x200003c4   Data          74  nrf24l01.o(.bss)
    data_buff                                0x20000410   Data          32  rc.o(.bss)
    RC_ctrl                                  0x20000430   Data          40  rc.o(.bss)
    RC_flag                                  0x20000458   Data          20  rc.o(.bss)
    gps                                      0x20000470   Data         258  gps.o(.bss)
    gps_data                                 0x20000572   Data         131  gps.o(.bss)
    GPS_Position                             0x200005f8   Data          64  gps.o(.bss)
    GPS_Lat_PID                              0x20000638   Data          32  position_control_gps.o(.bss)
    GPS_Lon_PID                              0x20000658   Data          32  position_control_gps.o(.bss)
    GPS_North_PID                            0x20000678   Data          32  position_control_gps.o(.bss)
    GPS_East_PID                             0x20000698   Data          32  position_control_gps.o(.bss)
    MAG_Data                                 0x200006b8   Data          64  qmc5883.o(.bss)
    IMU_Data                                 0x200006f8   Data          56  mpu6050.o(.bss)
    data_buf                                 0x200007c8   Data          18  pid.o(.bss)
    LocateX_Pos_PID                          0x200007dc   Data          32  pid.o(.bss)
    LocateY_Pos_PID                          0x200007fc   Data          32  pid.o(.bss)
    LocateX_Speed_PID                        0x2000081c   Data          32  pid.o(.bss)
    LocateY_Speed_PID                        0x2000083c   Data          32  pid.o(.bss)
    Pitch_angle_PID                          0x2000085c   Data          32  pid.o(.bss)
    Roll_angle_PID                           0x2000087c   Data          32  pid.o(.bss)
    Yaw_angle_PID                            0x2000089c   Data          32  pid.o(.bss)
    Pitch_rate_PID                           0x200008bc   Data          32  pid.o(.bss)
    Roll_rate_PID                            0x200008dc   Data          32  pid.o(.bss)
    Yaw_rate_PID                             0x200008fc   Data          32  pid.o(.bss)
    High_dis_PID                             0x2000091c   Data          32  pid.o(.bss)
    High_v_PID                               0x2000093c   Data          32  pid.o(.bss)
    PIDOutput                                0x2000095c   Data          16  pid.o(.bss)
    USART1_                                  0x2000096c   Data          12  usart.o(.bss)
    USART2_                                  0x20000978   Data          12  usart.o(.bss)
    USART1_TX_Buff                           0x20000984   Data         128  usart.o(.bss)
    USART1_RX_Buff                           0x20000a04   Data         128  usart.o(.bss)
    USART2_TX_Buff                           0x20000a84   Data        1024  usart.o(.bss)
    USART2_RX_Buff                           0x20000e84   Data        1024  usart.o(.bss)
    VCBAT                                    0x20001284   Data          12  adc.o(.bss)
    Xk_last                                  0x20001290   Data          12  kalman.o(.bss)
    K                                        0x2000129c   Data          24  kalman.o(.bss)
    __initial_sp                             0x200016b8   Data           0  startup_stm32f10x_md.o(STACK)



==============================================================================

Memory Map of the image

  Image Entry point : 0x08006c6d

  Load Region LR_1 (Base: 0x08000000, Size: 0x0000d10c, Max: 0xffffffff, ABSOLUTE, COMPRESSED[0x0000cde0])

    Execution Region ER_RO (Base: 0x08000000, Size: 0x0000cd80, Max: 0xffffffff, ABSOLUTE)

    Base Addr    Size         Type   Attr      Idx    E Section Name        Object

    0x08000000   0x000000ec   Data   RO         1231    RESET               startup_stm32f10x_md.o
    0x080000ec   0x00000000   Code   RO         1645  * .ARM.Collect$$$$00000000  mc_w.l(entry.o)
    0x080000ec   0x00000004   Code   RO         2019    .ARM.Collect$$$$00000001  mc_w.l(entry2.o)
    0x080000f0   0x00000004   Code   RO         2022    .ARM.Collect$$$$00000004  mc_w.l(entry5.o)
    0x080000f4   0x00000000   Code   RO         2024    .ARM.Collect$$$$00000008  mc_w.l(entry7b.o)
    0x080000f4   0x00000000   Code   RO         2026    .ARM.Collect$$$$0000000A  mc_w.l(entry8b.o)
    0x080000f4   0x00000008   Code   RO         2027    .ARM.Collect$$$$0000000B  mc_w.l(entry9a.o)
    0x080000fc   0x00000000   Code   RO         2029    .ARM.Collect$$$$0000000D  mc_w.l(entry10a.o)
    0x080000fc   0x00000000   Code   RO         2031    .ARM.Collect$$$$0000000F  mc_w.l(entry11a.o)
    0x080000fc   0x00000004   Code   RO         2020    .ARM.Collect$$$$00002712  mc_w.l(entry2.o)
    0x08000100   0x0000016c   Code   RO            4    .text               main.o
    0x0800026c   0x0000001a   Code   RO          243    .text               stm32f10x_it.o
    0x08000286   0x00000002   PAD
    0x08000288   0x000000bc   Code   RO          296    .text               led.o
    0x08000344   0x0000006e   Code   RO          323    .text               systick.o
    0x080003b2   0x00000078   Code   RO          350    .text               clock.o
    0x0800042a   0x00000002   PAD
    0x0800042c   0x000004a8   Code   RO          377    .text               ms5611.o
    0x080008d4   0x00000280   Code   RO          461    .text               control.o
    0x08000b54   0x00000358   Code   RO          491    .text               nrf24l01.o
    0x08000eac   0x000013ec   Code   RO          526    .text               rc.o
    0x08002298   0x00000ca4   Code   RO          557    .text               gps.o
    0x08002f3c   0x000004d8   Code   RO          629    .text               flash.o
    0x08003414   0x00000072   Code   RO          653    .text               filter.o
    0x08003486   0x00000002   PAD
    0x08003488   0x000007a4   Code   RO          677    .text               imu.o
    0x08003c2c   0x000001f0   Code   RO          737    .text               height.o
    0x08003e1c   0x00000320   Code   RO          795    .text               position_control_gps.o
    0x0800413c   0x000006d4   Code   RO          826    .text               qmc5883.o
    0x08004810   0x00000548   Code   RO          857    .text               mpu6050.o
    0x08004d58   0x0000002c   Code   RO          891    .text               log.o
    0x08004d84   0x000002a0   Code   RO          924    .text               pwm.o
    0x08005024   0x00000284   Code   RO          954    .text               timer.o
    0x080052a8   0x00000354   Code   RO          979    .text               pid.o
    0x080055fc   0x000000fc   Code   RO         1010    .text               spi.o
    0x080056f8   0x000000ec   Code   RO         1037    .text               exti.o
    0x080057e4   0x0000035c   Code   RO         1064    .text               usart.o
    0x08005b40   0x000001d0   Code   RO         1097    .text               dma.o
    0x08005d10   0x00000114   Code   RO         1125    .text               adc.o
    0x08005e24   0x00000ac4   Code   RO         1156    .text               kalman.o
    0x080068e8   0x00000384   Code   RO         1205    .text               iic.o
    0x08006c6c   0x00000024   Code   RO         1232  * .text               startup_stm32f10x_md.o
    0x08006c90   0x0000035c   Code   RO         1239    .text               stm32f10x_gpio.o
    0x08006fec   0x000003a4   Code   RO         1263    .text               stm32f10x_rcc.o
    0x08007390   0x00000408   Code   RO         1289    .text               stm32f10x_usart.o
    0x08007798   0x000000dc   Code   RO         1313    .text               misc.o
    0x08007874   0x000005bc   Code   RO         1337    .text               stm32f10x_flash.o
    0x08007e30   0x00000e1a   Code   RO         1361    .text               stm32f10x_tim.o
    0x08008c4a   0x00000002   PAD
    0x08008c4c   0x0000030c   Code   RO         1385    .text               stm32f10x_spi.o
    0x08008f58   0x0000011c   Code   RO         1409    .text               stm32f10x_exti.o
    0x08009074   0x00000254   Code   RO         1433    .text               stm32f10x_dma.o
    0x080092c8   0x0000044e   Code   RO         1457    .text               stm32f10x_adc.o
    0x08009716   0x00000002   PAD
    0x08009718   0x000001e0   Code   RO         1505    .text               system_stm32f10x.o
    0x080098f8   0x00000024   Code   RO         1648    .text               mc_w.l(memcpya.o)
    0x0800991c   0x00000024   Code   RO         1650    .text               mc_w.l(memseta.o)
    0x08009940   0x00000024   Code   RO         1652    .text               mc_w.l(strstr.o)
    0x08009964   0x000000b0   Code   RO         1917    .text               mf_w.l(fadd.o)
    0x08009a14   0x00000064   Code   RO         1919    .text               mf_w.l(fmul.o)
    0x08009a78   0x0000007c   Code   RO         1921    .text               mf_w.l(fdiv.o)
    0x08009af4   0x0000014e   Code   RO         1923    .text               mf_w.l(dadd.o)
    0x08009c42   0x000000e4   Code   RO         1925    .text               mf_w.l(dmul.o)
    0x08009d26   0x000000de   Code   RO         1927    .text               mf_w.l(ddiv.o)
    0x08009e04   0x00000012   Code   RO         1929    .text               mf_w.l(fflti.o)
    0x08009e16   0x0000000a   Code   RO         1931    .text               mf_w.l(ffltui.o)
    0x08009e20   0x00000022   Code   RO         1933    .text               mf_w.l(dflti.o)
    0x08009e42   0x0000001a   Code   RO         1935    .text               mf_w.l(dfltui.o)
    0x08009e5c   0x00000032   Code   RO         1937    .text               mf_w.l(ffixi.o)
    0x08009e8e   0x00000028   Code   RO         1939    .text               mf_w.l(ffixui.o)
    0x08009eb6   0x0000003e   Code   RO         1941    .text               mf_w.l(dfixi.o)
    0x08009ef4   0x00000032   Code   RO         1943    .text               mf_w.l(dfixui.o)
    0x08009f26   0x00000026   Code   RO         1945    .text               mf_w.l(f2d.o)
    0x08009f4c   0x00000030   Code   RO         1947    .text               mf_w.l(cdcmple.o)
    0x08009f7c   0x00000030   Code   RO         1949    .text               mf_w.l(cdrcmple.o)
    0x08009fac   0x00000038   Code   RO         1951    .text               mf_w.l(d2f.o)
    0x08009fe4   0x00000014   Code   RO         1953    .text               mf_w.l(cfcmple.o)
    0x08009ff8   0x00000014   Code   RO         1955    .text               mf_w.l(cfrcmple.o)
    0x0800a00c   0x0000002c   Code   RO         2036    .text               mc_w.l(uidiv.o)
    0x0800a038   0x00000062   Code   RO         2038    .text               mc_w.l(uldiv.o)
    0x0800a09a   0x0000001e   Code   RO         2040    .text               mc_w.l(llshl.o)
    0x0800a0b8   0x00000020   Code   RO         2042    .text               mc_w.l(llushr.o)
    0x0800a0d8   0x00000024   Code   RO         2044    .text               mc_w.l(llsshr.o)
    0x0800a0fc   0x00000000   Code   RO         2053    .text               mc_w.l(iusefp.o)
    0x0800a0fc   0x0000006e   Code   RO         2054    .text               mf_w.l(fepilogue.o)
    0x0800a16a   0x00000018   Code   RO         2056    .text               mf_w.l(fscalb.o)
    0x0800a182   0x0000005e   Code   RO         2058    .text               mf_w.l(fsqrt.o)
    0x0800a1e0   0x0000003c   Code   RO         2060    .text               mf_w.l(frnd.o)
    0x0800a21c   0x000000ba   Code   RO         2062    .text               mf_w.l(depilogue.o)
    0x0800a2d6   0x0000002e   Code   RO         2064    .text               mf_w.l(dscalb.o)
    0x0800a304   0x000000a2   Code   RO         2066    .text               mf_w.l(dsqrt.o)
    0x0800a3a6   0x00000030   Code   RO         2068    .text               mf_w.l(dfixul.o)
    0x0800a3d6   0x00000002   PAD
    0x0800a3d8   0x00000024   Code   RO         2070    .text               mc_w.l(init.o)
    0x0800a3fc   0x00000000   Code   RO         2072    .text               mc_w.l(semi.o)
    0x0800a3fc   0x00000000   Code   RO         2073    .text               mc_w.l(iusesemip.o)
    0x0800a3fc   0x00000056   Code   RO         2082    .text               mc_w.l(__dczerorl2.o)
    0x0800a452   0x00000002   PAD
    0x0800a454   0x00000020   Code   RO         1889    i.__0printf         mc_w.l(printfa.o)
    0x0800a474   0x0000002c   Code   RO         1894    i.__0vsnprintf      mc_w.l(printfa.o)
    0x0800a4a0   0x00000028   Code   RO         1984    i.__ARM_fpclassify  m_ws.l(fpclassify.o)
    0x0800a4c8   0x00000026   Code   RO         1986    i.__ARM_fpclassifyf  m_ws.l(fpclassifyf.o)
    0x0800a4ee   0x00000002   PAD
    0x0800a4f0   0x00000388   Code   RO         2005    i.__ieee754_rem_pio2  m_ws.l(rred.o)
    0x0800a878   0x000000fc   Code   RO         1967    i.__kernel_cos      m_ws.l(cos_i.o)
    0x0800a974   0x000000aa   Code   RO         2002    i.__kernel_poly     m_ws.l(poly.o)
    0x0800aa1e   0x00000002   PAD
    0x0800aa20   0x000000ec   Code   RO         2013    i.__kernel_sin      m_ws.l(sin_i.o)
    0x0800ab0c   0x00000010   Code   RO         1970    i.__mathlib_dbl_divzero  m_ws.l(dunder.o)
    0x0800ab1c   0x00000006   Code   RO         1971    i.__mathlib_dbl_infnan  m_ws.l(dunder.o)
    0x0800ab22   0x00000004   Code   RO         1972    i.__mathlib_dbl_infnan2  m_ws.l(dunder.o)
    0x0800ab26   0x0000000c   Code   RO         1973    i.__mathlib_dbl_invalid  m_ws.l(dunder.o)
    0x0800ab32   0x0000000e   Code   RO         1974    i.__mathlib_dbl_overflow  m_ws.l(dunder.o)
    0x0800ab40   0x00000010   Code   RO         1976    i.__mathlib_dbl_underflow  m_ws.l(dunder.o)
    0x0800ab50   0x00000006   Code   RO         1989    i.__mathlib_flt_infnan  m_ws.l(funder.o)
    0x0800ab56   0x00000004   Code   RO         1990    i.__mathlib_flt_infnan2  m_ws.l(funder.o)
    0x0800ab5a   0x00000008   Code   RO         1991    i.__mathlib_flt_invalid  m_ws.l(funder.o)
    0x0800ab62   0x0000000a   Code   RO         1994    i.__mathlib_flt_underflow  m_ws.l(funder.o)
    0x0800ab6c   0x00000168   Code   RO         2010    i.__mathlib_rredf2  m_ws.l(rredf.o)
    0x0800acd4   0x0000000e   Code   RO         2076    i.__scatterload_copy  mc_w.l(handlers.o)
    0x0800ace2   0x00000002   Code   RO         2077    i.__scatterload_null  mc_w.l(handlers.o)
    0x0800ace4   0x0000000e   Code   RO         2078    i.__scatterload_zeroinit  mc_w.l(handlers.o)
    0x0800acf2   0x00000002   PAD
    0x0800acf4   0x0000000c   Code   RO         2048    i.__set_errno       mc_w.l(errno.o)
    0x0800ad00   0x00000184   Code   RO         1896    i._fp_digits        mc_w.l(printfa.o)
    0x0800ae84   0x000006dc   Code   RO         1897    i._printf_core      mc_w.l(printfa.o)
    0x0800b560   0x00000024   Code   RO         1898    i._printf_post_padding  mc_w.l(printfa.o)
    0x0800b584   0x0000002e   Code   RO         1899    i._printf_pre_padding  mc_w.l(printfa.o)
    0x0800b5b2   0x00000016   Code   RO         1900    i._snputc           mc_w.l(printfa.o)
    0x0800b5c8   0x00000124   Code   RO         1572    i.asinf             m_ws.l(asinf.o)
    0x0800b6ec   0x00000220   Code   RO         1958    i.atan              m_ws.l(atan.o)
    0x0800b90c   0x00000180   Code   RO         1580    i.atan2             m_ws.l(atan2.o)
    0x0800ba8c   0x0000025c   Code   RO         1588    i.atan2f            m_ws.l(atan2f.o)
    0x0800bce8   0x0000009c   Code   RO         1596    i.cos               m_ws.l(cos.o)
    0x0800bd84   0x0000017c   Code   RO         1604    i.cosf              m_ws.l(cosf.o)
    0x0800bf00   0x00000012   Code   RO         2033    i.fputc             mc_w.l(fputc.o)
    0x0800bf12   0x00000002   PAD
    0x0800bf14   0x000009d8   Code   RO         1612    i.pow               m_ws.l(pow.o)
    0x0800c8ec   0x00000188   Code   RO         1622    i.sinf              m_ws.l(sinf.o)
    0x0800ca74   0x0000004c   Code   RO         1630    i.sqrt              m_ws.l(sqrt.o)
    0x0800cac0   0x0000002c   Code   RO         1638    i.sqrtf             m_ws.l(sqrtf.o)
    0x0800caec   0x0000000a   Data   RO          493    .constdata          nrf24l01.o
    0x0800caf6   0x00000002   PAD
    0x0800caf8   0x00000088   Data   RO         1613    .constdata          m_ws.l(pow.o)
    0x0800cb80   0x00000098   Data   RO         1959    .constdata          m_ws.l(atan.o)
    0x0800cc18   0x00000030   Data   RO         1968    .constdata          m_ws.l(cos_i.o)
    0x0800cc48   0x00000008   Data   RO         2004    .constdata          m_ws.l(qnan.o)
    0x0800cc50   0x000000c8   Data   RO         2007    .constdata          m_ws.l(rred.o)
    0x0800cd18   0x00000020   Data   RO         2011    .constdata          m_ws.l(rredf.o)
    0x0800cd38   0x00000028   Data   RO         2014    .constdata          m_ws.l(sin_i.o)
    0x0800cd60   0x00000020   Data   RO         2074    Region$$Table       anon$$obj.o


    Execution Region ER_RW (Base: 0x20000000, Size: 0x0000038c, Max: 0xffffffff, ABSOLUTE, COMPRESSED[0x00000060])

    Base Addr    Size         Type   Attr      Idx    E Section Name        Object

    0x20000000   0x0000000a   Data   RW          379    .data               ms5611.o
    0x2000000a   0x00000002   PAD
    0x2000000c   0x00000010   Data   RW          462    .data               control.o
    0x2000001c   0x00000011   Data   RW          528    .data               rc.o
    0x2000002d   0x00000003   PAD
    0x20000030   0x0000001c   Data   RW          559    .data               gps.o
    0x2000004c   0x00000048   Data   RW          678    .data               imu.o
    0x20000094   0x000000b8   Data   RW          738    .data               height.o
    0x2000014c   0x0000003d   Data   RW          797    .data               position_control_gps.o
    0x20000189   0x00000003   PAD
    0x2000018c   0x00000030   Data   RW          828    .data               qmc5883.o
    0x200001bc   0x0000011a   Data   RW          859    .data               mpu6050.o
    0x200002d6   0x00000008   Data   RW          925    .data               pwm.o
    0x200002de   0x00000005   Data   RW          955    .data               timer.o
    0x200002e3   0x00000001   PAD
    0x200002e4   0x00000008   Data   RW          981    .data               pid.o
    0x200002ec   0x0000002c   Data   RW         1127    .data               adc.o
    0x20000318   0x00000044   Data   RW         1158    .data               kalman.o
    0x2000035c   0x00000014   Data   RW         1264    .data               stm32f10x_rcc.o
    0x20000370   0x00000014   Data   RW         1506    .data               system_stm32f10x.o
    0x20000384   0x00000004   Data   RW         2035    .data               mc_w.l(stdout.o)
    0x20000388   0x00000004   Data   RW         2049    .data               mc_w.l(errno.o)


    Execution Region ER_ZI (Base: 0x2000038c, Size: 0x0000132c, Max: 0xffffffff, ABSOLUTE)

    Base Addr    Size         Type   Attr      Idx    E Section Name        Object

    0x2000038c   0x00000038   Zero   RW          378    .bss                ms5611.o
    0x200003c4   0x0000004a   Zero   RW          492    .bss                nrf24l01.o
    0x2000040e   0x00000002   PAD
    0x20000410   0x0000005c   Zero   RW          527    .bss                rc.o
    0x2000046c   0x00000004   PAD
    0x20000470   0x000001c8   Zero   RW          558    .bss                gps.o
    0x20000638   0x00000080   Zero   RW          796    .bss                position_control_gps.o
    0x200006b8   0x00000040   Zero   RW          827    .bss                qmc5883.o
    0x200006f8   0x00000050   Zero   RW          858    .bss                mpu6050.o
    0x20000748   0x00000080   Zero   RW          892    .bss                log.o
    0x200007c8   0x000001a4   Zero   RW          980    .bss                pid.o
    0x2000096c   0x00000918   Zero   RW         1065    .bss                usart.o
    0x20001284   0x0000000c   Zero   RW         1126    .bss                adc.o
    0x20001290   0x00000024   Zero   RW         1157    .bss                kalman.o
    0x200012b4   0x00000004   PAD
    0x200012b8   0x00000400   Zero   RW         1229    STACK               startup_stm32f10x_md.o


==============================================================================

Image component sizes


      Code (inc. data)   RO Data    RW Data    ZI Data      Debug   Object Name

       276         26          0         44         12       1419   adc.o
       120          0          0          0          0        501   clock.o
       640         76          0         16          0       1661   control.o
       464         36          0          0          0       1256   dma.o
       236         12          0          0          0        807   exti.o
       114          0          0          0          0        896   filter.o
      1240         58          0          0          0       3250   flash.o
      3236        248          0         28        456       9755   gps.o
       496        104          0        184          0       2292   height.o
       900          6          0          0          0       3942   iic.o
      1956         74          0         72          0       2668   imu.o
      2756        104          0         68         36       2171   kalman.o
       188         10          0          0          0        649   led.o
        44          4          0          0        128       1695   log.o
       364        136          0          0          0     287869   main.o
       220         22          0          0          0       1913   misc.o
      1352        144          0        282         80       5199   mpu6050.o
      1192         48          0         10         56      10905   ms5611.o
       856         20         10          0         74       7602   nrf24l01.o
       852        110          0          8        420       3708   pid.o
       800        106          0         61        128       2321   position_control_gps.o
       672         22          0          8          0       2103   pwm.o
      1748         68          0         48         64       4395   qmc5883.o
      5100        244          0         17         92       8434   rc.o
       252          8          0          0          0       1133   spi.o
        36          8        236          0       1024        908   startup_stm32f10x_md.o
      1102         26          0          0          0      11153   stm32f10x_adc.o
       596          8          0          0          0       4482   stm32f10x_dma.o
       284         10          0          0          0       2371   stm32f10x_exti.o
      1468         34          0          0          0       8322   stm32f10x_flash.o
       860         38          0          0          0       5845   stm32f10x_gpio.o
        26          0          0          0          0       1214   stm32f10x_it.o
       932         36          0         20          0       9052   stm32f10x_rcc.o
       780         14          0          0          0       6726   stm32f10x_spi.o
      3610         88          0          0          0      22956   stm32f10x_tim.o
      1032         22          0          0          0       8572   stm32f10x_usart.o
       480         38          0         20          0       2051   system_stm32f10x.o
       110          0          0          0          0        692   systick.o
       644         46          0          5          0       1406   timer.o
       860         32          0          0       2328       3644   usart.o

    ----------------------------------------------------------------------
     38904       2086        280        900       4908     457938   Object Totals
         0          0         32          0          0          0   (incl. Generated)
        10          0          2          9         10          0   (incl. Padding)

    ----------------------------------------------------------------------

      Code (inc. data)   RO Data    RW Data    ZI Data      Debug   Library Member Name

       292         38          0          0          0        120   asinf.o
       544         70        152          0          0        124   atan.o
       384         38          0          0          0        144   atan2.o
       604         76          0          0          0        116   atan2f.o
       156          8          0          0          0        104   cos.o
       252         22         48          0          0        124   cos_i.o
       380         52          0          0          0        124   cosf.o
        68         10          0          0          0        408   dunder.o
        40          0          0          0          0         68   fpclassify.o
        38          0          0          0          0         68   fpclassifyf.o
        28          0          0          0          0        272   funder.o
       170          0          0          0          0         96   poly.o
      2520        190        136          0          0        324   pow.o
         0          0          8          0          0          0   qnan.o
       904         76        200          0          0        140   rred.o
       360         16         32          0          0         88   rredf.o
       236         12         40          0          0        128   sin_i.o
       392         54          0          0          0        124   sinf.o
        76          0          0          0          0         84   sqrt.o
        44          0          0          0          0         80   sqrtf.o
        86          0          0          0          0          0   __dczerorl2.o
         0          0          0          0          0          0   entry.o
         0          0          0          0          0          0   entry10a.o
         0          0          0          0          0          0   entry11a.o
         8          4          0          0          0          0   entry2.o
         4          0          0          0          0          0   entry5.o
         0          0          0          0          0          0   entry7b.o
         0          0          0          0          0          0   entry8b.o
         8          4          0          0          0          0   entry9a.o
        12          6          0          4          0         68   errno.o
        18          0          0          0          0         80   fputc.o
        30          0          0          0          0          0   handlers.o
        36          8          0          0          0         68   init.o
         0          0          0          0          0          0   iusefp.o
         0          0          0          0          0          0   iusesemip.o
        30          0          0          0          0         68   llshl.o
        36          0          0          0          0         68   llsshr.o
        32          0          0          0          0         68   llushr.o
        36          0          0          0          0         68   memcpya.o
        36          0          0          0          0        108   memseta.o
      2324         94          0          0          0        600   printfa.o
         0          0          0          0          0          0   semi.o
         0          0          0          4          0          0   stdout.o
        36          0          0          0          0         80   strstr.o
        44          0          0          0          0         80   uidiv.o
        98          0          0          0          0         92   uldiv.o
        48          0          0          0          0         68   cdcmple.o
        48          0          0          0          0         68   cdrcmple.o
        20          0          0          0          0         68   cfcmple.o
        20          0          0          0          0         68   cfrcmple.o
        56          0          0          0          0         88   d2f.o
       334          0          0          0          0        148   dadd.o
       222          0          0          0          0        100   ddiv.o
       186          0          0          0          0        176   depilogue.o
        62          0          0          0          0         80   dfixi.o
        50          0          0          0          0         76   dfixui.o
        48          0          0          0          0         68   dfixul.o
        34          0          0          0          0         76   dflti.o
        26          0          0          0          0         76   dfltui.o
       228          0          0          0          0         96   dmul.o
        46          0          0          0          0         80   dscalb.o
       162          0          0          0          0        100   dsqrt.o
        38          0          0          0          0         68   f2d.o
       176          0          0          0          0        140   fadd.o
       124          0          0          0          0         88   fdiv.o
       110          0          0          0          0        168   fepilogue.o
        50          0          0          0          0         68   ffixi.o
        40          0          0          0          0         68   ffixui.o
        18          0          0          0          0         68   fflti.o
        10          0          0          0          0         68   ffltui.o
       100          0          0          0          0         76   fmul.o
        60          0          0          0          0         76   frnd.o
        24          0          0          0          0         68   fscalb.o
        94          0          0          0          0         96   fsqrt.o

    ----------------------------------------------------------------------
     12808        778        616          8          0       6672   Library Totals
        12          0          0          0          0          0   (incl. Padding)

    ----------------------------------------------------------------------

      Code (inc. data)   RO Data    RW Data    ZI Data      Debug   Library Name

      7488        662        616          0          0       2736   m_ws.l
      2874        116          0          8          0       1448   mc_w.l
      2434          0          0          0          0       2488   mf_w.l

    ----------------------------------------------------------------------
     12808        778        616          8          0       6672   Library Totals

    ----------------------------------------------------------------------

==============================================================================


      Code (inc. data)   RO Data    RW Data    ZI Data      Debug   

     51712       2864        896        908       4908     457926   Grand Totals
     51712       2864        896         96       4908     457926   ELF Image Totals (compressed)
     51712       2864        896         96          0          0   ROM Totals

==============================================================================

    Total RO  Size (Code + RO Data)                52608 (  51.38kB)
    Total RW  Size (RW Data + ZI Data)              5816 (   5.68kB)
    Total ROM Size (Code + RO Data + RW Data)      52704 (  51.47kB)

==============================================================================

