Component: ARM Compiler 5.06 update 4 (build 422) Tool: armlink [4d35d2]

==============================================================================

Section Cross References

    main.o(.text) refers to clock.o(.text) for Clock_Init
    main.o(.text) refers to misc.o(.text) for NVIC_PriorityGroupConfig
    main.o(.text) refers to iic.o(.text) for IIC_Init
    main.o(.text) refers to led.o(.text) for Led_Init
    main.o(.text) refers to adc.o(.text) for Adc_Init
    main.o(.text) refers to pwm.o(.text) for PWM_Init
    main.o(.text) refers to systick.o(.text) for Delay_ms
    main.o(.text) refers to mpu6050.o(.text) for MPU6050_Init
    main.o(.text) refers to ms5611.o(.text) for MS5611_Init
    main.o(.text) refers to qmc5883.o(.text) for MAG_Init
    main.o(.text) refers to flash.o(.text) for Flash_Read_Sensor_Data
    main.o(.text) refers to nrf24l01.o(.text) for NRF24L01_Init
    main.o(.text) refers to stm32f10x_gpio.o(.text) for GPIO_ResetBits
    main.o(.text) refers to exti.o(.text) for EXTI12_Init
    main.o(.text) refers to position_control_gps.o(.text) for GPS_Position_PID_Para_Init
    main.o(.text) refers to usart.o(.text) for USART1_Init
    main.o(.text) refers to timer.o(.text) for TIMER4_Init
    main.o(.text) refers to printfa.o(i.__0sprintf) for __2sprintf
    main.o(.text) refers to ms5611.o(.bss) for MS5611
    main.o(.text) refers to qmc5883.o(.bss) for MAG_Data
    main.o(.text) refers to mpu6050.o(.bss) for IMU_Data
    main.o(.text) refers to rc.o(.bss) for RC_flag
    main.o(.text) refers to pid.o(.data) for PID_STA
    led.o(.text) refers to system_stm32f10x.o(.text) for SystemInit
    led.o(.text) refers to stm32f10x_rcc.o(.text) for RCC_APB2PeriphClockCmd
    led.o(.text) refers to stm32f10x_gpio.o(.text) for GPIO_PinRemapConfig
    led.o(.text) refers to systick.o(.text) for Delay_ms
    clock.o(.text) refers to stm32f10x_rcc.o(.text) for RCC_DeInit
    clock.o(.text) refers to stm32f10x_flash.o(.text) for FLASH_SetLatency
    ms5611.o(.text) refers to iic.o(.text) for Api_IIC_Write_CMD
    ms5611.o(.text) refers to systick.o(.text) for Delay_ms
    ms5611.o(.text) refers to ffltui.o(.text) for __aeabi_ui2f
    ms5611.o(.text) refers to stm32f10x_gpio.o(.text) for GPIO_ResetBits
    ms5611.o(.text) refers to fdiv.o(.text) for __aeabi_fdiv
    ms5611.o(.text) refers to height.o(.text) for Press_To_Height
    ms5611.o(.text) refers to ffixi.o(.text) for __aeabi_f2iz
    ms5611.o(.text) refers to flash.o(.text) for FlashErase
    ms5611.o(.text) refers to fadd.o(.text) for __aeabi_fadd
    ms5611.o(.text) refers to ms5611.o(.bss) for MS5611
    ms5611.o(.text) refers to ms5611.o(.data) for cnt
    ms5611.o(.text) refers to height.o(.data) for real_height
    ms5611.o(.text) refers to rc.o(.bss) for RC_flag
    control.o(.text) refers to pwm.o(.text) for PWM_Set
    control.o(.text) refers to pid.o(.text) for PID_Reset_All
    control.o(.text) refers to f2d.o(.text) for __aeabi_f2d
    control.o(.text) refers to cdcmple.o(.text) for __aeabi_cdcmple
    control.o(.text) refers to cdrcmple.o(.text) for __aeabi_cdrcmple
    control.o(.text) refers to ffltui.o(.text) for __aeabi_ui2f
    control.o(.text) refers to fadd.o(.text) for __aeabi_fadd
    control.o(.text) refers to ffixui.o(.text) for __aeabi_f2uiz
    control.o(.text) refers to control.o(.data) for Fly_sta
    control.o(.text) refers to mpu6050.o(.bss) for IMU_Data
    control.o(.text) refers to qmc5883.o(.bss) for MAG_Data
    control.o(.text) refers to ms5611.o(.bss) for MS5611
    control.o(.text) refers to pid.o(.data) for PID_STA
    control.o(.text) refers to gps.o(.bss) for gps_data
    control.o(.text) refers to pwm.o(.data) for MOTOR
    control.o(.text) refers to imu.o(.data) for IMU
    control.o(.text) refers to rc.o(.bss) for RC_ctrl
    control.o(.text) refers to pid.o(.bss) for Pitch_rate_PID
    nrf24l01.o(.text) refers to stm32f10x_rcc.o(.text) for RCC_APB2PeriphClockCmd
    nrf24l01.o(.text) refers to stm32f10x_gpio.o(.text) for GPIO_Init
    nrf24l01.o(.text) refers to spi.o(.text) for SPI2_Init
    nrf24l01.o(.text) refers to systick.o(.text) for Delay_ms
    nrf24l01.o(.text) refers to nrf24l01.o(.constdata) for RX_ADDRESS_P0
    rc.o(.text) refers to nrf24l01.o(.text) for NRF_W_ACK_PAYLOAD
    rc.o(.text) refers to fmul.o(.text) for __aeabi_fmul
    rc.o(.text) refers to ffixui.o(.text) for __aeabi_f2uiz
    rc.o(.text) refers to dmul.o(.text) for __aeabi_dmul
    rc.o(.text) refers to dfixui.o(.text) for __aeabi_d2uiz
    rc.o(.text) refers to ffixi.o(.text) for __aeabi_f2iz
    rc.o(.text) refers to rc.o(.bss) for data_buff
    rc.o(.text) refers to memcpya.o(.text) for __aeabi_memcpy4
    rc.o(.text) refers to fflti.o(.text) for __aeabi_i2f
    rc.o(.text) refers to mpu6050.o(.bss) for IMU_Data
    rc.o(.text) refers to control.o(.data) for Fly_sta
    rc.o(.text) refers to height.o(.data) for real_speed_height
    rc.o(.text) refers to imu.o(.data) for IMU
[...]
    _printf_llx                              0x00000000   Number         0  stubs.o ABSOLUTE
    _printf_longlong_dec                     0x00000000   Number         0  stubs.o ABSOLUTE
    _printf_longlong_hex                     0x00000000   Number         0  stubs.o ABSOLUTE
    _printf_longlong_oct                     0x00000000   Number         0  stubs.o ABSOLUTE
    _printf_ls                               0x00000000   Number         0  stubs.o ABSOLUTE
    _printf_mbtowc                           0x00000000   Number         0  stubs.o ABSOLUTE
    _printf_n                                0x00000000   Number         0  stubs.o ABSOLUTE
    _printf_o                                0x00000000   Number         0  stubs.o ABSOLUTE
    _printf_p                                0x00000000   Number         0  stubs.o ABSOLUTE
    _printf_percent                          0x00000000   Number         0  stubs.o ABSOLUTE
    _printf_pre_padding                      0x00000000   Number         0  stubs.o ABSOLUTE
    _printf_return_value                     0x00000000   Number         0  stubs.o ABSOLUTE
    _printf_s                                0x00000000   Number         0  stubs.o ABSOLUTE
    _printf_sizespec                         0x00000000   Number         0  stubs.o ABSOLUTE
    _printf_str                              0x00000000   Number         0  stubs.o ABSOLUTE
    _printf_truncate_signed                  0x00000000   Number         0  stubs.o ABSOLUTE
    _printf_truncate_unsigned                0x00000000   Number         0  stubs.o ABSOLUTE
    _printf_u                                0x00000000   Number         0  stubs.o ABSOLUTE
    _printf_wc                               0x00000000   Number         0  stubs.o ABSOLUTE
    _printf_wctomb                           0x00000000   Number         0  stubs.o ABSOLUTE
    _printf_widthprec                        0x00000000   Number         0  stubs.o ABSOLUTE
    _printf_x                                0x00000000   Number         0  stubs.o ABSOLUTE
    __cpp_initialize__aeabi_                  - Undefined Weak Reference
    __cxa_finalize                            - Undefined Weak Reference
    _clock_init                               - Undefined Weak Reference
    _microlib_exit                            - Undefined Weak Reference
    __Vectors_Size                           0x000000ec   Number         0  startup_stm32f10x_md.o ABSOLUTE
    __Vectors                                0x08000000   Data           4  startup_stm32f10x_md.o(RESET)
    __Vectors_End                            0x080000ec   Data           0  startup_stm32f10x_md.o(RESET)
    __main                                   0x080000ed   Thumb Code     0  entry.o(.ARM.Collect$$$$00000000)
    _main_stk                                0x080000ed   Thumb Code     0  entry2.o(.ARM.Collect$$$$00000001)
    _main_scatterload                        0x080000f1   Thumb Code     0  entry5.o(.ARM.Collect$$$$00000004)
    __main_after_scatterload                 0x080000f5   Thumb Code     0  entry5.o(.ARM.Collect$$$$00000004)
    _main_clock                              0x080000f5   Thumb Code     0  entry7b.o(.ARM.Collect$$$$00000008)
    _main_cpp_init                           0x080000f5   Thumb Code     0  entry8b.o(.ARM.Collect$$$$0000000A)
    _main_init                               0x080000f5   Thumb Code     0  entry9a.o(.ARM.Collect$$$$0000000B)
    __rt_final_cpp                           0x080000fd   Thumb Code     0  entry10a.o(.ARM.Collect$$$$0000000D)
    __rt_final_exit                          0x080000fd   Thumb Code     0  entry11a.o(.ARM.Collect$$$$0000000F)
    main                                     0x08000101   Thumb Code   218  main.o(.text)
    NMI_Handler                              0x0800021d   Thumb Code     2  stm32f10x_it.o(.text)
    HardFault_Handler                        0x0800021f   Thumb Code     4  stm32f10x_it.o(.text)
    MemManage_Handler                        0x08000223   Thumb Code     4  stm32f10x_it.o(.text)
    BusFault_Handler                         0x08000227   Thumb Code     4  stm32f10x_it.o(.text)
    UsageFault_Handler                       0x0800022b   Thumb Code     4  stm32f10x_it.o(.text)
    SVC_Handler                              0x0800022f   Thumb Code     2  stm32f10x_it.o(.text)
    DebugMon_Handler                         0x08000231   Thumb Code     2  stm32f10x_it.o(.text)
    PendSV_Handler                           0x08000233   Thumb Code     2  stm32f10x_it.o(.text)
    SysTick_Handler                          0x08000235   Thumb Code     2  stm32f10x_it.o(.text)
    Led_Init                                 0x08000239   Thumb Code    70  led.o(.text)
    LedStart_Show                            0x0800027f   Thumb Code   108  led.o(.text)
    Delay_ms                                 0x080002f5   Thumb Code    56  systick.o(.text)
    Delay_us                                 0x0800032d   Thumb Code    54  systick.o(.text)
    Clock_Init                               0x08000363   Thumb Code   120  clock.o(.text)
    MS5611_Init                              0x080004a1   Thumb Code    88  ms5611.o(.text)
    MS5611_start_up                          0x0800051d   Thumb Code    12  ms5611.o(.text)
    MS5611_Data_Pros                         0x08000529   Thumb Code   450  ms5611.o(.text)
    MS5611_Get_Reff_P                        0x080006eb   Thumb Code   260  ms5611.o(.text)
    MS5611_Data_Update                       0x080007ef   Thumb Code   102  ms5611.o(.text)
    Control                                  0x08000885   Thumb Code   562  control.o(.text)
    High_Handle                              0x08000ab7   Thumb Code     2  control.o(.text)
    NRF24L01_RX_Data_Pros                    0x08000b05   Thumb Code     2  nrf24l01.o(.text)
    NRF24L01_Init                            0x08000b07   Thumb Code   102  nrf24l01.o(.text)
    NRF24L01_Read_Buf                        0x08000b6d   Thumb Code    66  nrf24l01.o(.text)
    NRF24L01_Write_Buf                       0x08000baf   Thumb Code    64  nrf24l01.o(.text)
    NRF24L01_Check                           0x08000bef   Thumb Code    72  nrf24l01.o(.text)
    NRF24L01_Write_Reg                       0x08000c37   Thumb Code    44  nrf24l01.o(.text)
    NRF24L01_Read_Reg                        0x08000c63   Thumb Code    42  nrf24l01.o(.text)
    NRF24L01_RX_Mode                         0x08000c8d   Thumb Code   104  nrf24l01.o(.text)
    NRF24L01_TX_Mode                         0x08000cf5   Thumb Code    98  nrf24l01.o(.text)
    NRF_Flush_TX_FIFO                        0x08000d57   Thumb Code    22  nrf24l01.o(.text)
    NRF_R_FIFO_STA                           0x08000d6d   Thumb Code    24  nrf24l01.o(.text)
    NRF24L01_Send_Data                       0x08000d85   Thumb Code    56  nrf24l01.o(.text)
    NRF_Flush_RX_FIFO                        0x08000dbd   Thumb Code    22  nrf24l01.o(.text)
    NRF_R_STATUS                             0x08000dd3   Thumb Code    34  nrf24l01.o(.text)
    NRF_W_ACK_PAYLOAD                        0x08000df5   Thumb Code    34  nrf24l01.o(.text)
    NRF_R_RX_PL_WID                          0x08000e17   Thumb Code    10  nrf24l01.o(.text)
    NRF24L01_ReceiveData                     0x08000e21   Thumb Code    40  nrf24l01.o(.text)
    RC_Send_Power                            0x08000e6f   Thumb Code   174  rc.o(.text)
    RC_Send_GPS                              0x08000f1d   Thumb Code   498  rc.o(.text)
    RC_Send_Sensor                           0x0800110f   Thumb Code   392  rc.o(.text)
    RC_Send_STATUS                           0x08001297   Thumb Code   376  rc.o(.text)
    RC_Send_CHECK                            0x0800140f   Thumb Code    66  rc.o(.text)
    RC_Send_PID                              0x08001451   Thumb Code   520  rc.o(.text)
    RC_Send_MSG                              0x08001659   Thumb Code    66  rc.o(.text)
    RC_Payload                               0x0800169b   Thumb Code   838  rc.o(.text)
    RC_Anl_PID                               0x080019e1   Thumb Code  1706  rc.o(.text)
    RC_Anl_CTRL                              0x0800208b   Thumb Code    64  rc.o(.text)
    RC_Anl_CMD2                              0x080020cb   Thumb Code    32  rc.o(.text)
    RC_Anl_CMD1                              0x080020eb   Thumb Code   128  rc.o(.text)
    RC_Anl_BUFF                              0x0800216b   Thumb Code   170  rc.o(.text)
    NMEA_Pow                                 0x08002249   Thumb Code    22  gps.o(.text)
    NMEA_Str2num                             0x0800225f   Thumb Code   234  gps.o(.text)
    NMEA_Comma_Pos                           0x08002349   Thumb Code    50  gps.o(.text)
    NMEA_GPVTG_Analysis                      0x0800237b   Thumb Code   168  gps.o(.text)
    NMEA_GPRMC_Analysis                      0x08002423   Thumb Code   682  gps.o(.text)
    NMEA_GPGSA_Analysis                      0x080026cd   Thumb Code   200  gps.o(.text)
    NMEA_GPGGA_Analysis                      0x08002795   Thumb Code   114  gps.o(.text)
    NMEA_GPGSV_Analysis                      0x08002807   Thumb Code   290  gps.o(.text)
    GPS_Analysis                             0x08002929   Thumb Code   398  gps.o(.text)
    GPS_Show                                 0x08002ab7   Thumb Code   420  gps.o(.text)
    Ublox_CheckSum                           0x08002c5b   Thumb Code    40  gps.o(.text)
    Ublox_Cfg_Ack_Check                      0x08002c83   Thumb Code   106  gps.o(.text)
    Ublox_Cfg_Cfg_Save                       0x08002ced   Thumb Code   110  gps.o(.text)
    Ublox_Cfg_Msg                            0x08002d5b   Thumb Code    82  gps.o(.text)
    Ublox_Cfg_Prt                            0x08002dad   Thumb Code   106  gps.o(.text)
    Ublox_Cfg_Tp                             0x08002e17   Thumb Code   102  gps.o(.text)
    Ublox_Cfg_Rate                           0x08002e7d   Thumb Code    80  gps.o(.text)
    FlashErase                               0x08002eed   Thumb Code    62  flash.o(.text)
    FlashWrite                               0x08002f2b   Thumb Code    66  flash.o(.text)
    FLASH_ReadHalfWord                       0x08002f6d   Thumb Code     6  flash.o(.text)
    FlashRead                                0x08002f73   Thumb Code    36  flash.o(.text)
    FLASH_ReadMoreData                       0x08002f97   Thumb Code    34  flash.o(.text)
    Flash_Read_Sensor_Data                   0x08002fb9   Thumb Code   304  flash.o(.text)
    Flash_Read_PID                           0x080030e9   Thumb Code   674  flash.o(.text)
    MoveAvarageFilter                        0x080033c5   Thumb Code   114  filter.o(.text)
    To_180_degrees                           0x08003439   Thumb Code    74  imu.o(.text)
    invSqrt                                  0x08003483   Thumb Code    72  imu.o(.text)
    LIMIT                                    0x080034cb   Thumb Code    38  imu.o(.text)
    IMU_Update                               0x080034f1   Thumb Code  1758  imu.o(.text)
    Press_To_Height                          0x08003bdd   Thumb Code   116  height.o(.text)
    Height_Control_Update                    0x08003c51   Thumb Code   276  height.o(.text)
    GPS_Position_PID_Para_Init               0x08003dcd   Thumb Code    58  position_control_gps.o(.text)
    my_deathzoom_int32                       0x08003e07   Thumb Code    26  position_control_gps.o(.text)
    Position_Control_Update                  0x08003e21   Thumb Code   494  position_control_gps.o(.text)
    GPS_Positon_exchange_AHRS_Control        0x0800400f   Thumb Code    84  position_control_gps.o(.text)
    GPS_Control_Update                       0x08004063   Thumb Code    32  position_control_gps.o(.text)
    MAG_Init                                 0x0800411f   Thumb Code    64  qmc5883.o(.text)
    MAG_Data_Update                          0x080043b5   Thumb Code   846  qmc5883.o(.text)
    MAG_Error_Det                            0x08004703   Thumb Code   150  qmc5883.o(.text)
    MPU6050_Init                             0x080047f3   Thumb Code   118  mpu6050.o(.text)
    IMU_Data_Update                          0x08004aaf   Thumb Code   514  mpu6050.o(.text)
    PWM_Set                                  0x08004cbd   Thumb Code   406  pwm.o(.text)
    PWM_Init                                 0x08004e53   Thumb Code   244  pwm.o(.text)
    TIMER2_Init                              0x08004f5d   Thumb Code    98  timer.o(.text)
    TIMER4_Init                              0x08004fbf   Thumb Code   100  timer.o(.text)
    TIM2_IRQHandler                          0x08005023   Thumb Code   170  timer.o(.text)
    TIM4_IRQHandler                          0x080050cd   Thumb Code   230  timer.o(.text)
    PID_Yaw_Cal                              0x080051e1   Thumb Code   148  pid.o(.text)
    PID_Position_Cal                         0x08005275   Thumb Code   140  pid.o(.text)
    PID_Reset_Integ                          0x08005301   Thumb Code     6  pid.o(.text)
    PID_Cal_Update                           0x08005307   Thumb Code   382  pid.o(.text)
    PID_Reset                                0x08005485   Thumb Code    14  pid.o(.text)
    PID_Reset_All                            0x08005493   Thumb Code    52  pid.o(.text)
    SPI2_Init                                0x08005535   Thumb Code   130  spi.o(.text)
    SPI2_ReadWriteByte                       0x080055b7   Thumb Code    78  spi.o(.text)
    SPI2_SetSpeed                            0x08005605   Thumb Code    36  spi.o(.text)
    EXTI12_Init                              0x08005631   Thumb Code   114  exti.o(.text)
    EXTI15_10_IRQHandler                     0x080056a3   Thumb Code   110  exti.o(.text)
    USART1_SendData                          0x0800571d   Thumb Code    68  usart.o(.text)
    USART1_Init                              0x08005761   Thumb Code   194  usart.o(.text)
    USART1_IRQHandler                        0x08005823   Thumb Code   152  usart.o(.text)
    USART2_SendData                          0x080058bb   Thumb Code    72  usart.o(.text)
    USART2_Init                              0x08005903   Thumb Code   192  usart.o(.text)
    USART2_IRQHandler                        0x080059c3   Thumb Code   144  usart.o(.text)
    USART1_DMA_Init                          0x08005a75   Thumb Code   170  dma.o(.text)
    DMA1_Channel4_IRQHandler                 0x08005b1f   Thumb Code    46  dma.o(.text)
    USART2_DMA_Init                          0x08005b4d   Thumb Code   166  dma.o(.text)
    DMA1_Channel7_IRQHandler                 0x08005bf3   Thumb Code    46  dma.o(.text)
    Adc_Init                                 0x08005c45   Thumb Code   152  adc.o(.text)
    Get_Battery_Inf                          0x08005cdd   Thumb Code    98  adc.o(.text)
    Kalman_Height                            0x08005d59   Thumb Code  2526  kalman.o(.text)
    KalmanFilter_V                           0x08006737   Thumb Code   196  kalman.o(.text)
    IIC_Init                                 0x0800681d   Thumb Code    60  iic.o(.text)
    Api_IIC_Write_CMD                        0x08006a95   Thumb Code    36  iic.o(.text)
    Api_IIC_WriteBytes                       0x08006ab9   Thumb Code   102  iic.o(.text)
    Api_IIC_ReadBytes                        0x08006b1f   Thumb Code   124  iic.o(.text)
    Reset_Handler                            0x08006ba1   Thumb Code     8  startup_stm32f10x_md.o(.text)
    ADC1_2_IRQHandler                        0x08006bbb   Thumb Code     0  startup_stm32f10x_md.o(.text)
    CAN1_RX1_IRQHandler                      0x08006bbb   Thumb Code     0  startup_stm32f10x_md.o(.text)
    CAN1_SCE_IRQHandler                      0x08006bbb   Thumb Code     0  startup_stm32f10x_md.o(.text)
    DMA1_Channel1_IRQHandler                 0x08006bbb   Thumb Code     0  startup_stm32f10x_md.o(.text)
    DMA1_Channel2_IRQHandler                 0x08006bbb   Thumb Code     0  startup_stm32f10x_md.o(.text)
    DMA1_Channel3_IRQHandler                 0x08006bbb   Thumb Code     0  startup_stm32f10x_md.o(.text)
    DMA1_Channel5_IRQHandler                 0x08006bbb   Thumb Code     0  startup_stm32f10x_md.o(.text)
    DMA1_Channel6_IRQHandler                 0x08006bbb   Thumb Code     0  startup_stm32f10x_md.o(.text)
    EXTI0_IRQHandler                         0x08006bbb   Thumb Code     0  startup_stm32f10x_md.o(.text)
    EXTI1_IRQHandler                         0x08006bbb   Thumb Code     0  startup_stm32f10x_md.o(.text)
    EXTI2_IRQHandler                         0x08006bbb   Thumb Code     0  startup_stm32f10x_md.o(.text)
    EXTI3_IRQHandler                         0x08006bbb   Thumb Code     0  startup_stm32f10x_md.o(.text)
    EXTI4_IRQHandler                         0x08006bbb   Thumb Code     0  startup_stm32f10x_md.o(.text)
    EXTI9_5_IRQHandler                       0x08006bbb   Thumb Code     0  startup_stm32f10x_md.o(.text)
    FLASH_IRQHandler                         0x08006bbb   Thumb Code     0  startup_stm32f10x_md.o(.text)
    I2C1_ER_IRQHandler                       0x08006bbb   Thumb Code     0  startup_stm32f10x_md.o(.text)
    I2C1_EV_IRQHandler                       0x08006bbb   Thumb Code     0  startup_stm32f10x_md.o(.text)
    I2C2_ER_IRQHandler                       0x08006bbb   Thumb Code     0  startup_stm32f10x_md.o(.text)
    I2C2_EV_IRQHandler                       0x08006bbb   Thumb Code     0  startup_stm32f10x_md.o(.text)
    PVD_IRQHandler                           0x08006bbb   Thumb Code     0  startup_stm32f10x_md.o(.text)
    RCC_IRQHandler                           0x08006bbb   Thumb Code     0  startup_stm32f10x_md.o(.text)
    RTCAlarm_IRQHandler                      0x08006bbb   Thumb Code     0  startup_stm32f10x_md.o(.text)
    RTC_IRQHandler                           0x08006bbb   Thumb Code     0  startup_stm32f10x_md.o(.text)
    SPI1_IRQHandler                          0x08006bbb   Thumb Code     0  startup_stm32f10x_md.o(.text)
    SPI2_IRQHandler                          0x08006bbb   Thumb Code     0  startup_stm32f10x_md.o(.text)
    TAMPER_IRQHandler                        0x08006bbb   Thumb Code     0  startup_stm32f10x_md.o(.text)
    TIM1_BRK_IRQHandler                      0x08006bbb   Thumb Code     0  startup_stm32f10x_md.o(.text)
    TIM1_CC_IRQHandler                       0x08006bbb   Thumb Code     0  startup_stm32f10x_md.o(.text)
    TIM1_TRG_COM_IRQHandler                  0x08006bbb   Thumb Code     0  startup_stm32f10x_md.o(.text)
    TIM1_UP_IRQHandler                       0x08006bbb   Thumb Code     0  startup_stm32f10x_md.o(.text)
    TIM3_IRQHandler                          0x08006bbb   Thumb Code     0  startup_stm32f10x_md.o(.text)
    USART3_IRQHandler                        0x08006bbb   Thumb Code     0  startup_stm32f10x_md.o(.text)
    USBWakeUp_IRQHandler                     0x08006bbb   Thumb Code     0  startup_stm32f10x_md.o(.text)
    USB_HP_CAN1_TX_IRQHandler                0x08006bbb   Thumb Code     0  startup_stm32f10x_md.o(.text)
    USB_LP_CAN1_RX0_IRQHandler               0x08006bbb   Thumb Code     0  startup_stm32f10x_md.o(.text)
    WWDG_IRQHandler                          0x08006bbb   Thumb Code     0  startup_stm32f10x_md.o(.text)
    GPIO_DeInit                              0x08006bc5   Thumb Code   172  stm32f10x_gpio.o(.text)
    GPIO_AFIODeInit                          0x08006c71   Thumb Code    20  stm32f10x_gpio.o(.text)
    GPIO_Init                                0x08006c85   Thumb Code   278  stm32f10x_gpio.o(.text)
    GPIO_StructInit                          0x08006d9b   Thumb Code    16  stm32f10x_gpio.o(.text)
    GPIO_ReadInputDataBit                    0x08006dab   Thumb Code    18  stm32f10x_gpio.o(.text)
    GPIO_ReadInputData                       0x08006dbd   Thumb Code     8  stm32f10x_gpio.o(.text)
    GPIO_ReadOutputDataBit                   0x08006dc5   Thumb Code    18  stm32f10x_gpio.o(.text)
    GPIO_ReadOutputData                      0x08006dd7   Thumb Code     8  stm32f10x_gpio.o(.text)
    GPIO_SetBits                             0x08006ddf   Thumb Code     4  stm32f10x_gpio.o(.text)
    GPIO_ResetBits                           0x08006de3   Thumb Code     4  stm32f10x_gpio.o(.text)
    GPIO_WriteBit                            0x08006de7   Thumb Code    10  stm32f10x_gpio.o(.text)
    GPIO_Write                               0x08006df1   Thumb Code     4  stm32f10x_gpio.o(.text)
    GPIO_PinLockConfig                       0x08006df5   Thumb Code    18  stm32f10x_gpio.o(.text)
    GPIO_EventOutputConfig                   0x08006e07   Thumb Code    26  stm32f10x_gpio.o(.text)
    GPIO_EventOutputCmd                      0x08006e21   Thumb Code     6  stm32f10x_gpio.o(.text)
    GPIO_PinRemapConfig                      0x08006e27   Thumb Code   138  stm32f10x_gpio.o(.text)
    GPIO_EXTILineConfig                      0x08006eb1   Thumb Code    66  stm32f10x_gpio.o(.text)
    GPIO_ETH_MediaInterfaceConfig            0x08006ef3   Thumb Code     8  stm32f10x_gpio.o(.text)
    RCC_DeInit                               0x08006f21   Thumb Code    64  stm32f10x_rcc.o(.text)
    RCC_HSEConfig                            0x08006f61   Thumb Code    70  stm32f10x_rcc.o(.text)
    RCC_GetFlagStatus                        0x08006fa7   Thumb Code    56  stm32f10x_rcc.o(.text)
    RCC_WaitForHSEStartUp                    0x08006fdf   Thumb Code    56  stm32f10x_rcc.o(.text)
    RCC_AdjustHSICalibrationValue            0x08007017   Thumb Code    20  stm32f10x_rcc.o(.text)
    RCC_HSICmd                               0x0800702b   Thumb Code     6  stm32f10x_rcc.o(.text)
    RCC_PLLConfig                            0x08007031   Thumb Code    24  stm32f10x_rcc.o(.text)
    RCC_PLLCmd                               0x08007049   Thumb Code     6  stm32f10x_rcc.o(.text)
    RCC_SYSCLKConfig                         0x0800704f   Thumb Code    18  stm32f10x_rcc.o(.text)
    RCC_GetSYSCLKSource                      0x08007061   Thumb Code    10  stm32f10x_rcc.o(.text)
    RCC_HCLKConfig                           0x0800706b   Thumb Code    18  stm32f10x_rcc.o(.text)
    RCC_PCLK1Config                          0x0800707d   Thumb Code    18  stm32f10x_rcc.o(.text)
    RCC_PCLK2Config                          0x0800708f   Thumb Code    20  stm32f10x_rcc.o(.text)
    RCC_ITConfig                             0x080070a3   Thumb Code    26  stm32f10x_rcc.o(.text)
    RCC_USBCLKConfig                         0x080070bd   Thumb Code     8  stm32f10x_rcc.o(.text)
    RCC_ADCCLKConfig                         0x080070c5   Thumb Code    18  stm32f10x_rcc.o(.text)
    RCC_LSEConfig                            0x080070d7   Thumb Code    50  stm32f10x_rcc.o(.text)
    RCC_LSICmd                               0x08007109   Thumb Code     6  stm32f10x_rcc.o(.text)
    RCC_RTCCLKConfig                         0x0800710f   Thumb Code    12  stm32f10x_rcc.o(.text)
    RCC_RTCCLKCmd                            0x0800711b   Thumb Code     8  stm32f10x_rcc.o(.text)
    RCC_GetClocksFreq                        0x08007123   Thumb Code   192  stm32f10x_rcc.o(.text)
    RCC_AHBPeriphClockCmd                    0x080071e3   Thumb Code    26  stm32f10x_rcc.o(.text)
    RCC_APB2PeriphClockCmd                   0x080071fd   Thumb Code    26  stm32f10x_rcc.o(.text)
    RCC_APB1PeriphClockCmd                   0x08007217   Thumb Code    26  stm32f10x_rcc.o(.text)
    RCC_APB2PeriphResetCmd                   0x08007231   Thumb Code    26  stm32f10x_rcc.o(.text)
    RCC_APB1PeriphResetCmd                   0x0800724b   Thumb Code    26  stm32f10x_rcc.o(.text)
    RCC_BackupResetCmd                       0x08007265   Thumb Code     8  stm32f10x_rcc.o(.text)
    RCC_ClockSecuritySystemCmd               0x0800726d   Thumb Code     6  stm32f10x_rcc.o(.text)
    RCC_MCOConfig                            0x08007273   Thumb Code     6  stm32f10x_rcc.o(.text)
    RCC_ClearFlag                            0x08007279   Thumb Code    14  stm32f10x_rcc.o(.text)
    RCC_GetITStatus                          0x08007287   Thumb Code    20  stm32f10x_rcc.o(.text)
    RCC_ClearITPendingBit                    0x0800729b   Thumb Code     6  stm32f10x_rcc.o(.text)
    USART_DeInit                             0x080072c5   Thumb Code   134  stm32f10x_usart.o(.text)
    USART_Init                               0x0800734b   Thumb Code   210  stm32f10x_usart.o(.text)
    USART_StructInit                         0x0800741d   Thumb Code    24  stm32f10x_usart.o(.text)
    USART_ClockInit                          0x08007435   Thumb Code    34  stm32f10x_usart.o(.text)
    USART_ClockStructInit                    0x08007457   Thumb Code    12  stm32f10x_usart.o(.text)
    USART_Cmd                                0x08007463   Thumb Code    24  stm32f10x_usart.o(.text)
    USART_ITConfig                           0x0800747b   Thumb Code    74  stm32f10x_usart.o(.text)
    USART_DMACmd                             0x080074c5   Thumb Code    18  stm32f10x_usart.o(.text)
    USART_SetAddress                         0x080074d7   Thumb Code    18  stm32f10x_usart.o(.text)
    USART_WakeUpConfig                       0x080074e9   Thumb Code    18  stm32f10x_usart.o(.text)
    USART_ReceiverWakeUpCmd                  0x080074fb   Thumb Code    24  stm32f10x_usart.o(.text)
    USART_LINBreakDetectLengthConfig         0x08007513   Thumb Code    18  stm32f10x_usart.o(.text)
    USART_LINCmd                             0x08007525   Thumb Code    24  stm32f10x_usart.o(.text)
    USART_SendData                           0x0800753d   Thumb Code     8  stm32f10x_usart.o(.text)
    USART_ReceiveData                        0x08007545   Thumb Code    10  stm32f10x_usart.o(.text)
    USART_SendBreak                          0x0800754f   Thumb Code    10  stm32f10x_usart.o(.text)
    USART_SetGuardTime                       0x08007559   Thumb Code    16  stm32f10x_usart.o(.text)
    USART_SetPrescaler                       0x08007569   Thumb Code    16  stm32f10x_usart.o(.text)
    USART_SmartCardCmd                       0x08007579   Thumb Code    24  stm32f10x_usart.o(.text)
    USART_SmartCardNACKCmd                   0x08007591   Thumb Code    24  stm32f10x_usart.o(.text)
    USART_HalfDuplexCmd                      0x080075a9   Thumb Code    24  stm32f10x_usart.o(.text)
    USART_OverSampling8Cmd                   0x080075c1   Thumb Code    22  stm32f10x_usart.o(.text)
    USART_OneBitMethodCmd                    0x080075d7   Thumb Code    24  stm32f10x_usart.o(.text)
    USART_IrDAConfig                         0x080075ef   Thumb Code    18  stm32f10x_usart.o(.text)
    USART_IrDACmd                            0x08007601   Thumb Code    24  stm32f10x_usart.o(.text)
    USART_GetFlagStatus                      0x08007619   Thumb Code    26  stm32f10x_usart.o(.text)
    USART_ClearFlag                          0x08007633   Thumb Code    18  stm32f10x_usart.o(.text)
    USART_GetITStatus                        0x08007645   Thumb Code    84  stm32f10x_usart.o(.text)
    USART_ClearITPendingBit                  0x08007699   Thumb Code    52  stm32f10x_usart.o(.text)
    NVIC_PriorityGroupConfig                 0x080076cd   Thumb Code    10  misc.o(.text)
    NVIC_Init                                0x080076d7   Thumb Code   100  misc.o(.text)
    NVIC_SetVectorTable                      0x0800773b   Thumb Code    14  misc.o(.text)
    NVIC_SystemLPConfig                      0x08007749   Thumb Code    34  misc.o(.text)
    SysTick_CLKSourceConfig                  0x0800776b   Thumb Code    40  misc.o(.text)
    FLASH_SetLatency                         0x080077a9   Thumb Code    18  stm32f10x_flash.o(.text)
    FLASH_HalfCycleAccessCmd                 0x080077bb   Thumb Code    22  stm32f10x_flash.o(.text)
    FLASH_PrefetchBufferCmd                  0x080077d1   Thumb Code    22  stm32f10x_flash.o(.text)
    FLASH_Unlock                             0x080077e7   Thumb Code    12  stm32f10x_flash.o(.text)
    FLASH_UnlockBank1                        0x080077f3   Thumb Code    12  stm32f10x_flash.o(.text)
    FLASH_Lock                               0x080077ff   Thumb Code    14  stm32f10x_flash.o(.text)
    FLASH_LockBank1                          0x0800780d   Thumb Code    14  stm32f10x_flash.o(.text)
    FLASH_GetBank1Status                     0x0800781b   Thumb Code    48  stm32f10x_flash.o(.text)
    FLASH_WaitForLastOperation               0x0800784b   Thumb Code    38  stm32f10x_flash.o(.text)
    FLASH_ErasePage                          0x08007871   Thumb Code    72  stm32f10x_flash.o(.text)
    FLASH_EraseAllPages                      0x080078b9   Thumb Code    68  stm32f10x_flash.o(.text)
    FLASH_WaitForLastBank1Operation          0x080078fd   Thumb Code    38  stm32f10x_flash.o(.text)
    FLASH_EraseAllBank1Pages                 0x08007923   Thumb Code    68  stm32f10x_flash.o(.text)
    FLASH_GetReadOutProtectionStatus         0x08007967   Thumb Code    20  stm32f10x_flash.o(.text)
    FLASH_EraseOptionBytes                   0x0800797b   Thumb Code   150  stm32f10x_flash.o(.text)
    FLASH_ProgramWord                        0x08007a11   Thumb Code   102  stm32f10x_flash.o(.text)
    FLASH_ProgramHalfWord                    0x08007a77   Thumb Code    60  stm32f10x_flash.o(.text)
    FLASH_ProgramOptionByteData              0x08007ab3   Thumb Code    72  stm32f10x_flash.o(.text)
    FLASH_EnableWriteProtection              0x08007afb   Thumb Code   200  stm32f10x_flash.o(.text)
    FLASH_ReadOutProtection                  0x08007bc3   Thumb Code   156  stm32f10x_flash.o(.text)
    FLASH_UserOptionByteConfig               0x08007c5f   Thumb Code    88  stm32f10x_flash.o(.text)
    FLASH_GetUserOptionByte                  0x08007cb7   Thumb Code     8  stm32f10x_flash.o(.text)
    FLASH_GetWriteProtectionOptionByte       0x08007cbf   Thumb Code     6  stm32f10x_flash.o(.text)
    FLASH_GetPrefetchBufferStatus            0x08007cc5   Thumb Code    20  stm32f10x_flash.o(.text)
    FLASH_ITConfig                           0x08007cd9   Thumb Code    26  stm32f10x_flash.o(.text)
    FLASH_GetFlagStatus                      0x08007cf3   Thumb Code    42  stm32f10x_flash.o(.text)
    FLASH_ClearFlag                          0x08007d1d   Thumb Code     6  stm32f10x_flash.o(.text)
    FLASH_GetStatus                          0x08007d23   Thumb Code    48  stm32f10x_flash.o(.text)
    TIM_DeInit                               0x08007d65   Thumb Code   424  stm32f10x_tim.o(.text)
    TIM_TimeBaseInit                         0x08007f0d   Thumb Code   122  stm32f10x_tim.o(.text)
    TIM_OC1Init                              0x08007f87   Thumb Code   132  stm32f10x_tim.o(.text)
    TIM_OC2Init                              0x0800800b   Thumb Code   154  stm32f10x_tim.o(.text)
    TIM_OC3Init                              0x080080a5   Thumb Code   150  stm32f10x_tim.o(.text)
    TIM_OC4Init                              0x0800813b   Thumb Code   182  stm32f10x_tim.o(.text)
    TIM_SetIC4Prescaler                      0x080081f1   Thumb Code    26  stm32f10x_tim.o(.text)
    TIM_SetIC3Prescaler                      0x0800828d   Thumb Code    18  stm32f10x_tim.o(.text)
    TIM_SetIC2Prescaler                      0x08008319   Thumb Code    26  stm32f10x_tim.o(.text)
    TIM_SetIC1Prescaler                      0x080083b5   Thumb Code    18  stm32f10x_tim.o(.text)
    TIM_ICInit                               0x08008433   Thumb Code   150  stm32f10x_tim.o(.text)
    TIM_PWMIConfig                           0x080084c9   Thumb Code   124  stm32f10x_tim.o(.text)
    TIM_BDTRConfig                           0x08008545   Thumb Code    32  stm32f10x_tim.o(.text)
    TIM_TimeBaseStructInit                   0x08008565   Thumb Code    18  stm32f10x_tim.o(.text)
    TIM_OCStructInit                         0x08008577   Thumb Code    20  stm32f10x_tim.o(.text)
    TIM_ICStructInit                         0x0800858b   Thumb Code    18  stm32f10x_tim.o(.text)
    TIM_BDTRStructInit                       0x0800859d   Thumb Code    40  stm32f10x_tim.o(.text)
    TIM_Cmd                                  0x080085c5   Thumb Code    24  stm32f10x_tim.o(.text)
    TIM_CtrlPWMOutputs                       0x080085dd   Thumb Code    30  stm32f10x_tim.o(.text)
    TIM_ITConfig                             0x080085fb   Thumb Code    18  stm32f10x_tim.o(.text)
    TIM_GenerateEvent                        0x0800860d   Thumb Code     4  stm32f10x_tim.o(.text)
    TIM_DMAConfig                            0x08008611   Thumb Code    10  stm32f10x_tim.o(.text)
    TIM_DMACmd                               0x0800861b   Thumb Code    18  stm32f10x_tim.o(.text)
    TIM_InternalClockConfig                  0x0800862d   Thumb Code    12  stm32f10x_tim.o(.text)
    TIM_SelectInputTrigger                   0x08008639   Thumb Code    18  stm32f10x_tim.o(.text)
    TIM_ITRxExternalClockConfig              0x0800864b   Thumb Code    24  stm32f10x_tim.o(.text)
    TIM_TIxExternalClockConfig               0x08008663   Thumb Code    62  stm32f10x_tim.o(.text)
    TIM_ETRConfig                            0x080086a1   Thumb Code    28  stm32f10x_tim.o(.text)
    TIM_ETRClockMode1Config                  0x080086bd   Thumb Code    54  stm32f10x_tim.o(.text)
    TIM_ETRClockMode2Config                  0x080086f3   Thumb Code    32  stm32f10x_tim.o(.text)
    TIM_PrescalerConfig                      0x08008713   Thumb Code     6  stm32f10x_tim.o(.text)
    TIM_CounterModeConfig                    0x08008719   Thumb Code    18  stm32f10x_tim.o(.text)
    TIM_EncoderInterfaceConfig               0x0800872b   Thumb Code    66  stm32f10x_tim.o(.text)
    TIM_ForcedOC1Config                      0x0800876d   Thumb Code    18  stm32f10x_tim.o(.text)
    TIM_ForcedOC2Config                      0x0800877f   Thumb Code    26  stm32f10x_tim.o(.text)
    TIM_ForcedOC3Config                      0x08008799   Thumb Code    18  stm32f10x_tim.o(.text)
    TIM_ForcedOC4Config                      0x080087ab   Thumb Code    26  stm32f10x_tim.o(.text)
    TIM_ARRPreloadConfig                     0x080087c5   Thumb Code    24  stm32f10x_tim.o(.text)
    TIM_SelectCOM                            0x080087dd   Thumb Code    24  stm32f10x_tim.o(.text)
    TIM_SelectCCDMA                          0x080087f5   Thumb Code    24  stm32f10x_tim.o(.text)
    TIM_CCPreloadControl                     0x0800880d   Thumb Code    24  stm32f10x_tim.o(.text)
    TIM_OC1PreloadConfig                     0x08008825   Thumb Code    18  stm32f10x_tim.o(.text)
    TIM_OC2PreloadConfig                     0x08008837   Thumb Code    26  stm32f10x_tim.o(.text)
    TIM_OC3PreloadConfig                     0x08008851   Thumb Code    18  stm32f10x_tim.o(.text)
    TIM_OC4PreloadConfig                     0x08008863   Thumb Code    26  stm32f10x_tim.o(.text)
    TIM_OC1FastConfig                        0x0800887d   Thumb Code    18  stm32f10x_tim.o(.text)
    TIM_OC2FastConfig                        0x0800888f   Thumb Code    26  stm32f10x_tim.o(.text)
    TIM_OC3FastConfig                        0x080088a9   Thumb Code    18  stm32f10x_tim.o(.text)
    TIM_OC4FastConfig                        0x080088bb   Thumb Code    26  stm32f10x_tim.o(.text)
    TIM_ClearOC1Ref                          0x080088d5   Thumb Code    18  stm32f10x_tim.o(.text)
    TIM_ClearOC2Ref                          0x080088e7   Thumb Code    24  stm32f10x_tim.o(.text)
    TIM_ClearOC3Ref                          0x080088ff   Thumb Code    18  stm32f10x_tim.o(.text)
    TIM_ClearOC4Ref                          0x08008911   Thumb Code    24  stm32f10x_tim.o(.text)
    TIM_OC1PolarityConfig                    0x08008929   Thumb Code    18  stm32f10x_tim.o(.text)
    TIM_OC1NPolarityConfig                   0x0800893b   Thumb Code    18  stm32f10x_tim.o(.text)
    TIM_OC2PolarityConfig                    0x0800894d   Thumb Code    26  stm32f10x_tim.o(.text)
    TIM_OC2NPolarityConfig                   0x08008967   Thumb Code    26  stm32f10x_tim.o(.text)
    TIM_OC3PolarityConfig                    0x08008981   Thumb Code    26  stm32f10x_tim.o(.text)
    TIM_OC3NPolarityConfig                   0x0800899b   Thumb Code    26  stm32f10x_tim.o(.text)
    TIM_OC4PolarityConfig                    0x080089b5   Thumb Code    26  stm32f10x_tim.o(.text)
    TIM_CCxCmd                               0x080089cf   Thumb Code    30  stm32f10x_tim.o(.text)
    TIM_CCxNCmd                              0x080089ed   Thumb Code    30  stm32f10x_tim.o(.text)
    TIM_SelectOCxM                           0x08008a0b   Thumb Code    82  stm32f10x_tim.o(.text)
    TIM_UpdateDisableConfig                  0x08008a5d   Thumb Code    24  stm32f10x_tim.o(.text)
    TIM_UpdateRequestConfig                  0x08008a75   Thumb Code    24  stm32f10x_tim.o(.text)
    TIM_SelectHallSensor                     0x08008a8d   Thumb Code    24  stm32f10x_tim.o(.text)
    TIM_SelectOnePulseMode                   0x08008aa5   Thumb Code    18  stm32f10x_tim.o(.text)
    TIM_SelectOutputTrigger                  0x08008ab7   Thumb Code    18  stm32f10x_tim.o(.text)
    TIM_SelectSlaveMode                      0x08008ac9   Thumb Code    18  stm32f10x_tim.o(.text)
    TIM_SelectMasterSlaveMode                0x08008adb   Thumb Code    18  stm32f10x_tim.o(.text)
    TIM_SetCounter                           0x08008aed   Thumb Code     4  stm32f10x_tim.o(.text)
    TIM_SetAutoreload                        0x08008af1   Thumb Code     4  stm32f10x_tim.o(.text)
    TIM_SetCompare1                          0x08008af5   Thumb Code     4  stm32f10x_tim.o(.text)
    TIM_SetCompare2                          0x08008af9   Thumb Code     4  stm32f10x_tim.o(.text)
    TIM_SetCompare3                          0x08008afd   Thumb Code     4  stm32f10x_tim.o(.text)
    TIM_SetCompare4                          0x08008b01   Thumb Code     6  stm32f10x_tim.o(.text)
    TIM_SetClockDivision                     0x08008b07   Thumb Code    18  stm32f10x_tim.o(.text)
    TIM_GetCapture1                          0x08008b19   Thumb Code     6  stm32f10x_tim.o(.text)
    TIM_GetCapture2                          0x08008b1f   Thumb Code     6  stm32f10x_tim.o(.text)
    TIM_GetCapture3                          0x08008b25   Thumb Code     6  stm32f10x_tim.o(.text)
    TIM_GetCapture4                          0x08008b2b   Thumb Code     8  stm32f10x_tim.o(.text)
    TIM_GetCounter                           0x08008b33   Thumb Code     6  stm32f10x_tim.o(.text)
    TIM_GetPrescaler                         0x08008b39   Thumb Code     6  stm32f10x_tim.o(.text)
    TIM_GetFlagStatus                        0x08008b3f   Thumb Code    18  stm32f10x_tim.o(.text)
    TIM_ClearFlag                            0x08008b51   Thumb Code     6  stm32f10x_tim.o(.text)
    TIM_GetITStatus                          0x08008b57   Thumb Code    34  stm32f10x_tim.o(.text)
    TIM_ClearITPendingBit                    0x08008b79   Thumb Code     6  stm32f10x_tim.o(.text)
    SPI_I2S_DeInit                           0x08008b81   Thumb Code    76  stm32f10x_spi.o(.text)
    SPI_Init                                 0x08008bcd   Thumb Code    60  stm32f10x_spi.o(.text)
    I2S_Init                                 0x08008c09   Thumb Code   226  stm32f10x_spi.o(.text)
    SPI_StructInit                           0x08008ceb   Thumb Code    24  stm32f10x_spi.o(.text)
    I2S_StructInit                           0x08008d03   Thumb Code    20  stm32f10x_spi.o(.text)
    SPI_Cmd                                  0x08008d17   Thumb Code    24  stm32f10x_spi.o(.text)
    I2S_Cmd                                  0x08008d2f   Thumb Code    24  stm32f10x_spi.o(.text)
    SPI_I2S_ITConfig                         0x08008d47   Thumb Code    32  stm32f10x_spi.o(.text)
    SPI_I2S_DMACmd                           0x08008d67   Thumb Code    18  stm32f10x_spi.o(.text)
    SPI_I2S_SendData                         0x08008d79   Thumb Code     4  stm32f10x_spi.o(.text)
    SPI_I2S_ReceiveData                      0x08008d7d   Thumb Code     6  stm32f10x_spi.o(.text)
    SPI_NSSInternalSoftwareConfig            0x08008d83   Thumb Code    30  stm32f10x_spi.o(.text)
    SPI_SSOutputCmd                          0x08008da1   Thumb Code    24  stm32f10x_spi.o(.text)
    SPI_DataSizeConfig                       0x08008db9   Thumb Code    18  stm32f10x_spi.o(.text)
    SPI_TransmitCRC                          0x08008dcb   Thumb Code    10  stm32f10x_spi.o(.text)
    SPI_CalculateCRC                         0x08008dd5   Thumb Code    24  stm32f10x_spi.o(.text)
    SPI_GetCRC                               0x08008ded   Thumb Code    16  stm32f10x_spi.o(.text)
    SPI_GetCRCPolynomial                     0x08008dfd   Thumb Code     6  stm32f10x_spi.o(.text)
    SPI_BiDirectionalLineConfig              0x08008e03   Thumb Code    28  stm32f10x_spi.o(.text)
    SPI_I2S_GetFlagStatus                    0x08008e1f   Thumb Code    18  stm32f10x_spi.o(.text)
    SPI_I2S_ClearFlag                        0x08008e31   Thumb Code     6  stm32f10x_spi.o(.text)
    SPI_I2S_GetITStatus                      0x08008e37   Thumb Code    52  stm32f10x_spi.o(.text)
    SPI_I2S_ClearITPendingBit                0x08008e6b   Thumb Code    20  stm32f10x_spi.o(.text)
    EXTI_DeInit                              0x08008e8d   Thumb Code    28  stm32f10x_exti.o(.text)
    EXTI_Init                                0x08008ea9   Thumb Code   142  stm32f10x_exti.o(.text)
    EXTI_StructInit                          0x08008f37   Thumb Code    16  stm32f10x_exti.o(.text)
    EXTI_GenerateSWInterrupt                 0x08008f47   Thumb Code    16  stm32f10x_exti.o(.text)
    EXTI_GetFlagStatus                       0x08008f57   Thumb Code    22  stm32f10x_exti.o(.text)
    EXTI_ClearFlag                           0x08008f6d   Thumb Code     8  stm32f10x_exti.o(.text)
    EXTI_GetITStatus                         0x08008f75   Thumb Code    34  stm32f10x_exti.o(.text)
    EXTI_ClearITPendingBit                   0x08008f97   Thumb Code     8  stm32f10x_exti.o(.text)
    DMA_DeInit                               0x08008fa9   Thumb Code   324  stm32f10x_dma.o(.text)
    DMA_Init                                 0x080090ed   Thumb Code    60  stm32f10x_dma.o(.text)
    DMA_StructInit                           0x08009129   Thumb Code    26  stm32f10x_dma.o(.text)
    DMA_Cmd                                  0x08009143   Thumb Code    24  stm32f10x_dma.o(.text)
    DMA_ITConfig                             0x0800915b   Thumb Code    18  stm32f10x_dma.o(.text)
    DMA_SetCurrDataCounter                   0x0800916d   Thumb Code     4  stm32f10x_dma.o(.text)
    DMA_GetCurrDataCounter                   0x08009171   Thumb Code     8  stm32f10x_dma.o(.text)
    DMA_GetFlagStatus                        0x08009179   Thumb Code    40  stm32f10x_dma.o(.text)
    DMA_ClearFlag                            0x080091a1   Thumb Code    22  stm32f10x_dma.o(.text)
    DMA_GetITStatus                          0x080091b7   Thumb Code    40  stm32f10x_dma.o(.text)
    DMA_ClearITPendingBit                    0x080091df   Thumb Code    22  stm32f10x_dma.o(.text)
    ADC_DeInit                               0x080091fd   Thumb Code    78  stm32f10x_adc.o(.text)
    ADC_Init                                 0x0800924b   Thumb Code    70  stm32f10x_adc.o(.text)
    ADC_StructInit                           0x08009291   Thumb Code    18  stm32f10x_adc.o(.text)
    ADC_Cmd                                  0x080092a3   Thumb Code    22  stm32f10x_adc.o(.text)
    ADC_DMACmd                               0x080092b9   Thumb Code    22  stm32f10x_adc.o(.text)
    ADC_ITConfig                             0x080092cf   Thumb Code    24  stm32f10x_adc.o(.text)
    ADC_ResetCalibration                     0x080092e7   Thumb Code    10  stm32f10x_adc.o(.text)
    ADC_GetResetCalibrationStatus            0x080092f1   Thumb Code    20  stm32f10x_adc.o(.text)
    ADC_StartCalibration                     0x08009305   Thumb Code    10  stm32f10x_adc.o(.text)
    ADC_GetCalibrationStatus                 0x0800930f   Thumb Code    20  stm32f10x_adc.o(.text)
    ADC_SoftwareStartConvCmd                 0x08009323   Thumb Code    22  stm32f10x_adc.o(.text)
    ADC_GetSoftwareStartConvStatus           0x08009339   Thumb Code    20  stm32f10x_adc.o(.text)
    ADC_DiscModeChannelCountConfig           0x0800934d   Thumb Code    24  stm32f10x_adc.o(.text)
    ADC_DiscModeCmd                          0x08009365   Thumb Code    22  stm32f10x_adc.o(.text)
    ADC_RegularChannelConfig                 0x0800937b   Thumb Code   184  stm32f10x_adc.o(.text)
    ADC_ExternalTrigConvCmd                  0x08009433   Thumb Code    22  stm32f10x_adc.o(.text)
    ADC_GetConversionValue                   0x08009449   Thumb Code     8  stm32f10x_adc.o(.text)
    ADC_GetDualModeConversionValue           0x08009451   Thumb Code     8  stm32f10x_adc.o(.text)
    ADC_AutoInjectedConvCmd                  0x08009459   Thumb Code    22  stm32f10x_adc.o(.text)
    ADC_InjectedDiscModeCmd                  0x0800946f   Thumb Code    22  stm32f10x_adc.o(.text)
    ADC_ExternalTrigInjectedConvConfig       0x08009485   Thumb Code    16  stm32f10x_adc.o(.text)
    ADC_ExternalTrigInjectedConvCmd          0x08009495   Thumb Code    22  stm32f10x_adc.o(.text)
    ADC_SoftwareStartInjectedConvCmd         0x080094ab   Thumb Code    22  stm32f10x_adc.o(.text)
    ADC_GetSoftwareStartInjectedConvCmdStatus 0x080094c1   Thumb Code    20  stm32f10x_adc.o(.text)
    ADC_InjectedChannelConfig                0x080094d5   Thumb Code   130  stm32f10x_adc.o(.text)
    ADC_InjectedSequencerLengthConfig        0x08009557   Thumb Code    24  stm32f10x_adc.o(.text)
    ADC_SetInjectedOffset                    0x0800956f   Thumb Code    20  stm32f10x_adc.o(.text)
    ADC_GetInjectedConversionValue           0x08009583   Thumb Code    28  stm32f10x_adc.o(.text)
    ADC_AnalogWatchdogCmd                    0x0800959f   Thumb Code    16  stm32f10x_adc.o(.text)
    ADC_AnalogWatchdogThresholdsConfig       0x080095af   Thumb Code     6  stm32f10x_adc.o(.text)
    ADC_AnalogWatchdogSingleChannelConfig    0x080095b5   Thumb Code    16  stm32f10x_adc.o(.text)
    ADC_TempSensorVrefintCmd                 0x080095c5   Thumb Code    64  stm32f10x_adc.o(.text)
    ADC_GetFlagStatus                        0x08009605   Thumb Code    18  stm32f10x_adc.o(.text)
    ADC_ClearFlag                            0x08009617   Thumb Code     6  stm32f10x_adc.o(.text)
    ADC_GetITStatus                          0x0800961d   Thumb Code    36  stm32f10x_adc.o(.text)
    ADC_ClearITPendingBit                    0x08009641   Thumb Code    10  stm32f10x_adc.o(.text)
    SystemInit                               0x0800972b   Thumb Code    78  system_stm32f10x.o(.text)
    SystemCoreClockUpdate                    0x08009779   Thumb Code   142  system_stm32f10x.o(.text)
    __aeabi_memcpy                           0x0800982d   Thumb Code    36  memcpya.o(.text)
    __aeabi_memcpy4                          0x0800982d   Thumb Code     0  memcpya.o(.text)
    __aeabi_memcpy8                          0x0800982d   Thumb Code     0  memcpya.o(.text)
    __aeabi_memset                           0x08009851   Thumb Code    14  memseta.o(.text)
    __aeabi_memset4                          0x08009851   Thumb Code     0  memseta.o(.text)
    __aeabi_memset8                          0x08009851   Thumb Code     0  memseta.o(.text)
    __aeabi_memclr                           0x0800985f   Thumb Code     4  memseta.o(.text)
    __aeabi_memclr4                          0x0800985f   Thumb Code     0  memseta.o(.text)
    __aeabi_memclr8                          0x0800985f   Thumb Code     0  memseta.o(.text)
    _memset$wrapper                          0x08009863   Thumb Code    18  memseta.o(.text)
    strstr                                   0x08009875   Thumb Code    36  strstr.o(.text)
    __aeabi_fadd                             0x08009899   Thumb Code   164  fadd.o(.text)
    __aeabi_fsub                             0x0800993d   Thumb Code     6  fadd.o(.text)
    __aeabi_frsub                            0x08009943   Thumb Code     6  fadd.o(.text)
    __aeabi_fmul                             0x08009949   Thumb Code   100  fmul.o(.text)
    __aeabi_fdiv                             0x080099ad   Thumb Code   124  fdiv.o(.text)
    __aeabi_dadd                             0x08009a29   Thumb Code   322  dadd.o(.text)
    __aeabi_dsub                             0x08009b6b   Thumb Code     6  dadd.o(.text)
    __aeabi_drsub                            0x08009b71   Thumb Code     6  dadd.o(.text)
    __aeabi_dmul                             0x08009b77   Thumb Code   228  dmul.o(.text)
    __aeabi_ddiv                             0x08009c5b   Thumb Code   222  ddiv.o(.text)
    __aeabi_i2f                              0x08009d39   Thumb Code    18  fflti.o(.text)
    __aeabi_ui2f                             0x08009d4b   Thumb Code    10  ffltui.o(.text)
    __aeabi_i2d                              0x08009d55   Thumb Code    34  dflti.o(.text)
    __aeabi_ui2d                             0x08009d77   Thumb Code    26  dfltui.o(.text)
    __aeabi_f2iz                             0x08009d91   Thumb Code    50  ffixi.o(.text)
    __aeabi_f2uiz                            0x08009dc3   Thumb Code    40  ffixui.o(.text)
    __aeabi_d2iz                             0x08009deb   Thumb Code    62  dfixi.o(.text)
    __aeabi_d2uiz                            0x08009e29   Thumb Code    50  dfixui.o(.text)
    __aeabi_f2d                              0x08009e5b   Thumb Code    38  f2d.o(.text)
    __aeabi_cdcmpeq                          0x08009e81   Thumb Code     0  cdcmple.o(.text)
    __aeabi_cdcmple                          0x08009e81   Thumb Code    48  cdcmple.o(.text)
    __aeabi_cdrcmple                         0x08009eb1   Thumb Code    48  cdrcmple.o(.text)
    __aeabi_d2f                              0x08009ee1   Thumb Code    56  d2f.o(.text)
    __aeabi_cfcmpeq                          0x08009f19   Thumb Code     0  cfcmple.o(.text)
    __aeabi_cfcmple                          0x08009f19   Thumb Code    20  cfcmple.o(.text)
    __aeabi_cfrcmple                         0x08009f2d   Thumb Code    20  cfrcmple.o(.text)
    __aeabi_uidiv                            0x08009f41   Thumb Code     0  uidiv.o(.text)
    __aeabi_uidivmod                         0x08009f41   Thumb Code    44  uidiv.o(.text)
    __aeabi_uldivmod                         0x08009f6d   Thumb Code    98  uldiv.o(.text)
    __aeabi_llsl                             0x08009fcf   Thumb Code    30  llshl.o(.text)
    _ll_shift_l                              0x08009fcf   Thumb Code     0  llshl.o(.text)
    __aeabi_llsr                             0x08009fed   Thumb Code    32  llushr.o(.text)
    _ll_ushift_r                             0x08009fed   Thumb Code     0  llushr.o(.text)
    __aeabi_lasr                             0x0800a00d   Thumb Code    36  llsshr.o(.text)
    _ll_sshift_r                             0x0800a00d   Thumb Code     0  llsshr.o(.text)
    __I$use$fp                               0x0800a031   Thumb Code     0  iusefp.o(.text)
    _float_round                             0x0800a031   Thumb Code    18  fepilogue.o(.text)
    _float_epilogue                          0x0800a043   Thumb Code    92  fepilogue.o(.text)
    __ARM_scalbnf                            0x0800a09f   Thumb Code    24  fscalb.o(.text)
    scalbnf                                  0x0800a09f   Thumb Code     0  fscalb.o(.text)
    _fsqrt                                   0x0800a0b7   Thumb Code    94  fsqrt.o(.text)
    _frnd                                    0x0800a115   Thumb Code    60  frnd.o(.text)
    _double_round                            0x0800a151   Thumb Code    30  depilogue.o(.text)
    _double_epilogue                         0x0800a16f   Thumb Code   156  depilogue.o(.text)
    __ARM_scalbn                             0x0800a20b   Thumb Code    46  dscalb.o(.text)
    scalbn                                   0x0800a20b   Thumb Code     0  dscalb.o(.text)
    _dsqrt                                   0x0800a239   Thumb Code   162  dsqrt.o(.text)
    __aeabi_d2ulz                            0x0800a2db   Thumb Code    48  dfixul.o(.text)
    __scatterload                            0x0800a30d   Thumb Code    28  init.o(.text)
    __scatterload_rt2                        0x0800a30d   Thumb Code     0  init.o(.text)
    __I$use$semihosting$fputc                0x0800a331   Thumb Code     0  iusesemip.o(.text)
    __decompress                             0x0800a331   Thumb Code     0  __dczerorl2.o(.text)
    __decompress1                            0x0800a331   Thumb Code    86  __dczerorl2.o(.text)
    __semihosting_library_function           0x0800a331   Thumb Code     0  semi.o(.text)
    __0printf                                0x0800a389   Thumb Code    22  printfa.o(i.__0printf)
    __1printf                                0x0800a389   Thumb Code     0  printfa.o(i.__0printf)
    __2printf                                0x0800a389   Thumb Code     0  printfa.o(i.__0printf)
    __c89printf                              0x0800a389   Thumb Code     0  printfa.o(i.__0printf)
    printf                                   0x0800a389   Thumb Code     0  printfa.o(i.__0printf)
    __0sprintf                               0x0800a3a9   Thumb Code    34  printfa.o(i.__0sprintf)
    __1sprintf                               0x0800a3a9   Thumb Code     0  printfa.o(i.__0sprintf)
    __2sprintf                               0x0800a3a9   Thumb Code     0  printfa.o(i.__0sprintf)
    __c89sprintf                             0x0800a3a9   Thumb Code     0  printfa.o(i.__0sprintf)
    sprintf                                  0x0800a3a9   Thumb Code     0  printfa.o(i.__0sprintf)
    __ARM_fpclassify                         0x0800a3d1   Thumb Code    40  fpclassify.o(i.__ARM_fpclassify)
    __ARM_fpclassifyf                        0x0800a3f9   Thumb Code    38  fpclassifyf.o(i.__ARM_fpclassifyf)
    __ieee754_rem_pio2                       0x0800a421   Thumb Code   828  rred.o(i.__ieee754_rem_pio2)
    __kernel_cos                             0x0800a7a9   Thumb Code   230  cos_i.o(i.__kernel_cos)
    __kernel_poly                            0x0800a8a5   Thumb Code   170  poly.o(i.__kernel_poly)
    __kernel_sin                             0x0800a951   Thumb Code   224  sin_i.o(i.__kernel_sin)
    __mathlib_dbl_divzero                    0x0800aa3d   Thumb Code    12  dunder.o(i.__mathlib_dbl_divzero)
    __mathlib_dbl_infnan                     0x0800aa4d   Thumb Code     6  dunder.o(i.__mathlib_dbl_infnan)
    __mathlib_dbl_infnan2                    0x0800aa53   Thumb Code     4  dunder.o(i.__mathlib_dbl_infnan2)
    __mathlib_dbl_invalid                    0x0800aa57   Thumb Code    12  dunder.o(i.__mathlib_dbl_invalid)
    __mathlib_dbl_overflow                   0x0800aa63   Thumb Code    14  dunder.o(i.__mathlib_dbl_overflow)
    __mathlib_dbl_underflow                  0x0800aa71   Thumb Code    10  dunder.o(i.__mathlib_dbl_underflow)
    __mathlib_flt_infnan                     0x0800aa81   Thumb Code     6  funder.o(i.__mathlib_flt_infnan)
    __mathlib_flt_infnan2                    0x0800aa87   Thumb Code     4  funder.o(i.__mathlib_flt_infnan2)
    __mathlib_flt_invalid                    0x0800aa8b   Thumb Code     8  funder.o(i.__mathlib_flt_invalid)
    __mathlib_flt_underflow                  0x0800aa93   Thumb Code    10  funder.o(i.__mathlib_flt_underflow)
    __mathlib_rredf2                         0x0800aa9d   Thumb Code   344  rredf.o(i.__mathlib_rredf2)
    __scatterload_copy                       0x0800ac05   Thumb Code    14  handlers.o(i.__scatterload_copy)
    __scatterload_null                       0x0800ac13   Thumb Code     2  handlers.o(i.__scatterload_null)
    __scatterload_zeroinit                   0x0800ac15   Thumb Code    14  handlers.o(i.__scatterload_zeroinit)
    __set_errno                              0x0800ac25   Thumb Code     6  errno.o(i.__set_errno)
    asinf                                    0x0800b4ed   Thumb Code   254  asinf.o(i.asinf)
    atan                                     0x0800b611   Thumb Code   474  atan.o(i.atan)
    atan2                                    0x0800b831   Thumb Code   346  atan2.o(i.atan2)
    atan2f                                   0x0800b9b1   Thumb Code   528  atan2f.o(i.atan2f)
    cos                                      0x0800bc0d   Thumb Code   148  cos.o(i.cos)
    cosf                                     0x0800bca9   Thumb Code   328  cosf.o(i.cosf)
    fputc                                    0x0800be25   Thumb Code    18  fputc.o(i.fputc)
    pow                                      0x0800be39   Thumb Code  2512  pow.o(i.pow)
    sinf                                     0x0800c811   Thumb Code   338  sinf.o(i.sinf)
    sqrt                                     0x0800c999   Thumb Code    76  sqrt.o(i.sqrt)
    sqrtf                                    0x0800c9e5   Thumb Code    44  sqrtf.o(i.sqrtf)
    TX_ADDRESS_P0                            0x0800ca10   Data           5  nrf24l01.o(.constdata)
    RX_ADDRESS_P0                            0x0800ca15   Data           5  nrf24l01.o(.constdata)
    __mathlib_zero                           0x0800cb70   Data           8  qnan.o(.constdata)
    Region$$Table$$Base                      0x0800cc88   Number         0  anon$$obj.o(Region$$Table)
    Region$$Table$$Limit                     0x0800cca8   Number         0  anon$$obj.o(Region$$Table)
    Fly_sta                                  0x2000000c   Data           1  control.o(.data)
    FlyMode                                  0x2000000d   Data           1  control.o(.data)
    flag_angle_err_cnt                       0x20000010   Data           2  control.o(.data)
    HighLock                                 0x20000014   Data           4  control.o(.data)
    fly_thro_min                             0x20000018   Data           2  control.o(.data)
    sum_pid                                  0x2000001c   Data           3  rc.o(.data)
    s_Ctrl2Quat_msg                          0x20000020   Data           6  rc.o(.data)
    IMU                                      0x2000004c   Data          72  imu.o(.data)
    Filter_pressure                          0x20000094   Data          44  height.o(.data)
    Filter_Acc_Vertical                      0x200000c0   Data          44  height.o(.data)
    Filter_bar_height                        0x200000ec   Data          44  height.o(.data)
    exp_height_speed                         0x20000118   Data           4  height.o(.data)
    exp_height_speed_Throttle                0x2000011c   Data           4  height.o(.data)
    m_TH_Height_Max                          0x20000120   Data           4  height.o(.data)
    exp_height                               0x20000124   Data           4  height.o(.data)
    exp_height_auto                          0x20000128   Data           4  height.o(.data)
    flag_exp_height_auto                     0x2000012c   Data           1  height.o(.data)
    exp_height_speed_fly_compent             0x20000130   Data           4  height.o(.data)
    Cnt_exp_height_speed_fly_compent         0x20000134   Data           2  height.o(.data)
    m_exp_height_speed_Limit                 0x20000138   Data           4  height.o(.data)
    real_height                              0x2000013c   Data           4  height.o(.data)
    last_real_height                         0x20000140   Data           4  height.o(.data)
    real_speed_height                        0x20000144   Data           4  height.o(.data)
    m_height_Altitude_real                   0x20000148   Data           4  height.o(.data)
    Cos_Yaw                                  0x2000014c   Data           4  position_control_gps.o(.data)
    Sin_Yaw                                  0x20000150   Data           4  position_control_gps.o(.data)
    Target_Roll                              0x20000154   Data           4  position_control_gps.o(.data)
    Target_Pitch                             0x20000158   Data           4  position_control_gps.o(.data)
    Target_Lon                               0x2000015c   Data           4  position_control_gps.o(.data)
    Target_Lat                               0x20000160   Data           4  position_control_gps.o(.data)
    Err_Lon                                  0x20000164   Data           4  position_control_gps.o(.data)
    Err_Lat                                  0x20000168   Data           4  position_control_gps.o(.data)
    Speed_Flight                             0x2000016c   Data           4  position_control_gps.o(.data)
    Speed_North                              0x20000170   Data           4  position_control_gps.o(.data)
    Speed_East                               0x20000174   Data           4  position_control_gps.o(.data)
    Target_North                             0x20000178   Data           4  position_control_gps.o(.data)
    Target_East                              0x2000017c   Data           4  position_control_gps.o(.data)
    Target_North_fade                        0x20000180   Data           4  position_control_gps.o(.data)
    Target_East_fade                         0x20000184   Data           4  position_control_gps.o(.data)
    Filter_mag_yaw                           0x2000018c   Data          44  qmc5883.o(.data)
    cnt_mag_err                              0x200001b8   Data           2  qmc5883.o(.data)
    Filter_Acc_X                             0x200001bc   Data          44  mpu6050.o(.data)
    Filter_Acc_Y                             0x200001e8   Data          44  mpu6050.o(.data)
    Filter_Acc_Z                             0x20000214   Data          44  mpu6050.o(.data)
    Filter_Gyro_X                            0x20000240   Data          44  mpu6050.o(.data)
    Filter_Gyro_Y                            0x2000026c   Data          44  mpu6050.o(.data)
    Filter_Gyro_Z                            0x20000298   Data          44  mpu6050.o(.data)
    Pitch                                    0x200002c4   Data           4  mpu6050.o(.data)
    Roll                                     0x200002c8   Data           4  mpu6050.o(.data)
    Yaw                                      0x200002cc   Data           4  mpu6050.o(.data)
    temp                                     0x200002d0   Data           1  mpu6050.o(.data)
    MOTOR                                    0x200002d6   Data           8  pwm.o(.data)
    UpdatePID                                0x200002e4   Data           1  pid.o(.data)
    PID_STA                                  0x200002e5   Data           1  pid.o(.data)
    YawLockState                             0x200002e6   Data           1  pid.o(.data)
    Target_Yaw                               0x200002e8   Data           4  pid.o(.data)
    Filter_VBAT                              0x200002ec   Data          44  adc.o(.data)
    Pk_last                                  0x20000318   Data          36  kalman.o(.data)
    SystemCoreClock                          0x20000370   Data           4  system_stm32f10x.o(.data)
    AHBPrescTable                            0x20000374   Data          16  system_stm32f10x.o(.data)
    __stdout                                 0x20000384   Data           4  stdout.o(.data)
    MS5611                                   0x2000038c   Data          56  ms5611.o(.bss)
    NRF                                      0x200003c4   Data          74  nrf24l01.o(.bss)
    data_buff                                0x20000410   Data          32  rc.o(.bss)
    RC_ctrl                                  0x20000430   Data          40  rc.o(.bss)
    RC_flag                                  0x20000458   Data          20  rc.o(.bss)
    gps                                      0x20000470   Data         258  gps.o(.bss)
    gps_data                                 0x20000572   Data         131  gps.o(.bss)
    GPS_Position                             0x200005f8   Data          64  gps.o(.bss)
    GPS_Lat_PID                              0x20000638   Data          32  position_control_gps.o(.bss)
    GPS_Lon_PID                              0x20000658   Data          32  position_control_gps.o(.bss)
    GPS_North_PID                            0x20000678   Data          32  position_control_gps.o(.bss)
    GPS_East_PID                             0x20000698   Data          32  position_control_gps.o(.bss)
    MAG_Data                                 0x200006b8   Data          64  qmc5883.o(.bss)
    IMU_Data                                 0x200006f8   Data          56  mpu6050.o(.bss)
    data_buf                                 0x20000748   Data          18  pid.o(.bss)
    LocateX_Pos_PID                          0x2000075c   Data          32  pid.o(.bss)
    LocateY_Pos_PID                          0x2000077c   Data          32  pid.o(.bss)
    LocateX_Speed_PID                        0x2000079c   Data          32  pid.o(.bss)
    LocateY_Speed_PID                        0x200007bc   Data          32  pid.o(.bss)
    Pitch_angle_PID                          0x200007dc   Data          32  pid.o(.bss)
    Roll_angle_PID                           0x200007fc   Data          32  pid.o(.bss)
    Yaw_angle_PID                            0x2000081c   Data          32  pid.o(.bss)
    Pitch_rate_PID                           0x2000083c   Data          32  pid.o(.bss)
    Roll_rate_PID                            0x2000085c   Data          32  pid.o(.bss)
    Yaw_rate_PID                             0x2000087c   Data          32  pid.o(.bss)
    High_dis_PID                             0x2000089c   Data          32  pid.o(.bss)
    High_v_PID                               0x200008bc   Data          32  pid.o(.bss)
    PIDOutput                                0x200008dc   Data          16  pid.o(.bss)
    USART1_                                  0x200008ec   Data          12  usart.o(.bss)
    USART2_                                  0x200008f8   Data          12  usart.o(.bss)
    USART1_TX_Buff                           0x20000904   Data         128  usart.o(.bss)
    USART1_RX_Buff                           0x20000984   Data         128  usart.o(.bss)
    USART2_TX_Buff                           0x20000a04   Data        1024  usart.o(.bss)
    USART2_RX_Buff                           0x20000e04   Data        1024  usart.o(.bss)
    VCBAT                                    0x20001204   Data          12  adc.o(.bss)
    Xk_last                                  0x20001210   Data          12  kalman.o(.bss)
    K                                        0x2000121c   Data          24  kalman.o(.bss)
    __initial_sp                             0x20001638   Data           0  startup_stm32f10x_md.o(STACK)



==============================================================================

Memory Map of the image

  Image Entry point : 0x08006ba1

  Load Region LR_1 (Base: 0x08000000, Size: 0x0000d034, Max: 0xffffffff, ABSOLUTE, COMPRESSED[0x0000cd08])

    Execution Region ER_RO (Base: 0x08000000, Size: 0x0000cca8, Max: 0xffffffff, ABSOLUTE)

    Base Addr    Size         Type   Attr      Idx    E Section Name        Object

    0x08000000   0x000000ec   Data   RO         1190    RESET               startup_stm32f10x_md.o
    0x080000ec   0x00000000   Code   RO         1604  * .ARM.Collect$$$$00000000  mc_w.l(entry.o)
    0x080000ec   0x00000004   Code   RO         1978    .ARM.Collect$$$$00000001  mc_w.l(entry2.o)
    0x080000f0   0x00000004   Code   RO         1981    .ARM.Collect$$$$00000004  mc_w.l(entry5.o)
    0x080000f4   0x00000000   Code   RO         1983    .ARM.Collect$$$$00000008  mc_w.l(entry7b.o)
    0x080000f4   0x00000000   Code   RO         1985    .ARM.Collect$$$$0000000A  mc_w.l(entry8b.o)
    0x080000f4   0x00000008   Code   RO         1986    .ARM.Collect$$$$0000000B  mc_w.l(entry9a.o)
    0x080000fc   0x00000000   Code   RO         1988    .ARM.Collect$$$$0000000D  mc_w.l(entry10a.o)
    0x080000fc   0x00000000   Code   RO         1990    .ARM.Collect$$$$0000000F  mc_w.l(entry11a.o)
    0x080000fc   0x00000004   Code   RO         1979    .ARM.Collect$$$$00002712  mc_w.l(entry2.o)
    0x08000100   0x0000011c   Code   RO            4    .text               main.o
    0x0800021c   0x0000001a   Code   RO          239    .text               stm32f10x_it.o
    0x08000236   0x00000002   PAD
    0x08000238   0x000000bc   Code   RO          292    .text               led.o
    0x080002f4   0x0000006e   Code   RO          319    .text               systick.o
    0x08000362   0x00000078   Code   RO          346    .text               clock.o
    0x080003da   0x00000002   PAD
    0x080003dc   0x000004a8   Code   RO          373    .text               ms5611.o
    0x08000884   0x00000280   Code   RO          453    .text               control.o
    0x08000b04   0x00000358   Code   RO          483    .text               nrf24l01.o
    0x08000e5c   0x000013ec   Code   RO          518    .text               rc.o
    0x08002248   0x00000ca4   Code   RO          549    .text               gps.o
    0x08002eec   0x000004d8   Code   RO          621    .text               flash.o
    0x080033c4   0x00000072   Code   RO          645    .text               filter.o
    0x08003436   0x00000002   PAD
    0x08003438   0x000007a4   Code   RO          669    .text               imu.o
    0x08003bdc   0x000001f0   Code   RO          729    .text               height.o
    0x08003dcc   0x00000320   Code   RO          787    .text               position_control_gps.o
    0x080040ec   0x000006d4   Code   RO          818    .text               qmc5883.o
    0x080047c0   0x000004fc   Code   RO          849    .text               mpu6050.o
    0x08004cbc   0x000002a0   Code   RO          883    .text               pwm.o
    0x08004f5c   0x00000284   Code   RO          913    .text               timer.o
    0x080051e0   0x00000354   Code   RO          938    .text               pid.o
    0x08005534   0x000000fc   Code   RO          969    .text               spi.o
    0x08005630   0x000000ec   Code   RO          996    .text               exti.o
    0x0800571c   0x00000358   Code   RO         1023    .text               usart.o
    0x08005a74   0x000001d0   Code   RO         1056    .text               dma.o
    0x08005c44   0x00000114   Code   RO         1084    .text               adc.o
    0x08005d58   0x00000ac4   Code   RO         1115    .text               kalman.o
    0x0800681c   0x00000384   Code   RO         1164    .text               iic.o
    0x08006ba0   0x00000024   Code   RO         1191  * .text               startup_stm32f10x_md.o
    0x08006bc4   0x0000035c   Code   RO         1198    .text               stm32f10x_gpio.o
    0x08006f20   0x000003a4   Code   RO         1222    .text               stm32f10x_rcc.o
    0x080072c4   0x00000408   Code   RO         1248    .text               stm32f10x_usart.o
    0x080076cc   0x000000dc   Code   RO         1272    .text               misc.o
    0x080077a8   0x000005bc   Code   RO         1296    .text               stm32f10x_flash.o
    0x08007d64   0x00000e1a   Code   RO         1320    .text               stm32f10x_tim.o
    0x08008b7e   0x00000002   PAD
    0x08008b80   0x0000030c   Code   RO         1344    .text               stm32f10x_spi.o
    0x08008e8c   0x0000011c   Code   RO         1368    .text               stm32f10x_exti.o
    0x08008fa8   0x00000254   Code   RO         1392    .text               stm32f10x_dma.o
    0x080091fc   0x0000044e   Code   RO         1416    .text               stm32f10x_adc.o
    0x0800964a   0x00000002   PAD
    0x0800964c   0x000001e0   Code   RO         1464    .text               system_stm32f10x.o
    0x0800982c   0x00000024   Code   RO         1607    .text               mc_w.l(memcpya.o)
    0x08009850   0x00000024   Code   RO         1609    .text               mc_w.l(memseta.o)
    0x08009874   0x00000024   Code   RO         1611    .text               mc_w.l(strstr.o)
    0x08009898   0x000000b0   Code   RO         1876    .text               mf_w.l(fadd.o)
    0x08009948   0x00000064   Code   RO         1878    .text               mf_w.l(fmul.o)
    0x080099ac   0x0000007c   Code   RO         1880    .text               mf_w.l(fdiv.o)
    0x08009a28   0x0000014e   Code   RO         1882    .text               mf_w.l(dadd.o)
    0x08009b76   0x000000e4   Code   RO         1884    .text               mf_w.l(dmul.o)
    0x08009c5a   0x000000de   Code   RO         1886    .text               mf_w.l(ddiv.o)
    0x08009d38   0x00000012   Code   RO         1888    .text               mf_w.l(fflti.o)
    0x08009d4a   0x0000000a   Code   RO         1890    .text               mf_w.l(ffltui.o)
    0x08009d54   0x00000022   Code   RO         1892    .text               mf_w.l(dflti.o)
    0x08009d76   0x0000001a   Code   RO         1894    .text               mf_w.l(dfltui.o)
    0x08009d90   0x00000032   Code   RO         1896    .text               mf_w.l(ffixi.o)
    0x08009dc2   0x00000028   Code   RO         1898    .text               mf_w.l(ffixui.o)
    0x08009dea   0x0000003e   Code   RO         1900    .text               mf_w.l(dfixi.o)
    0x08009e28   0x00000032   Code   RO         1902    .text               mf_w.l(dfixui.o)
    0x08009e5a   0x00000026   Code   RO         1904    .text               mf_w.l(f2d.o)
    0x08009e80   0x00000030   Code   RO         1906    .text               mf_w.l(cdcmple.o)
    0x08009eb0   0x00000030   Code   RO         1908    .text               mf_w.l(cdrcmple.o)
    0x08009ee0   0x00000038   Code   RO         1910    .text               mf_w.l(d2f.o)
    0x08009f18   0x00000014   Code   RO         1912    .text               mf_w.l(cfcmple.o)
    0x08009f2c   0x00000014   Code   RO         1914    .text               mf_w.l(cfrcmple.o)
    0x08009f40   0x0000002c   Code   RO         1995    .text               mc_w.l(uidiv.o)
    0x08009f6c   0x00000062   Code   RO         1997    .text               mc_w.l(uldiv.o)
    0x08009fce   0x0000001e   Code   RO         1999    .text               mc_w.l(llshl.o)
    0x08009fec   0x00000020   Code   RO         2001    .text               mc_w.l(llushr.o)
    0x0800a00c   0x00000024   Code   RO         2003    .text               mc_w.l(llsshr.o)
    0x0800a030   0x00000000   Code   RO         2012    .text               mc_w.l(iusefp.o)
    0x0800a030   0x0000006e   Code   RO         2013    .text               mf_w.l(fepilogue.o)
    0x0800a09e   0x00000018   Code   RO         2015    .text               mf_w.l(fscalb.o)
    0x0800a0b6   0x0000005e   Code   RO         2017    .text               mf_w.l(fsqrt.o)
    0x0800a114   0x0000003c   Code   RO         2019    .text               mf_w.l(frnd.o)
    0x0800a150   0x000000ba   Code   RO         2021    .text               mf_w.l(depilogue.o)
    0x0800a20a   0x0000002e   Code   RO         2023    .text               mf_w.l(dscalb.o)
    0x0800a238   0x000000a2   Code   RO         2025    .text               mf_w.l(dsqrt.o)
    0x0800a2da   0x00000030   Code   RO         2027    .text               mf_w.l(dfixul.o)
    0x0800a30a   0x00000002   PAD
    0x0800a30c   0x00000024   Code   RO         2029    .text               mc_w.l(init.o)
    0x0800a330   0x00000000   Code   RO         2031    .text               mc_w.l(semi.o)
    0x0800a330   0x00000000   Code   RO         2032    .text               mc_w.l(iusesemip.o)
    0x0800a330   0x00000056   Code   RO         2041    .text               mc_w.l(__dczerorl2.o)
    0x0800a386   0x00000002   PAD
    0x0800a388   0x00000020   Code   RO         1848    i.__0printf         mc_w.l(printfa.o)
    0x0800a3a8   0x00000028   Code   RO         1850    i.__0sprintf        mc_w.l(printfa.o)
    0x0800a3d0   0x00000028   Code   RO         1943    i.__ARM_fpclassify  m_ws.l(fpclassify.o)
    0x0800a3f8   0x00000026   Code   RO         1945    i.__ARM_fpclassifyf  m_ws.l(fpclassifyf.o)
    0x0800a41e   0x00000002   PAD
    0x0800a420   0x00000388   Code   RO         1964    i.__ieee754_rem_pio2  m_ws.l(rred.o)
    0x0800a7a8   0x000000fc   Code   RO         1926    i.__kernel_cos      m_ws.l(cos_i.o)
    0x0800a8a4   0x000000aa   Code   RO         1961    i.__kernel_poly     m_ws.l(poly.o)
    0x0800a94e   0x00000002   PAD
    0x0800a950   0x000000ec   Code   RO         1972    i.__kernel_sin      m_ws.l(sin_i.o)
    0x0800aa3c   0x00000010   Code   RO         1929    i.__mathlib_dbl_divzero  m_ws.l(dunder.o)
    0x0800aa4c   0x00000006   Code   RO         1930    i.__mathlib_dbl_infnan  m_ws.l(dunder.o)
    0x0800aa52   0x00000004   Code   RO         1931    i.__mathlib_dbl_infnan2  m_ws.l(dunder.o)
    0x0800aa56   0x0000000c   Code   RO         1932    i.__mathlib_dbl_invalid  m_ws.l(dunder.o)
    0x0800aa62   0x0000000e   Code   RO         1933    i.__mathlib_dbl_overflow  m_ws.l(dunder.o)
    0x0800aa70   0x00000010   Code   RO         1935    i.__mathlib_dbl_underflow  m_ws.l(dunder.o)
    0x0800aa80   0x00000006   Code   RO         1948    i.__mathlib_flt_infnan  m_ws.l(funder.o)
    0x0800aa86   0x00000004   Code   RO         1949    i.__mathlib_flt_infnan2  m_ws.l(funder.o)
    0x0800aa8a   0x00000008   Code   RO         1950    i.__mathlib_flt_invalid  m_ws.l(funder.o)
    0x0800aa92   0x0000000a   Code   RO         1953    i.__mathlib_flt_underflow  m_ws.l(funder.o)
    0x0800aa9c   0x00000168   Code   RO         1969    i.__mathlib_rredf2  m_ws.l(rredf.o)
    0x0800ac04   0x0000000e   Code   RO         2035    i.__scatterload_copy  mc_w.l(handlers.o)
    0x0800ac12   0x00000002   Code   RO         2036    i.__scatterload_null  mc_w.l(handlers.o)
    0x0800ac14   0x0000000e   Code   RO         2037    i.__scatterload_zeroinit  mc_w.l(handlers.o)
    0x0800ac22   0x00000002   PAD
    0x0800ac24   0x0000000c   Code   RO         2007    i.__set_errno       mc_w.l(errno.o)
    0x0800ac30   0x00000184   Code   RO         1855    i._fp_digits        mc_w.l(printfa.o)
    0x0800adb4   0x000006dc   Code   RO         1856    i._printf_core      mc_w.l(printfa.o)
    0x0800b490   0x00000024   Code   RO         1857    i._printf_post_padding  mc_w.l(printfa.o)
    0x0800b4b4   0x0000002e   Code   RO         1858    i._printf_pre_padding  mc_w.l(printfa.o)
    0x0800b4e2   0x0000000a   Code   RO         1860    i._sputc            mc_w.l(printfa.o)
    0x0800b4ec   0x00000124   Code   RO         1531    i.asinf             m_ws.l(asinf.o)
    0x0800b610   0x00000220   Code   RO         1917    i.atan              m_ws.l(atan.o)
    0x0800b830   0x00000180   Code   RO         1539    i.atan2             m_ws.l(atan2.o)
    0x0800b9b0   0x0000025c   Code   RO         1547    i.atan2f            m_ws.l(atan2f.o)
    0x0800bc0c   0x0000009c   Code   RO         1555    i.cos               m_ws.l(cos.o)
    0x0800bca8   0x0000017c   Code   RO         1563    i.cosf              m_ws.l(cosf.o)
    0x0800be24   0x00000012   Code   RO         1992    i.fputc             mc_w.l(fputc.o)
    0x0800be36   0x00000002   PAD
    0x0800be38   0x000009d8   Code   RO         1571    i.pow               m_ws.l(pow.o)
    0x0800c810   0x00000188   Code   RO         1581    i.sinf              m_ws.l(sinf.o)
    0x0800c998   0x0000004c   Code   RO         1589    i.sqrt              m_ws.l(sqrt.o)
    0x0800c9e4   0x0000002c   Code   RO         1597    i.sqrtf             m_ws.l(sqrtf.o)
    0x0800ca10   0x0000000a   Data   RO          485    .constdata          nrf24l01.o
    0x0800ca1a   0x00000006   PAD
    0x0800ca20   0x00000088   Data   RO         1572    .constdata          m_ws.l(pow.o)
    0x0800caa8   0x00000098   Data   RO         1918    .constdata          m_ws.l(atan.o)
    0x0800cb40   0x00000030   Data   RO         1927    .constdata          m_ws.l(cos_i.o)
    0x0800cb70   0x00000008   Data   RO         1963    .constdata          m_ws.l(qnan.o)
    0x0800cb78   0x000000c8   Data   RO         1966    .constdata          m_ws.l(rred.o)
    0x0800cc40   0x00000020   Data   RO         1970    .constdata          m_ws.l(rredf.o)
    0x0800cc60   0x00000028   Data   RO         1973    .constdata          m_ws.l(sin_i.o)
    0x0800cc88   0x00000020   Data   RO         2033    Region$$Table       anon$$obj.o


    Execution Region ER_RW (Base: 0x20000000, Size: 0x0000038c, Max: 0xffffffff, ABSOLUTE, COMPRESSED[0x00000060])

    Base Addr    Size         Type   Attr      Idx    E Section Name        Object

    0x20000000   0x0000000a   Data   RW          375    .data               ms5611.o
    0x2000000a   0x00000002   PAD
    0x2000000c   0x00000010   Data   RW          454    .data               control.o
    0x2000001c   0x00000011   Data   RW          520    .data               rc.o
    0x2000002d   0x00000003   PAD
    0x20000030   0x0000001c   Data   RW          551    .data               gps.o
    0x2000004c   0x00000048   Data   RW          670    .data               imu.o
    0x20000094   0x000000b8   Data   RW          730    .data               height.o
    0x2000014c   0x0000003d   Data   RW          789    .data               position_control_gps.o
    0x20000189   0x00000003   PAD
    0x2000018c   0x00000030   Data   RW          820    .data               qmc5883.o
    0x200001bc   0x0000011a   Data   RW          851    .data               mpu6050.o
    0x200002d6   0x00000008   Data   RW          884    .data               pwm.o
    0x200002de   0x00000005   Data   RW          914    .data               timer.o
    0x200002e3   0x00000001   PAD
    0x200002e4   0x00000008   Data   RW          940    .data               pid.o
    0x200002ec   0x0000002c   Data   RW         1086    .data               adc.o
    0x20000318   0x00000044   Data   RW         1117    .data               kalman.o
    0x2000035c   0x00000014   Data   RW         1223    .data               stm32f10x_rcc.o
    0x20000370   0x00000014   Data   RW         1465    .data               system_stm32f10x.o
    0x20000384   0x00000004   Data   RW         1994    .data               mc_w.l(stdout.o)
    0x20000388   0x00000004   Data   RW         2008    .data               mc_w.l(errno.o)


    Execution Region ER_ZI (Base: 0x2000038c, Size: 0x000012ac, Max: 0xffffffff, ABSOLUTE)

    Base Addr    Size         Type   Attr      Idx    E Section Name        Object

    0x2000038c   0x00000038   Zero   RW          374    .bss                ms5611.o
    0x200003c4   0x0000004a   Zero   RW          484    .bss                nrf24l01.o
    0x2000040e   0x00000002   PAD
    0x20000410   0x0000005c   Zero   RW          519    .bss                rc.o
    0x2000046c   0x00000004   PAD
    0x20000470   0x000001c8   Zero   RW          550    .bss                gps.o
    0x20000638   0x00000080   Zero   RW          788    .bss                position_control_gps.o
    0x200006b8   0x00000040   Zero   RW          819    .bss                qmc5883.o
    0x200006f8   0x00000050   Zero   RW          850    .bss                mpu6050.o
    0x20000748   0x000001a4   Zero   RW          939    .bss                pid.o
    0x200008ec   0x00000918   Zero   RW         1024    .bss                usart.o
    0x20001204   0x0000000c   Zero   RW         1085    .bss                adc.o
    0x20001210   0x00000024   Zero   RW         1116    .bss                kalman.o
    0x20001234   0x00000004   PAD
    0x20001238   0x00000400   Zero   RW         1188    STACK               startup_stm32f10x_md.o


==============================================================================

Image component sizes


      Code (inc. data)   RO Data    RW Data    ZI Data      Debug   Object Name

       276         26          0         44         12       1419   adc.o
       120          0          0          0          0        501   clock.o
       640         76          0         16          0       1661   control.o
       464         36          0          0          0       1256   dma.o
       236         12          0          0          0        807   exti.o
       114          0          0          0          0        896   filter.o
      1240         58          0          0          0       3250   flash.o
      3236        248          0         28        456       9755   gps.o
       496        104          0        184          0       2292   height.o
       900          6          0          0          0       3942   iic.o
      1956         74          0         72          0       2668   imu.o
      2756        104          0         68         36       2171   kalman.o
       188         10          0          0          0        649   led.o
       284         66          0          0          0     287869   main.o
       220         22          0          0          0       1913   misc.o
      1276         80          0        282         80       5179   mpu6050.o
      1192         48          0         10         56      10905   ms5611.o
       856         20         10          0         74       7602   nrf24l01.o
       852        110          0          8        420       3708   pid.o
       800        106          0         61        128       2321   position_control_gps.o
       672         22          0          8          0       2103   pwm.o
      1748         68          0         48         64       4395   qmc5883.o
      5100        244          0         17         92       8434   rc.o
       252          8          0          0          0       1133   spi.o
        36          8        236          0       1024        908   startup_stm32f10x_md.o
      1102         26          0          0          0      11153   stm32f10x_adc.o
       596          8          0          0          0       4482   stm32f10x_dma.o
       284         10          0          0          0       2371   stm32f10x_exti.o
      1468         34          0          0          0       8322   stm32f10x_flash.o
       860         38          0          0          0       5845   stm32f10x_gpio.o
        26          0          0          0          0       1214   stm32f10x_it.o
       932         36          0         20          0       9052   stm32f10x_rcc.o
       780         14          0          0          0       6726   stm32f10x_spi.o
      3610         88          0          0          0      22956   stm32f10x_tim.o
      1032         22          0          0          0       8572   stm32f10x_usart.o
       480         38          0         20          0       2051   system_stm32f10x.o
       110          0          0          0          0        692   systick.o
       644         46          0          5          0       1406   timer.o
       856         34          0          0       2328       3636   usart.o

    ----------------------------------------------------------------------
     38700       1950        284        900       4780     456215   Object Totals
         0          0         32          0          0          0   (incl. Generated)
        10          0          6          9         10          0   (incl. Padding)

    ----------------------------------------------------------------------

      Code (inc. data)   RO Data    RW Data    ZI Data      Debug   Library Member Name

       292         38          0          0          0        120   asinf.o
       544         70        152          0          0        124   atan.o
       384         38          0          0          0        144   atan2.o
       604         76          0          0          0        116   atan2f.o
       156          8          0          0          0        104   cos.o
       252         22         48          0          0        124   cos_i.o
       380         52          0          0          0        124   cosf.o
        68         10          0          0          0        408   dunder.o
        40          0          0          0          0         68   fpclassify.o
        38          0          0          0          0         68   fpclassifyf.o
        28          0          0          0          0        272   funder.o
       170          0          0          0          0         96   poly.o
      2520        190        136          0          0        324   pow.o
         0          0          8          0          0          0   qnan.o
       904         76        200          0          0        140   rred.o
       360         16         32          0          0         88   rredf.o
       236         12         40          0          0        128   sin_i.o
       392         54          0          0          0        124   sinf.o
        76          0          0          0          0         84   sqrt.o
        44          0          0          0          0         80   sqrtf.o
        86          0          0          0          0          0   __dczerorl2.o
         0          0          0          0          0          0   entry.o
         0          0          0          0          0          0   entry10a.o
         0          0          0          0          0          0   entry11a.o
         8          4          0          0          0          0   entry2.o
         4          0          0          0          0          0   entry5.o
         0          0          0          0          0          0   entry7b.o
         0          0          0          0          0          0   entry8b.o
         8          4          0          0          0          0   entry9a.o
        12          6          0          4          0         68   errno.o
        18          0          0          0          0         80   fputc.o
        30          0          0          0          0          0   handlers.o
        36          8          0          0          0         68   init.o
         0          0          0          0          0          0   iusefp.o
         0          0          0          0          0          0   iusesemip.o
        30          0          0          0          0         68   llshl.o
        36          0          0          0          0         68   llsshr.o
        32          0          0          0          0         68   llushr.o
        36          0          0          0          0         68   memcpya.o
        36          0          0          0          0        108   memseta.o
      2308         96          0          0          0        604   printfa.o
         0          0          0          0          0          0   semi.o
         0          0          0          4          0          0   stdout.o
        36          0          0          0          0         80   strstr.o
        44          0          0          0          0         80   uidiv.o
        98          0          0          0          0         92   uldiv.o
        48          0          0          0          0         68   cdcmple.o
        48          0          0          0          0         68   cdrcmple.o
        20          0          0          0          0         68   cfcmple.o
        20          0          0          0          0         68   cfrcmple.o
        56          0          0          0          0         88   d2f.o
       334          0          0          0          0        148   dadd.o
       222          0          0          0          0        100   ddiv.o
       186          0          0          0          0        176   depilogue.o
        62          0          0          0          0         80   dfixi.o
        50          0          0          0          0         76   dfixui.o
        48          0          0          0          0         68   dfixul.o
        34          0          0          0          0         76   dflti.o
        26          0          0          0          0         76   dfltui.o
       228          0          0          0          0         96   dmul.o
        46          0          0          0          0         80   dscalb.o
       162          0          0          0          0        100   dsqrt.o
        38          0          0          0          0         68   f2d.o
       176          0          0          0          0        140   fadd.o
       124          0          0          0          0         88   fdiv.o
       110          0          0          0          0        168   fepilogue.o
        50          0          0          0          0         68   ffixi.o
        40          0          0          0          0         68   ffixui.o
        18          0          0          0          0         68   fflti.o
        10          0          0          0          0         68   ffltui.o
       100          0          0          0          0         76   fmul.o
        60          0          0          0          0         76   frnd.o
        24          0          0          0          0         68   fscalb.o
        94          0          0          0          0         96   fsqrt.o

    ----------------------------------------------------------------------
     12792        780        616          8          0       6676   Library Totals
        12          0          0          0          0          0   (incl. Padding)

    ----------------------------------------------------------------------

      Code (inc. data)   RO Data    RW Data    ZI Data      Debug   Library Name

      7488        662        616          0          0       2736   m_ws.l
      2858        118          0          8          0       1452   mc_w.l
      2434          0          0          0          0       2488   mf_w.l

    ----------------------------------------------------------------------
     12792        780        616          8          0       6676   Library Totals

    ----------------------------------------------------------------------

==============================================================================


      Code (inc. data)   RO Data    RW Data    ZI Data      Debug   

     51492       2730        900        908       4780     456259   Grand Totals
     51492       2730        900         96       4780     456259   ELF Image Totals (compressed)
     51492       2730        900         96          0          0   ROM Totals

==============================================================================

    Total RO  Size (Code + RO Data)                52392 (  51.16kB)
    Total RW  Size (RW Data + ZI Data)              5688 (   5.55kB)
    Total ROM Size (Code + RO Data + RW Data)      52488 (  51.26kB)

==============================================================================

